Component: ARM Compiler 5.06 update 7 (build 960) Tool: armlink [4d3601]

==============================================================================

Section Cross References

    startup_stm32f407xx.o(RESET) refers to startup_stm32f407xx.o(STACK) for __initial_sp
    startup_stm32f407xx.o(RESET) refers to startup_stm32f407xx.o(.text) for Reset_Handler
    startup_stm32f407xx.o(RESET) refers to stm32f4xx_it.o(i.NMI_Handler) for NMI_Handler
    startup_stm32f407xx.o(RESET) refers to stm32f4xx_it.o(i.HardFault_Handler) for HardFault_Handler
    startup_stm32f407xx.o(RESET) refers to stm32f4xx_it.o(i.MemManage_Handler) for MemManage_Handler
    startup_stm32f407xx.o(RESET) refers to stm32f4xx_it.o(i.BusFault_Handler) for BusFault_Handler
    startup_stm32f407xx.o(RESET) refers to stm32f4xx_it.o(i.UsageFault_Handler) for UsageFault_Handler
    startup_stm32f407xx.o(RESET) refers to port.o(.emb_text) for SVC_Handler
    startup_stm32f407xx.o(RESET) refers to stm32f4xx_it.o(i.DebugMon_Handler) for DebugMon_Handler
    startup_stm32f407xx.o(RESET) refers to cmsis_os2.o(i.SysTick_Handler) for SysTick_Handler
    startup_stm32f407xx.o(RESET) refers to stm32f4xx_it.o(i.USART1_IRQHandler) for USART1_IRQHandler
    startup_stm32f407xx.o(RESET) refers to stm32f4xx_it.o(i.USART3_IRQHandler) for USART3_IRQHandler
    startup_stm32f407xx.o(RESET) refers to stm32f4xx_it.o(i.SDIO_IRQHandler) for SDIO_IRQHandler
    startup_stm32f407xx.o(RESET) refers to stm32f4xx_it.o(i.TIM7_IRQHandler) for TIM7_IRQHandler
    startup_stm32f407xx.o(RESET) refers to stm32f4xx_it.o(i.DMA2_Stream3_IRQHandler) for DMA2_Stream3_IRQHandler
    startup_stm32f407xx.o(RESET) refers to stm32f4xx_it.o(i.DMA2_Stream6_IRQHandler) for DMA2_Stream6_IRQHandler
    startup_stm32f407xx.o(.text) refers to system_stm32f4xx.o(i.SystemInit) for SystemInit
    startup_stm32f407xx.o(.text) refers to entry.o(.ARM.Collect$$$$00000000) for __main
    cmd.o(i.CMDTask) refers to memcpya.o(.text) for __aeabi_memcpy4
    cmd.o(i.CMDTask) refers to stm32f4xx_hal_uart.o(i.HAL_UART_Receive_IT) for HAL_UART_Receive_IT
    cmd.o(i.CMDTask) refers to cmsis_os2.o(i.osMessageQueueGet) for osMessageQueueGet
    cmd.o(i.CMDTask) refers to cjson.o(i.cJSON_ParseWithLength) for cJSON_ParseWithLength
    cmd.o(i.CMDTask) refers to cjson.o(i.cJSON_GetObjectItem) for cJSON_GetObjectItem
    cmd.o(i.CMDTask) refers to cjson.o(i.cJSON_GetStringValue) for cJSON_GetStringValue
    cmd.o(i.CMDTask) refers to strcmp.o(.text) for strcmp
    cmd.o(i.CMDTask) refers to cmsis_os2.o(i.osMutexAcquire) for osMutexAcquire
    cmd.o(i.CMDTask) refers to printfa.o(i.__0printf) for __2printf
    cmd.o(i.CMDTask) refers to cmsis_os2.o(i.osMutexRelease) for osMutexRelease
    cmd.o(i.CMDTask) refers to cjson.o(i.cJSON_Delete) for cJSON_Delete
    cmd.o(i.CMDTask) refers to cmd.o(.constdata) for .constdata
    cmd.o(i.CMDTask) refers to usart.o(.data) for aRxBuffer
    cmd.o(i.CMDTask) refers to usart.o(.bss) for huart3
    cmd.o(i.CMDTask) refers to freertos.o(.data) for rxQueueHandle
    cmd.o(i.CMDTask) refers to cmd.o(.bss) for .bss
    cmd.o(i.readADC) refers to adc.o(i.read_adc) for read_adc
    cmd.o(i.readADC) refers to cmsis_os2.o(i.osMutexAcquire) for osMutexAcquire
    cmd.o(i.readADC) refers to printfa.o(i.__0printf) for __2printf
    cmd.o(i.readADC) refers to f2d.o(.text) for __aeabi_f2d
    cmd.o(i.readADC) refers to cmsis_os2.o(i.osMutexRelease) for osMutexRelease
    cmd.o(i.readADC) refers to freertos.o(.data) for printMutexHandle
    cmd.o(i.reboot) refers to cmsis_os2.o(i.osMutexAcquire) for osMutexAcquire
    cmd.o(i.reboot) refers to printfa.o(i.__0printf) for __2printf
    cmd.o(i.reboot) refers to cmsis_os2.o(i.osMutexRelease) for osMutexRelease
    cmd.o(i.reboot) refers to cmsis_os2.o(i.osDelay) for osDelay
    cmd.o(i.reboot) refers to stm32f4xx_hal_cortex.o(i.HAL_NVIC_SystemReset) for HAL_NVIC_SystemReset
    cmd.o(i.reboot) refers to freertos.o(.data) for printMutexHandle
    cmd.o(i.record) refers to cjson.o(i.cJSON_GetObjectItem) for cJSON_GetObjectItem
    cmd.o(i.record) refers to cjson.o(i.cJSON_IsString) for cJSON_IsString
    cmd.o(i.record) refers to cjson.o(i.cJSON_GetStringValue) for cJSON_GetStringValue
    cmd.o(i.record) refers to strcmp.o(.text) for strcmp
    cmd.o(i.record) refers to cmsis_os2.o(i.osThreadTerminate) for osThreadTerminate
    cmd.o(i.record) refers to cjson.o(i.cJSON_IsNumber) for cJSON_IsNumber
    cmd.o(i.record) refers to cjson.o(i.cJSON_GetNumberValue) for cJSON_GetNumberValue
    cmd.o(i.record) refers to dfixui.o(.text) for __aeabi_d2uiz
    cmd.o(i.record) refers to cmsis_os2.o(i.osThreadNew) for osThreadNew
    cmd.o(i.record) refers to freertos.o(.data) for recordTaskHandle
    cmd.o(i.record) refers to recordtask.o(.data) for period1
    cmd.o(i.record) refers to freertos.o(.constdata) for recordTask_attributes
    cmd.o(i.record) refers to recordtask.o(i.RecordTask) for RecordTask
[...]
    MX_FREERTOS_Init                         0x08003d09   Thumb Code    86  freertos.o(i.MX_FREERTOS_Init)
    MX_GPIO_Init                             0x08003d75   Thumb Code   168  gpio.o(i.MX_GPIO_Init)
    MX_RTC_Init                              0x08003e29   Thumb Code   190  rtc.o(i.MX_RTC_Init)
    MX_SDIO_SD_Init                          0x08003ef5   Thumb Code    58  sdio.o(i.MX_SDIO_SD_Init)
    MX_USART1_UART_Init                      0x08003f39   Thumb Code    48  usart.o(i.MX_USART1_UART_Init)
    MX_USART3_UART_Init                      0x08003f71   Thumb Code    48  usart.o(i.MX_USART3_UART_Init)
    MemManage_Handler                        0x08003fa9   Thumb Code     2  stm32f4xx_it.o(i.MemManage_Handler)
    NMI_Handler                              0x08003fab   Thumb Code     2  stm32f4xx_it.o(i.NMI_Handler)
    RTC_Bcd2ToByte                           0x08003fad   Thumb Code    18  stm32f4xx_hal_rtc.o(i.RTC_Bcd2ToByte)
    RTC_ByteToBcd2                           0x08003fbf   Thumb Code    22  stm32f4xx_hal_rtc.o(i.RTC_ByteToBcd2)
    RTC_EnterInitMode                        0x08003fd5   Thumb Code    72  stm32f4xx_hal_rtc.o(i.RTC_EnterInitMode)
    RTC_ExitInitMode                         0x0800401d   Thumb Code    42  stm32f4xx_hal_rtc.o(i.RTC_ExitInitMode)
    RecordTask                               0x08004049   Thumb Code   168  recordtask.o(i.RecordTask)
    SDIO_ConfigData                          0x08004151   Thumb Code    36  stm32f4xx_ll_sdmmc.o(i.SDIO_ConfigData)
    SDIO_GetPowerState                       0x08004175   Thumb Code     8  stm32f4xx_ll_sdmmc.o(i.SDIO_GetPowerState)
    SDIO_GetResponse                         0x0800417d   Thumb Code     6  stm32f4xx_ll_sdmmc.o(i.SDIO_GetResponse)
    SDIO_IRQHandler                          0x08004185   Thumb Code     6  stm32f4xx_it.o(i.SDIO_IRQHandler)
    SDIO_Init                                0x08004191   Thumb Code    36  stm32f4xx_ll_sdmmc.o(i.SDIO_Init)
    SDIO_PowerState_ON                       0x080041b5   Thumb Code     8  stm32f4xx_ll_sdmmc.o(i.SDIO_PowerState_ON)
    SDIO_ReadFIFO                            0x080041bd   Thumb Code     6  stm32f4xx_ll_sdmmc.o(i.SDIO_ReadFIFO)
    SDIO_SendCommand                         0x080041c3   Thumb Code    32  stm32f4xx_ll_sdmmc.o(i.SDIO_SendCommand)
    SDIO_WriteFIFO                           0x080041e3   Thumb Code    10  stm32f4xx_ll_sdmmc.o(i.SDIO_WriteFIFO)
    SDMMC_CmdAppCommand                      0x080041ed   Thumb Code    50  stm32f4xx_ll_sdmmc.o(i.SDMMC_CmdAppCommand)
    SDMMC_CmdAppOperCommand                  0x08004221   Thumb Code    48  stm32f4xx_ll_sdmmc.o(i.SDMMC_CmdAppOperCommand)
    SDMMC_CmdBlockLength                     0x08004255   Thumb Code    50  stm32f4xx_ll_sdmmc.o(i.SDMMC_CmdBlockLength)
    SDMMC_CmdBusWidth                        0x08004287   Thumb Code    50  stm32f4xx_ll_sdmmc.o(i.SDMMC_CmdBusWidth)
    SDMMC_CmdGoIdleState                     0x080042b9   Thumb Code    74  stm32f4xx_ll_sdmmc.o(i.SDMMC_CmdGoIdleState)
    SDMMC_CmdOperCond                        0x08004309   Thumb Code    48  stm32f4xx_ll_sdmmc.o(i.SDMMC_CmdOperCond)
    SDMMC_CmdReadMultiBlock                  0x08004339   Thumb Code    50  stm32f4xx_ll_sdmmc.o(i.SDMMC_CmdReadMultiBlock)
    SDMMC_CmdReadSingleBlock                 0x0800436b   Thumb Code    50  stm32f4xx_ll_sdmmc.o(i.SDMMC_CmdReadSingleBlock)
    SDMMC_CmdSelDesel                        0x0800439d   Thumb Code    50  stm32f4xx_ll_sdmmc.o(i.SDMMC_CmdSelDesel)
    SDMMC_CmdSendCID                         0x080043cf   Thumb Code    44  stm32f4xx_ll_sdmmc.o(i.SDMMC_CmdSendCID)
    SDMMC_CmdSendCSD                         0x080043fb   Thumb Code    44  stm32f4xx_ll_sdmmc.o(i.SDMMC_CmdSendCSD)
    SDMMC_CmdSendSCR                         0x08004427   Thumb Code    48  stm32f4xx_ll_sdmmc.o(i.SDMMC_CmdSendSCR)
    SDMMC_CmdSendStatus                      0x08004457   Thumb Code    50  stm32f4xx_ll_sdmmc.o(i.SDMMC_CmdSendStatus)
    SDMMC_CmdSetRelAdd                       0x08004489   Thumb Code    48  stm32f4xx_ll_sdmmc.o(i.SDMMC_CmdSetRelAdd)
    SDMMC_CmdStopTransfer                    0x080044b9   Thumb Code    46  stm32f4xx_ll_sdmmc.o(i.SDMMC_CmdStopTransfer)
    SDMMC_CmdWriteMultiBlock                 0x080044ed   Thumb Code    50  stm32f4xx_ll_sdmmc.o(i.SDMMC_CmdWriteMultiBlock)
    SDMMC_CmdWriteSingleBlock                0x0800451f   Thumb Code    50  stm32f4xx_ll_sdmmc.o(i.SDMMC_CmdWriteSingleBlock)
    SDMMC_GetCmdResp1                        0x08004551   Thumb Code   278  stm32f4xx_ll_sdmmc.o(i.SDMMC_GetCmdResp1)
    SDMMC_GetCmdResp2                        0x08004671   Thumb Code    76  stm32f4xx_ll_sdmmc.o(i.SDMMC_GetCmdResp2)
    SDMMC_GetCmdResp3                        0x080046c1   Thumb Code    62  stm32f4xx_ll_sdmmc.o(i.SDMMC_GetCmdResp3)
    SDMMC_GetCmdResp6                        0x08004705   Thumb Code   130  stm32f4xx_ll_sdmmc.o(i.SDMMC_GetCmdResp6)
    SDMMC_GetCmdResp7                        0x0800478d   Thumb Code    82  stm32f4xx_ll_sdmmc.o(i.SDMMC_GetCmdResp7)
    SDTask                                   0x080047e5   Thumb Code   120  sdtask.o(i.SDTask)
    SD_initialize                            0x08004c85   Thumb Code    68  sd_diskio.o(i.SD_initialize)
    SD_ioctl                                 0x08004ccd   Thumb Code    76  sd_diskio.o(i.SD_ioctl)
    SD_read                                  0x08004d1d   Thumb Code    98  sd_diskio.o(i.SD_read)
    SD_status                                0x08004d85   Thumb Code     4  sd_diskio.o(i.SD_status)
    SD_write                                 0x08004d89   Thumb Code    98  sd_diskio.o(i.SD_write)
    StartDefaultTask                         0x08004df1   Thumb Code    22  freertos.o(i.StartDefaultTask)
    SysTick_Handler                          0x08004e0d   Thumb Code    26  cmsis_os2.o(i.SysTick_Handler)
    SystemClock_Config                       0x08004e29   Thumb Code   138  main.o(i.SystemClock_Config)
    SystemInit                               0x08004ebd   Thumb Code    12  system_stm32f4xx.o(i.SystemInit)
    TIM7_IRQHandler                          0x08004ecd   Thumb Code     6  stm32f4xx_it.o(i.TIM7_IRQHandler)
    TIM_Base_SetConfig                       0x08004ed9   Thumb Code   170  stm32f4xx_hal_tim.o(i.TIM_Base_SetConfig)
    UART_Start_Receive_IT                    0x080051dd   Thumb Code    54  stm32f4xx_hal_uart.o(i.UART_Start_Receive_IT)
    UISet_Date                               0x08005285   Thumb Code    24  rtc.o(i.UISet_Date)
    UISet_Time                               0x080052a5   Thumb Code    32  rtc.o(i.UISet_Time)
    USART1_IRQHandler                        0x080052c9   Thumb Code     6  stm32f4xx_it.o(i.USART1_IRQHandler)
    USART3_IRQHandler                        0x080052d5   Thumb Code     6  stm32f4xx_it.o(i.USART3_IRQHandler)
    UsageFault_Handler                       0x080052e1   Thumb Code     2  stm32f4xx_it.o(i.UsageFault_Handler)
    __0printf                                0x080052e5   Thumb Code    22  printfa.o(i.__0printf)
    __1printf                                0x080052e5   Thumb Code     0  printfa.o(i.__0printf)
    __2printf                                0x080052e5   Thumb Code     0  printfa.o(i.__0printf)
    __c89printf                              0x080052e5   Thumb Code     0  printfa.o(i.__0printf)
    printf                                   0x080052e5   Thumb Code     0  printfa.o(i.__0printf)
    __0snprintf                              0x08005305   Thumb Code    48  printfa.o(i.__0snprintf)
    __1snprintf                              0x08005305   Thumb Code     0  printfa.o(i.__0snprintf)
    __2snprintf                              0x08005305   Thumb Code     0  printfa.o(i.__0snprintf)
    __c89snprintf                            0x08005305   Thumb Code     0  printfa.o(i.__0snprintf)
    snprintf                                 0x08005305   Thumb Code     0  printfa.o(i.__0snprintf)
    __0sprintf                               0x08005339   Thumb Code    34  printfa.o(i.__0sprintf)
    __1sprintf                               0x08005339   Thumb Code     0  printfa.o(i.__0sprintf)
    __2sprintf                               0x08005339   Thumb Code     0  printfa.o(i.__0sprintf)
    __c89sprintf                             0x08005339   Thumb Code     0  printfa.o(i.__0sprintf)
    sprintf                                  0x08005339   Thumb Code     0  printfa.o(i.__0sprintf)
    free                                     0x08005381   Thumb Code    88  mallocr.o(i.__free$realloc)
    __hardfp_fabs                            0x080053dd   Thumb Code    20  fabs.o(i.__hardfp_fabs)
    __hardfp_strtod                          0x080053f1   Thumb Code    30  strtod.o(i.__hardfp_strtod)
    malloc                                   0x08005419   Thumb Code    64  mallocr.o(i.__malloc$realloc)
    __scatterload_copy                       0x08005469   Thumb Code    14  handlers.o(i.__scatterload_copy)
    __scatterload_null                       0x08005477   Thumb Code     2  handlers.o(i.__scatterload_null)
    __scatterload_zeroinit                   0x08005479   Thumb Code    14  handlers.o(i.__scatterload_zeroinit)
    _is_digit                                0x0800560d   Thumb Code    14  scanf_fp.o(i._is_digit)
    cJSON_AddNumberToObject                  0x08005df9   Thumb Code    42  cjson.o(i.cJSON_AddNumberToObject)
    cJSON_AddStringToObject                  0x08005e29   Thumb Code    44  cjson.o(i.cJSON_AddStringToObject)
    cJSON_CreateNumber                       0x08005e59   Thumb Code    98  cjson.o(i.cJSON_CreateNumber)
    cJSON_CreateObject                       0x08005ed1   Thumb Code    18  cjson.o(i.cJSON_CreateObject)
    cJSON_CreateString                       0x08005ee9   Thumb Code    44  cjson.o(i.cJSON_CreateString)
    cJSON_Delete                             0x08005f19   Thumb Code    66  cjson.o(i.cJSON_Delete)
    cJSON_GetNumberValue                     0x08005f61   Thumb Code    22  cjson.o(i.cJSON_GetNumberValue)
    cJSON_GetObjectItem                      0x08005f81   Thumb Code     6  cjson.o(i.cJSON_GetObjectItem)
    cJSON_GetStringValue                     0x08005f87   Thumb Code    16  cjson.o(i.cJSON_GetStringValue)
    cJSON_IsNumber                           0x08005f97   Thumb Code    18  cjson.o(i.cJSON_IsNumber)
    cJSON_IsString                           0x08005fa9   Thumb Code    18  cjson.o(i.cJSON_IsString)
    cJSON_ParseWithLength                    0x08005fd1   Thumb Code     8  cjson.o(i.cJSON_ParseWithLength)
    cJSON_ParseWithLengthOpts                0x08005fd9   Thumb Code   210  cjson.o(i.cJSON_ParseWithLengthOpts)
    cJSON_Print                              0x080060b5   Thumb Code     8  cjson.o(i.cJSON_Print)
    delete_all_files                         0x08006675   Thumb Code   146  sdtask.o(i.delete_all_files)
    disk_initialize                          0x08006c85   Thumb Code    38  diskio.o(i.disk_initialize)
    disk_ioctl                               0x08006cb1   Thumb Code    24  diskio.o(i.disk_ioctl)
    disk_read                                0x08006ccd   Thumb Code    24  diskio.o(i.disk_read)
    disk_status                              0x08006ce9   Thumb Code    18  diskio.o(i.disk_status)
    disk_write                               0x08006d01   Thumb Code    24  diskio.o(i.disk_write)
    eTaskGetState                            0x08006d1d   Thumb Code   106  tasks.o(i.eTaskGetState)
    f_close                                  0x08006e1b   Thumb Code    48  ff.o(i.f_close)
    f_closedir                               0x08006e4b   Thumb Code    42  ff.o(i.f_closedir)
    f_gets                                   0x08006e75   Thumb Code    68  ff.o(i.f_gets)
    f_mount                                  0x08006eb9   Thumb Code   118  ff.o(i.f_mount)
    f_open                                   0x08006f35   Thumb Code   536  ff.o(i.f_open)
    f_opendir                                0x08007151   Thumb Code   148  ff.o(i.f_opendir)
    f_read                                   0x080071e5   Thumb Code   380  ff.o(i.f_read)
    f_readdir                                0x08007361   Thumb Code    98  ff.o(i.f_readdir)
    f_sync                                   0x080073c3   Thumb Code   162  ff.o(i.f_sync)
    f_unlink                                 0x08007465   Thumb Code   180  ff.o(i.f_unlink)
    f_write                                  0x08007519   Thumb Code   438  ff.o(i.f_write)
    ff_convert                               0x080076d1   Thumb Code    68  cc936.o(i.ff_convert)
    ff_cre_syncobj                           0x0800771d   Thumb Code    24  syscall.o(i.ff_cre_syncobj)
    ff_del_syncobj                           0x08007735   Thumb Code    10  syscall.o(i.ff_del_syncobj)
    ff_rel_grant                             0x0800773f   Thumb Code     4  syscall.o(i.ff_rel_grant)
    ff_req_grant                             0x08007743   Thumb Code    20  syscall.o(i.ff_req_grant)
    ff_wtoupper                              0x08007759   Thumb Code   120  cc936.o(i.ff_wtoupper)
    fputc                                    0x08007aad   Thumb Code    20  usart.o(i.fputc)
    get_fattime                              0x08007c0f   Thumb Code     4  fatfs.o(i.get_fattime)
    list_dir                                 0x08007ed5   Thumb Code   146  sdtask.o(i.list_dir)
    main                                     0x08007fc9   Thumb Code    54  main.o(i.main)
    osDelay                                  0x08008051   Thumb Code    26  cmsis_os2.o(i.osDelay)
    osKernelGetState                         0x0800806d   Thumb Code    28  cmsis_os2.o(i.osKernelGetState)
    osKernelGetTickCount                     0x0800808d   Thumb Code    14  cmsis_os2.o(i.osKernelGetTickCount)
    osKernelInitialize                       0x0800809d   Thumb Code    32  cmsis_os2.o(i.osKernelInitialize)
    osKernelStart                            0x080080c1   Thumb Code    48  cmsis_os2.o(i.osKernelStart)
    osMessageQueueGet                        0x080080f9   Thumb Code    96  cmsis_os2.o(i.osMessageQueueGet)
    osMessageQueueNew                        0x0800815d   Thumb Code    88  cmsis_os2.o(i.osMessageQueueNew)
    osMessageQueuePut                        0x080081b5   Thumb Code   100  cmsis_os2.o(i.osMessageQueuePut)
    osMutexAcquire                           0x0800821d   Thumb Code    82  cmsis_os2.o(i.osMutexAcquire)
    osMutexNew                               0x0800826f   Thumb Code   104  cmsis_os2.o(i.osMutexNew)
    osMutexRelease                           0x080082d7   Thumb Code    66  cmsis_os2.o(i.osMutexRelease)
    osSemaphoreAcquire                       0x08008319   Thumb Code    88  cmsis_os2.o(i.osSemaphoreAcquire)
    osSemaphoreDelete                        0x08008375   Thumb Code    42  cmsis_os2.o(i.osSemaphoreDelete)
    osSemaphoreNew                           0x0800839f   Thumb Code   152  cmsis_os2.o(i.osSemaphoreNew)
    osSemaphoreRelease                       0x08008439   Thumb Code    82  cmsis_os2.o(i.osSemaphoreRelease)
    osThreadNew                              0x08008491   Thumb Code   138  cmsis_os2.o(i.osThreadNew)
    osThreadTerminate                        0x0800851b   Thumb Code    52  cmsis_os2.o(i.osThreadTerminate)
    pvPortMalloc                             0x080098fd   Thumb Code   216  heap_4.o(i.pvPortMalloc)
    pvTaskIncrementMutexHeldCount            0x080099d9   Thumb Code    18  tasks.o(i.pvTaskIncrementMutexHeldCount)
    pxPortInitialiseStack                    0x080099f1   Thumb Code    40  port.o(i.pxPortInitialiseStack)
    readADC                                  0x08009a1d   Thumb Code    84  cmd.o(i.readADC)
    read_adc                                 0x08009ab1   Thumb Code    40  adc.o(i.read_adc)
    read_data                                0x08009add   Thumb Code    80  sdtask.o(i.read_data)
    realloc                                  0x08009b35   Thumb Code   102  mallocr.o(i.realloc)
    reboot                                   0x08009ba1   Thumb Code    46  cmd.o(i.reboot)
    record                                   0x08009be1   Thumb Code   208  cmd.o(i.record)
    save_data                                0x08009d65   Thumb Code    82  sdtask.o(i.save_data)
    sdCMD                                    0x08009ddd   Thumb Code   246  cmd.o(i.sdCMD)
    sum                                      0x08009f65   Thumb Code   190  cmd.o(i.sum)
    switch12V                                0x0800a065   Thumb Code   112  cmd.o(i.switch12V)
    timeRTC                                  0x0800a1d9   Thumb Code   216  cmd.o(i.timeRTC)
    uxListRemove                             0x0800a3fb   Thumb Code    38  list.o(i.uxListRemove)
    vApplicationGetIdleTaskMemory            0x0800a421   Thumb Code    16  cmsis_os2.o(i.vApplicationGetIdleTaskMemory)
    vApplicationGetTimerTaskMemory           0x0800a435   Thumb Code    18  cmsis_os2.o(i.vApplicationGetTimerTaskMemory)
    vListInitialise                          0x0800a44d   Thumb Code    22  list.o(i.vListInitialise)
    vListInitialiseItem                      0x0800a463   Thumb Code     6  list.o(i.vListInitialiseItem)
    vListInsert                              0x0800a469   Thumb Code    48  list.o(i.vListInsert)
    vListInsertEnd                           0x0800a499   Thumb Code    24  list.o(i.vListInsertEnd)
    vPortEnterCritical                       0x0800a4b1   Thumb Code    54  port.o(i.vPortEnterCritical)
    vPortExitCritical                        0x0800a4f1   Thumb Code    34  port.o(i.vPortExitCritical)
    vPortFree                                0x0800a519   Thumb Code    94  heap_4.o(i.vPortFree)
    vPortSetupTimerInterrupt                 0x0800a57d   Thumb Code    32  port.o(i.vPortSetupTimerInterrupt)
    vPortValidateInterruptPriority           0x0800a5a1   Thumb Code    74  port.o(i.vPortValidateInterruptPriority)
    vQueueAddToRegistry                      0x0800a5f5   Thumb Code    34  queue.o(i.vQueueAddToRegistry)
    vQueueDelete                             0x0800a61d   Thumb Code    46  queue.o(i.vQueueDelete)
    vQueueUnregisterQueue                    0x0800a64d   Thumb Code    36  queue.o(i.vQueueUnregisterQueue)
    vQueueWaitForMessageRestricted           0x0800a675   Thumb Code    68  queue.o(i.vQueueWaitForMessageRestricted)
    vTaskDelay                               0x0800a6b9   Thumb Code    66  tasks.o(i.vTaskDelay)
    vTaskDelete                              0x0800a705   Thumb Code   130  tasks.o(i.vTaskDelete)
    vTaskInternalSetTimeOutState             0x0800a795   Thumb Code    12  tasks.o(i.vTaskInternalSetTimeOutState)
    vTaskMissedYield                         0x0800a7a5   Thumb Code     8  tasks.o(i.vTaskMissedYield)
    vTaskPlaceOnEventList                    0x0800a7b1   Thumb Code    44  tasks.o(i.vTaskPlaceOnEventList)
    vTaskPlaceOnEventListRestricted          0x0800a7e1   Thumb Code    52  tasks.o(i.vTaskPlaceOnEventListRestricted)
    vTaskPriorityDisinheritAfterTimeout      0x0800a819   Thumb Code   134  tasks.o(i.vTaskPriorityDisinheritAfterTimeout)
    vTaskStartScheduler                      0x0800a8a9   Thumb Code   118  tasks.o(i.vTaskStartScheduler)
    vTaskSuspendAll                          0x0800a931   Thumb Code    10  tasks.o(i.vTaskSuspendAll)
    vTaskSwitchContext                       0x0800a941   Thumb Code    90  tasks.o(i.vTaskSwitchContext)
    xPortStartScheduler                      0x0800a9ed   Thumb Code   222  port.o(i.xPortStartScheduler)
    xPortSysTickHandler                      0x0800aae1   Thumb Code    38  port.o(i.xPortSysTickHandler)
    xQueueCreateCountingSemaphore            0x0800ab0d   Thumb Code    58  queue.o(i.xQueueCreateCountingSemaphore)
    xQueueCreateCountingSemaphoreStatic      0x0800ab47   Thumb Code    64  queue.o(i.xQueueCreateCountingSemaphoreStatic)
    xQueueCreateMutex                        0x0800ab87   Thumb Code    22  queue.o(i.xQueueCreateMutex)
    xQueueCreateMutexStatic                  0x0800ab9d   Thumb Code    26  queue.o(i.xQueueCreateMutexStatic)
    xQueueGenericCreate                      0x0800abb7   Thumb Code    66  queue.o(i.xQueueGenericCreate)
    xQueueGenericCreateStatic                0x0800abf9   Thumb Code   102  queue.o(i.xQueueGenericCreateStatic)
    xQueueGenericReset                       0x0800ac61   Thumb Code   132  queue.o(i.xQueueGenericReset)
    xQueueGenericSend                        0x0800ace9   Thumb Code   346  queue.o(i.xQueueGenericSend)
    xQueueGenericSendFromISR                 0x0800ae49   Thumb Code   190  queue.o(i.xQueueGenericSendFromISR)
    xQueueGiveFromISR                        0x0800af07   Thumb Code   156  queue.o(i.xQueueGiveFromISR)
    xQueueGiveMutexRecursive                 0x0800afa3   Thumb Code    62  queue.o(i.xQueueGiveMutexRecursive)
    xQueueReceive                            0x0800afe1   Thumb Code   308  queue.o(i.xQueueReceive)
    xQueueReceiveFromISR                     0x0800b119   Thumb Code   154  queue.o(i.xQueueReceiveFromISR)
    xQueueSemaphoreTake                      0x0800b1b5   Thumb Code   372  queue.o(i.xQueueSemaphoreTake)
    xQueueTakeMutexRecursive                 0x0800b32d   Thumb Code    64  queue.o(i.xQueueTakeMutexRecursive)
    xTaskCheckForTimeOut                     0x0800b36d   Thumb Code   112  tasks.o(i.xTaskCheckForTimeOut)
    xTaskCreate                              0x0800b3e1   Thumb Code    90  tasks.o(i.xTaskCreate)
    xTaskCreateStatic                        0x0800b43b   Thumb Code    86  tasks.o(i.xTaskCreateStatic)
    xTaskGetCurrentTaskHandle                0x0800b491   Thumb Code     6  tasks.o(i.xTaskGetCurrentTaskHandle)
    xTaskGetSchedulerState                   0x0800b49d   Thumb Code    22  tasks.o(i.xTaskGetSchedulerState)
    xTaskGetTickCount                        0x0800b4b9   Thumb Code     6  tasks.o(i.xTaskGetTickCount)
    xTaskGetTickCountFromISR                 0x0800b4c5   Thumb Code    12  tasks.o(i.xTaskGetTickCountFromISR)
    xTaskIncrementTick                       0x0800b4d5   Thumb Code   192  tasks.o(i.xTaskIncrementTick)
    xTaskPriorityDisinherit                  0x0800b59d   Thumb Code   118  tasks.o(i.xTaskPriorityDisinherit)
    xTaskPriorityInherit                     0x0800b61d   Thumb Code   112  tasks.o(i.xTaskPriorityInherit)
    xTaskRemoveFromEventList                 0x0800b695   Thumb Code    98  tasks.o(i.xTaskRemoveFromEventList)
    xTaskResumeAll                           0x0800b705   Thumb Code   182  tasks.o(i.xTaskResumeAll)
    xTimerCreateTimerTask                    0x0800b7c9   Thumb Code    78  timers.o(i.xTimerCreateTimerTask)
    xTimerGenericCommand                     0x0800b829   Thumb Code    98  timers.o(i.xTimerGenericCommand)
    defaultTask_attributes                   0x0800b8c8   Data          36  freertos.o(.constdata)
    cmdTask_attributes                       0x0800b8ec   Data          36  freertos.o(.constdata)
    sdTask_attributes                        0x0800b910   Data          36  freertos.o(.constdata)
    rxQueue_attributes                       0x0800b934   Data          24  freertos.o(.constdata)
    sdCmdQueue_attributes                    0x0800b94c   Data          24  freertos.o(.constdata)
    printMutex_attributes                    0x0800b964   Data          16  freertos.o(.constdata)
    recordTask_attributes                    0x0800b974   Data          36  freertos.o(.constdata)
    SD_Driver                                0x0800b998   Data          20  sd_diskio.o(.constdata)
    AHBPrescTable                            0x0800b9b4   Data          16  system_stm32f4xx.o(.constdata)
    APBPrescTable                            0x0800b9c4   Data           8  system_stm32f4xx.o(.constdata)
    __ctype_categories                       0x080365ac   Data          64  ctype_c.o(.constdata)
    Region$$Table$$Base                      0x08036668   Number         0  anon$$obj.o(Region$$Table)
    Region$$Table$$Limit                     0x08036688   Number         0  anon$$obj.o(Region$$Table)
    defaultTaskHandle                        0x20000014   Data           4  freertos.o(.data)
    cmdTaskHandle                            0x20000018   Data           4  freertos.o(.data)
    sdTaskHandle                             0x2000001c   Data           4  freertos.o(.data)
    rxQueueHandle                            0x20000020   Data           4  freertos.o(.data)
    sdCmdQueueHandle                         0x20000024   Data           4  freertos.o(.data)
    printMutexHandle                         0x20000028   Data           4  freertos.o(.data)
    recordTaskHandle                         0x2000002c   Data           4  freertos.o(.data)
    RTC_DateStruct                           0x20000030   Data           4  rtc.o(.data)
    aRxBuffer                                0x20000034   Data           1  usart.o(.data)
    period1                                  0x20000038   Data           4  recordtask.o(.data)
    period2                                  0x2000003c   Data           4  recordtask.o(.data)
    quantity                                 0x20000040   Data           4  recordtask.o(.data)
    retSD                                    0x2000004c   Data           1  fatfs.o(.data)
    SDPath                                   0x2000004d   Data           4  fatfs.o(.data)
    uwTickFreq                               0x20000054   Data           1  stm32f4xx_hal.o(.data)
    uwTickPrio                               0x20000058   Data           4  stm32f4xx_hal.o(.data)
    uwTick                                   0x2000005c   Data           4  stm32f4xx_hal.o(.data)
    SystemCoreClock                          0x20000060   Data           4  system_stm32f4xx.o(.data)
    pxCurrentTCB                             0x2000006c   Data           4  tasks.o(.data)
    __stdout                                 0x200000ec   Data           4  stdout.o(.data)
    __microlib_freelist                      0x200000f0   Data           4  mvars.o(.data)
    __microlib_freelist_initialised          0x200000f4   Data           4  mvars.o(.data)
    receiveRxFromQueneForCmd                 0x200000f8   Data         258  cmd.o(.bss)
    WriteBuffer                              0x200001fc   Data         100  sdtask.o(.bss)
    read_path                                0x20000260   Data          64  sdtask.o(.bss)
    delete_path                              0x200002a0   Data          64  sdtask.o(.bss)
    fs                                       0x200002e0   Data         568  sdtask.o(.bss)
    hadc1                                    0x20000518   Data          72  adc.o(.bss)
    RTC_TimeStruct                           0x20000560   Data          20  rtc.o(.bss)
    hrtc                                     0x20000574   Data          32  rtc.o(.bss)
    hsd                                      0x20000594   Data         132  sdio.o(.bss)
    hdma_sdio_rx                             0x20000618   Data          96  sdio.o(.bss)
    hdma_sdio_tx                             0x20000678   Data          96  sdio.o(.bss)
    rxS                                      0x200006d8   Data         258  usart.o(.bss)
    huart1                                   0x200007dc   Data          72  usart.o(.bss)
    huart3                                   0x20000824   Data          72  usart.o(.bss)
    htim7                                    0x2000086c   Data          72  stm32f4xx_hal_timebase_tim.o(.bss)
    disk                                     0x200008d4   Data          12  ff_gen_drv.o(.bss)
    xQueueRegistry                           0x200008e0   Data          64  queue.o(.bss)
    __heap_base                              0x200051b8   Data           0  startup_stm32f407xx.o(HEAP)
    __heap_limit                             0x200091b8   Data           0  startup_stm32f407xx.o(HEAP)
    __initial_sp                             0x2000a1b8   Data           0  startup_stm32f407xx.o(STACK)



==============================================================================

Memory Map of the image

  Image Entry point : 0x08000189

  Load Region LR_IROM1 (Base: 0x08000000, Size: 0x00036780, Max: 0x00080000, ABSOLUTE)

    Execution Region ER_IROM1 (Exec base: 0x08000000, Load base: 0x08000000, Size: 0x00036688, Max: 0x00080000, ABSOLUTE)

    Exec Addr    Load Addr    Size         Type   Attr      Idx    E Section Name        Object

    0x08000000   0x08000000   0x00000188   Data   RO            3    RESET               startup_stm32f407xx.o
    0x08000188   0x08000188   0x00000000   Code   RO         8051  * .ARM.Collect$$$$00000000  mc_w.l(entry.o)
    0x08000188   0x08000188   0x00000004   Code   RO         8389    .ARM.Collect$$$$00000001  mc_w.l(entry2.o)
    0x0800018c   0x0800018c   0x00000004   Code   RO         8392    .ARM.Collect$$$$00000004  mc_w.l(entry5.o)
    0x08000190   0x08000190   0x00000000   Code   RO         8394    .ARM.Collect$$$$00000008  mc_w.l(entry7b.o)
    0x08000190   0x08000190   0x00000000   Code   RO         8396    .ARM.Collect$$$$0000000A  mc_w.l(entry8b.o)
    0x08000190   0x08000190   0x00000008   Code   RO         8397    .ARM.Collect$$$$0000000B  mc_w.l(entry9a.o)
    0x08000198   0x08000198   0x00000004   Code   RO         8404    .ARM.Collect$$$$0000000E  mc_w.l(entry12b.o)
    0x0800019c   0x0800019c   0x00000000   Code   RO         8399    .ARM.Collect$$$$0000000F  mc_w.l(entry10a.o)
    0x0800019c   0x0800019c   0x00000000   Code   RO         8401    .ARM.Collect$$$$00000011  mc_w.l(entry11a.o)
    0x0800019c   0x0800019c   0x00000004   Code   RO         8390    .ARM.Collect$$$$00002712  mc_w.l(entry2.o)
    0x080001a0   0x080001a0   0x000000be   Code   RO         7962    .emb_text           port.o
    0x0800025e   0x0800025e   0x00000002   PAD
    0x08000260   0x08000260   0x00000024   Code   RO            4    .text               startup_stm32f407xx.o
    0x08000284   0x08000284   0x00000062   Code   RO         8054    .text               mc_w.l(uldiv.o)
    0x080002e6   0x080002e6   0x0000000c   Code   RO         8056    .text               mc_w.l(tolower.o)
    0x080002f2   0x080002f2   0x00000024   Code   RO         8058    .text               mc_w.l(memcpya.o)
    0x08000316   0x08000316   0x00000024   Code   RO         8062    .text               mc_w.l(memseta.o)
    0x0800033a   0x0800033a   0x0000000e   Code   RO         8066    .text               mc_w.l(strlen.o)
    0x08000348   0x08000348   0x0000001c   Code   RO         8068    .text               mc_w.l(strcmp.o)
    0x08000364   0x08000364   0x00000012   Code   RO         8070    .text               mc_w.l(strcpy.o)
    0x08000376   0x08000376   0x0000001e   Code   RO         8072    .text               mc_w.l(strncmp.o)
    0x08000394   0x08000394   0x00000038   Code   RO         8367    .text               mc_w.l(__0sscanf.o)
    0x080003cc   0x080003cc   0x00000360   Code   RO         8369    .text               mc_w.l(scanf_fp.o)
    0x0800072c   0x0800072c   0x0000014e   Code   RO         8373    .text               mf_w.l(dadd.o)
    0x0800087a   0x0800087a   0x000000e4   Code   RO         8375    .text               mf_w.l(dmul.o)
    0x0800095e   0x0800095e   0x00000022   Code   RO         8377    .text               mf_w.l(dflti.o)
    0x08000980   0x08000980   0x0000003e   Code   RO         8379    .text               mf_w.l(dfixi.o)
    0x080009be   0x080009be   0x00000032   Code   RO         8381    .text               mf_w.l(dfixui.o)
    0x080009f0   0x080009f0   0x00000026   Code   RO         8383    .text               mf_w.l(f2d.o)
    0x08000a16   0x08000a16   0x00000002   PAD
    0x08000a18   0x08000a18   0x00000030   Code   RO         8385    .text               mf_w.l(cdcmple.o)
    0x08000a48   0x08000a48   0x00000030   Code   RO         8387    .text               mf_w.l(cdrcmple.o)
    0x08000a78   0x08000a78   0x0000002c   Code   RO         8406    .text               mc_w.l(uidiv.o)
    0x08000aa4   0x08000aa4   0x0000001e   Code   RO         8408    .text               mc_w.l(llshl.o)
    0x08000ac2   0x08000ac2   0x00000020   Code   RO         8410    .text               mc_w.l(llushr.o)
    0x08000ae2   0x08000ae2   0x00000024   Code   RO         8412    .text               mc_w.l(llsshr.o)
    0x08000b06   0x08000b06   0x00000002   PAD
    0x08000b08   0x08000b08   0x00000028   Code   RO         8416    .text               mc_w.l(scanf_char.o)
    0x08000b30   0x08000b30   0x00000040   Code   RO         8418    .text               mc_w.l(_sgetc.o)
    0x08000b70   0x08000b70   0x0000009c   Code   RO         8420    .text               mc_w.l(strtod.o)
    0x08000c0c   0x08000c0c   0x00000000   Code   RO         8422    .text               mc_w.l(iusefp.o)
    0x08000c0c   0x08000c0c   0x000000ba   Code   RO         8423    .text               mf_w.l(depilogue.o)
    0x08000cc6   0x08000cc6   0x000000de   Code   RO         8425    .text               mf_w.l(ddiv.o)
    0x08000da4   0x08000da4   0x00000018   Code   RO         8427    .text               mf_w.l(dfltul.o)
    0x08000dbc   0x08000dbc   0x00000030   Code   RO         8429    .text               mf_w.l(dfixul.o)
    0x08000dec   0x08000dec   0x00000038   Code   RO         8431    .text               mf_w.l(d2f.o)
    0x08000e24   0x08000e24   0x00000024   Code   RO         8433    .text               mc_w.l(init.o)
    0x08000e48   0x08000e48   0x0000000a   Code   RO         8435    .text               mc_w.l(isspace_c.o)
    0x08000e52   0x08000e52   0x00000002   PAD
    0x08000e54   0x08000e54   0x00000330   Code   RO         8437    .text               mc_w.l(_scanf.o)
    0x08001184   0x08001184   0x0000006e   Code   RO         8439    .text               mf_w.l(fepilogue.o)
    0x080011f2   0x080011f2   0x00000002   PAD
    0x080011f4   0x080011f4   0x00000028   Code   RO         8441    .text               mc_w.l(ctype_c.o)
    0x0800121c   0x0800121c   0x00000128   Code   RO         2028    i.ADC_Init          stm32f4xx_hal_adc.o
    0x08001344   0x08001344   0x00000018   Code   RO         1963    i.BSP_PlatformIsDetected  fatfs_platform.o
    0x0800135c   0x0800135c   0x00000002   Code   RO         1765    i.BSP_SD_AbortCallback  bsp_driver_sd.o
    0x0800135e   0x0800135e   0x00000002   PAD
    0x08001360   0x08001360   0x0000000c   Code   RO         1768    i.BSP_SD_GetCardInfo  bsp_driver_sd.o
    0x0800136c   0x0800136c   0x00000018   Code   RO         1769    i.BSP_SD_GetCardState  bsp_driver_sd.o
    0x08001384   0x08001384   0x00000030   Code   RO         1771    i.BSP_SD_Init       bsp_driver_sd.o
    0x080013b4   0x080013b4   0x0000001a   Code   RO         1772    i.BSP_SD_IsDetected  bsp_driver_sd.o
    0x080013ce   0x080013ce   0x00000002   PAD
    0x080013d0   0x080013d0   0x0000001c   Code   RO         1774    i.BSP_SD_ReadBlocks_DMA  bsp_driver_sd.o
    0x080013ec   0x080013ec   0x0000001c   Code   RO         1886    i.BSP_SD_ReadCpltCallback  sd_diskio.o
    0x08001408   0x08001408   0x0000001c   Code   RO         1777    i.BSP_SD_WriteBlocks_DMA  bsp_driver_sd.o
    0x08001424   0x08001424   0x0000001c   Code   RO         1887    i.BSP_SD_WriteCpltCallback  sd_diskio.o
    0x08001440   0x08001440   0x00000002   Code   RO         1561    i.BusFault_Handler  stm32f4xx_it.o
    0x08001442   0x08001442   0x00000002   PAD
    0x08001444   0x08001444   0x0000010c   Code   RO           13    i.CMDTask           cmd.o
    0x08001550   0x08001550   0x00000062   Code   RO         1396    i.CharToDec         rtc.o
    0x080015b2   0x080015b2   0x00000002   PAD
    0x080015b4   0x080015b4   0x0000000c   Code   RO         1562    i.DMA2_Stream3_IRQHandler  stm32f4xx_it.o
    0x080015c0   0x080015c0   0x0000000c   Code   RO         1563    i.DMA2_Stream6_IRQHandler  stm32f4xx_it.o
    0x080015cc   0x080015cc   0x00000028   Code   RO         2762    i.DMA_CalcBaseAndBitshift  stm32f4xx_hal_dma.o
    0x080015f4   0x080015f4   0x00000054   Code   RO         2763    i.DMA_CheckFifoParam  stm32f4xx_hal_dma.o
    0x08001648   0x08001648   0x00000028   Code   RO         2764    i.DMA_SetConfig     stm32f4xx_hal_dma.o
    0x08001670   0x08001670   0x00000002   Code   RO         1564    i.DebugMon_Handler  stm32f4xx_it.o
    0x08001672   0x08001672   0x00000004   Code   RO         1202    i.Error_Handler     main.o
    0x08001676   0x08001676   0x00000006   Code   RO         6160    i.FATFS_LinkDriver  ff_gen_drv.o
    0x0800167c   0x0800167c   0x00000040   Code   RO         6161    i.FATFS_LinkDriverEx  ff_gen_drv.o
    0x080016bc   0x080016bc   0x0000014c   Code   RO         2030    i.HAL_ADC_ConfigChannel  stm32f4xx_hal_adc.o
    0x08001808   0x08001808   0x00000004   Code   RO         2036    i.HAL_ADC_GetState  stm32f4xx_hal_adc.o
    0x0800180c   0x0800180c   0x00000006   Code   RO         2037    i.HAL_ADC_GetValue  stm32f4xx_hal_adc.o
    0x08001812   0x08001812   0x00000054   Code   RO         2039    i.HAL_ADC_Init      stm32f4xx_hal_adc.o
    0x08001866   0x08001866   0x00000002   PAD
    0x08001868   0x08001868   0x00000060   Code   RO         1325    i.HAL_ADC_MspInit   adc.o
    0x080018c8   0x080018c8   0x000000aa   Code   RO         2043    i.HAL_ADC_PollForConversion  stm32f4xx_hal_adc.o
    0x08001972   0x08001972   0x00000002   PAD
    0x08001974   0x08001974   0x000000fc   Code   RO         2045    i.HAL_ADC_Start     stm32f4xx_hal_adc.o
    0x08001a70   0x08001a70   0x00000092   Code   RO         2765    i.HAL_DMA_Abort     stm32f4xx_hal_dma.o
    0x08001b02   0x08001b02   0x00000024   Code   RO         2766    i.HAL_DMA_Abort_IT  stm32f4xx_hal_dma.o
    0x08001b26   0x08001b26   0x00000004   Code   RO         2768    i.HAL_DMA_GetError  stm32f4xx_hal_dma.o
    0x08001b2a   0x08001b2a   0x00000002   PAD
    0x08001b2c   0x08001b2c   0x000001a0   Code   RO         2770    i.HAL_DMA_IRQHandler  stm32f4xx_hal_dma.o
    0x08001ccc   0x08001ccc   0x000000d4   Code   RO         2771    i.HAL_DMA_Init      stm32f4xx_hal_dma.o
    0x08001da0   0x08001da0   0x0000006e   Code   RO         2775    i.HAL_DMA_Start_IT  stm32f4xx_hal_dma.o
    0x08001e0e   0x08001e0e   0x00000002   PAD
    0x08001e10   0x08001e10   0x00000024   Code   RO         3202    i.HAL_Delay         stm32f4xx_hal.o
    0x08001e34   0x08001e34   0x000001f0   Code   RO         2658    i.HAL_GPIO_Init     stm32f4xx_hal_gpio.o
    0x08002024   0x08002024   0x0000000a   Code   RO         2660    i.HAL_GPIO_ReadPin  stm32f4xx_hal_gpio.o
    0x0800202e   0x0800202e   0x00000010   Code   RO         2661    i.HAL_GPIO_TogglePin  stm32f4xx_hal_gpio.o
    0x0800203e   0x0800203e   0x0000000a   Code   RO         2662    i.HAL_GPIO_WritePin  stm32f4xx_hal_gpio.o
    0x08002048   0x08002048   0x0000000c   Code   RO         3208    i.HAL_GetTick       stm32f4xx_hal.o
    0x08002054   0x08002054   0x00000010   Code   RO         3214    i.HAL_IncTick       stm32f4xx_hal.o
    0x08002064   0x08002064   0x00000034   Code   RO         3215    i.HAL_Init          stm32f4xx_hal.o
    0x08002098   0x08002098   0x00000098   Code   RO         1679    i.HAL_InitTick      stm32f4xx_hal_timebase_tim.o
    0x08002130   0x08002130   0x00000038   Code   RO         1655    i.HAL_MspInit       stm32f4xx_hal_msp.o
    0x08002168   0x08002168   0x0000001a   Code   RO         3050    i.HAL_NVIC_EnableIRQ  stm32f4xx_hal_cortex.o
    0x08002182   0x08002182   0x00000002   PAD
    0x08002184   0x08002184   0x00000040   Code   RO         3056    i.HAL_NVIC_SetPriority  stm32f4xx_hal_cortex.o
    0x080021c4   0x080021c4   0x00000024   Code   RO         3057    i.HAL_NVIC_SetPriorityGrouping  stm32f4xx_hal_cortex.o
    0x080021e8   0x080021e8   0x00000024   Code   RO         3058    i.HAL_NVIC_SystemReset  stm32f4xx_hal_cortex.o
    0x0800220c   0x0800220c   0x0000013c   Code   RO         2409    i.HAL_RCCEx_PeriphCLKConfig  stm32f4xx_hal_rcc_ex.o
    0x08002348   0x08002348   0x00000134   Code   RO         2304    i.HAL_RCC_ClockConfig  stm32f4xx_hal_rcc.o
    0x0800247c   0x0800247c   0x00000040   Code   RO         2308    i.HAL_RCC_GetClockConfig  stm32f4xx_hal_rcc.o
    0x080024bc   0x080024bc   0x00000020   Code   RO         2311    i.HAL_RCC_GetPCLK1Freq  stm32f4xx_hal_rcc.o
    0x080024dc   0x080024dc   0x00000020   Code   RO         2312    i.HAL_RCC_GetPCLK2Freq  stm32f4xx_hal_rcc.o
    0x080024fc   0x080024fc   0x00000060   Code   RO         2313    i.HAL_RCC_GetSysClockFreq  stm32f4xx_hal_rcc.o
    0x0800255c   0x0800255c   0x0000036c   Code   RO         2316    i.HAL_RCC_OscConfig  stm32f4xx_hal_rcc.o
    0x080028c8   0x080028c8   0x0000000a   Code   RO         3626    i.HAL_RTCEx_BKUPRead  stm32f4xx_hal_rtc_ex.o
    0x080028d2   0x080028d2   0x0000000a   Code   RO         3627    i.HAL_RTCEx_BKUPWrite  stm32f4xx_hal_rtc_ex.o
    0x080028dc   0x080028dc   0x00000044   Code   RO         3463    i.HAL_RTC_GetDate   stm32f4xx_hal_rtc.o
    0x08002920   0x08002920   0x00000054   Code   RO         3465    i.HAL_RTC_GetTime   stm32f4xx_hal_rtc.o
    0x08002974   0x08002974   0x0000009c   Code   RO         3466    i.HAL_RTC_Init      stm32f4xx_hal_rtc.o
    0x08002a10   0x08002a10   0x00000038   Code   RO         1398    i.HAL_RTC_MspInit   rtc.o
    0x08002a48   0x08002a48   0x00000098   Code   RO         3472    i.HAL_RTC_SetDate   stm32f4xx_hal_rtc.o
    0x08002ae0   0x08002ae0   0x000000c0   Code   RO         3473    i.HAL_RTC_SetTime   stm32f4xx_hal_rtc.o
    0x08002ba0   0x08002ba0   0x00000038   Code   RO         3474    i.HAL_RTC_WaitForSynchro  stm32f4xx_hal_rtc.o
    0x08002bd8   0x08002bd8   0x00000008   Code   RO         1779    i.HAL_SD_AbortCallback  bsp_driver_sd.o
    0x08002be0   0x08002be0   0x00000118   Code   RO         4142    i.HAL_SD_ConfigWideBusOperation  stm32f4xx_hal_sd.o
    0x08002cf8   0x08002cf8   0x00000002   Code   RO         4145    i.HAL_SD_ErrorCallback  stm32f4xx_hal_sd.o
    0x08002cfa   0x08002cfa   0x00000002   PAD
    0x08002cfc   0x08002cfc   0x00000198   Code   RO         4147    i.HAL_SD_GetCardCSD  stm32f4xx_hal_sd.o
    0x08002e94   0x08002e94   0x00000024   Code   RO         4148    i.HAL_SD_GetCardInfo  stm32f4xx_hal_sd.o
    0x08002eb8   0x08002eb8   0x0000002c   Code   RO         4149    i.HAL_SD_GetCardState  stm32f4xx_hal_sd.o
    0x08002ee4   0x08002ee4   0x00000208   Code   RO         4153    i.HAL_SD_IRQHandler  stm32f4xx_hal_sd.o
    0x080030ec   0x080030ec   0x00000036   Code   RO         4154    i.HAL_SD_Init       stm32f4xx_hal_sd.o
    0x08003122   0x08003122   0x00000002   PAD
    0x08003124   0x08003124   0x0000007c   Code   RO         4155    i.HAL_SD_InitCard   stm32f4xx_hal_sd.o
    0x080031a0   0x080031a0   0x00000144   Code   RO         1458    i.HAL_SD_MspInit    sdio.o
    0x080032e4   0x080032e4   0x00000124   Code   RO         4159    i.HAL_SD_ReadBlocks_DMA  stm32f4xx_hal_sd.o
    0x08003408   0x08003408   0x00000008   Code   RO         1780    i.HAL_SD_RxCpltCallback  bsp_driver_sd.o
    0x08003410   0x08003410   0x00000008   Code   RO         1781    i.HAL_SD_TxCpltCallback  bsp_driver_sd.o
    0x08003418   0x08003418   0x00000120   Code   RO         4164    i.HAL_SD_WriteBlocks_DMA  stm32f4xx_hal_sd.o
    0x08003538   0x08003538   0x00000002   Code   RO         5070    i.HAL_TIMEx_BreakCallback  stm32f4xx_hal_tim_ex.o
    0x0800353a   0x0800353a   0x00000002   Code   RO         5071    i.HAL_TIMEx_CommutCallback  stm32f4xx_hal_tim_ex.o
    0x0800353c   0x0800353c   0x0000005a   Code   RO         4366    i.HAL_TIM_Base_Init  stm32f4xx_hal_tim.o
    0x08003596   0x08003596   0x00000002   Code   RO         4368    i.HAL_TIM_Base_MspInit  stm32f4xx_hal_tim.o
    0x08003598   0x08003598   0x00000080   Code   RO         4371    i.HAL_TIM_Base_Start_IT  stm32f4xx_hal_tim.o
    0x08003618   0x08003618   0x00000002   Code   RO         4400    i.HAL_TIM_IC_CaptureCallback  stm32f4xx_hal_tim.o
    0x0800361a   0x0800361a   0x00000130   Code   RO         4414    i.HAL_TIM_IRQHandler  stm32f4xx_hal_tim.o
    0x0800374a   0x0800374a   0x00000002   Code   RO         4417    i.HAL_TIM_OC_DelayElapsedCallback  stm32f4xx_hal_tim.o
    0x0800374c   0x0800374c   0x00000002   Code   RO         4444    i.HAL_TIM_PWM_PulseFinishedCallback  stm32f4xx_hal_tim.o
    0x0800374e   0x0800374e   0x00000002   PAD
    0x08003750   0x08003750   0x00000014   Code   RO         1203    i.HAL_TIM_PeriodElapsedCallback  main.o
    0x08003764   0x08003764   0x00000002   Code   RO         4457    i.HAL_TIM_TriggerCallback  stm32f4xx_hal_tim.o
    0x08003766   0x08003766   0x00000002   Code   RO         5349    i.HAL_UARTEx_RxEventCallback  stm32f4xx_hal_uart.o
    0x08003768   0x08003768   0x00000002   Code   RO         5363    i.HAL_UART_ErrorCallback  stm32f4xx_hal_uart.o
    0x0800376a   0x0800376a   0x00000002   PAD
    0x0800376c   0x0800376c   0x00000270   Code   RO         5366    i.HAL_UART_IRQHandler  stm32f4xx_hal_uart.o
    0x080039dc   0x080039dc   0x00000064   Code   RO         5367    i.HAL_UART_Init     stm32f4xx_hal_uart.o
    0x08003a40   0x08003a40   0x000000d0   Code   RO         1500    i.HAL_UART_MspInit  usart.o
    0x08003b10   0x08003b10   0x0000001c   Code   RO         5372    i.HAL_UART_Receive_IT  stm32f4xx_hal_uart.o
    0x08003b2c   0x08003b2c   0x00000078   Code   RO         1501    i.HAL_UART_RxCpltCallback  usart.o
    0x08003ba4   0x08003ba4   0x000000a0   Code   RO         5375    i.HAL_UART_Transmit  stm32f4xx_hal_uart.o
    0x08003c44   0x08003c44   0x00000002   Code   RO         5378    i.HAL_UART_TxCpltCallback  stm32f4xx_hal_uart.o
    0x08003c46   0x08003c46   0x00000002   Code   RO         1565    i.HardFault_Handler  stm32f4xx_it.o
    0x08003c48   0x08003c48   0x00000068   Code   RO         1326    i.MX_ADC1_Init      adc.o
    0x08003cb0   0x08003cb0   0x0000003c   Code   RO         1372    i.MX_DMA_Init       dma.o
    0x08003cec   0x08003cec   0x0000001c   Code   RO         1987    i.MX_FATFS_Init     fatfs.o
    0x08003d08   0x08003d08   0x0000006c   Code   RO         1278    i.MX_FREERTOS_Init  freertos.o
    0x08003d74   0x08003d74   0x000000b4   Code   RO         1254    i.MX_GPIO_Init      gpio.o
    0x08003e28   0x08003e28   0x000000cc   Code   RO         1399    i.MX_RTC_Init       rtc.o
    0x08003ef4   0x08003ef4   0x00000044   Code   RO         1459    i.MX_SDIO_SD_Init   sdio.o
    0x08003f38   0x08003f38   0x00000038   Code   RO         1502    i.MX_USART1_UART_Init  usart.o
    0x08003f70   0x08003f70   0x00000038   Code   RO         1503    i.MX_USART3_UART_Init  usart.o
    0x08003fa8   0x08003fa8   0x00000002   Code   RO         1566    i.MemManage_Handler  stm32f4xx_it.o
    0x08003faa   0x08003faa   0x00000002   Code   RO         1567    i.NMI_Handler       stm32f4xx_it.o
    0x08003fac   0x08003fac   0x00000012   Code   RO         3475    i.RTC_Bcd2ToByte    stm32f4xx_hal_rtc.o
    0x08003fbe   0x08003fbe   0x00000016   Code   RO         3476    i.RTC_ByteToBcd2    stm32f4xx_hal_rtc.o
    0x08003fd4   0x08003fd4   0x00000048   Code   RO         3477    i.RTC_EnterInitMode  stm32f4xx_hal_rtc.o
    0x0800401c   0x0800401c   0x0000002a   Code   RO         3478    i.RTC_ExitInitMode  stm32f4xx_hal_rtc.o
    0x08004046   0x08004046   0x00000002   PAD
    0x08004048   0x08004048   0x00000108   Code   RO         1718    i.RecordTask        recordtask.o
    0x08004150   0x08004150   0x00000024   Code   RO         3853    i.SDIO_ConfigData   stm32f4xx_ll_sdmmc.o
    0x08004174   0x08004174   0x00000008   Code   RO         3857    i.SDIO_GetPowerState  stm32f4xx_ll_sdmmc.o
    0x0800417c   0x0800417c   0x00000006   Code   RO         3858    i.SDIO_GetResponse  stm32f4xx_ll_sdmmc.o
    0x08004182   0x08004182   0x00000002   PAD
    0x08004184   0x08004184   0x0000000c   Code   RO         1568    i.SDIO_IRQHandler   stm32f4xx_it.o
    0x08004190   0x08004190   0x00000024   Code   RO         3859    i.SDIO_Init         stm32f4xx_ll_sdmmc.o
    0x080041b4   0x080041b4   0x00000008   Code   RO         3861    i.SDIO_PowerState_ON  stm32f4xx_ll_sdmmc.o
    0x080041bc   0x080041bc   0x00000006   Code   RO         3862    i.SDIO_ReadFIFO     stm32f4xx_ll_sdmmc.o
    0x080041c2   0x080041c2   0x00000020   Code   RO         3863    i.SDIO_SendCommand  stm32f4xx_ll_sdmmc.o
    0x080041e2   0x080041e2   0x0000000a   Code   RO         3865    i.SDIO_WriteFIFO    stm32f4xx_ll_sdmmc.o
    0x080041ec   0x080041ec   0x00000032   Code   RO         3866    i.SDMMC_CmdAppCommand  stm32f4xx_ll_sdmmc.o
    0x0800421e   0x0800421e   0x00000002   PAD
    0x08004220   0x08004220   0x00000034   Code   RO         3867    i.SDMMC_CmdAppOperCommand  stm32f4xx_ll_sdmmc.o
    0x08004254   0x08004254   0x00000032   Code   RO         3868    i.SDMMC_CmdBlockLength  stm32f4xx_ll_sdmmc.o
    0x08004286   0x08004286   0x00000032   Code   RO         3869    i.SDMMC_CmdBusWidth  stm32f4xx_ll_sdmmc.o
    0x080042b8   0x080042b8   0x00000050   Code   RO         3873    i.SDMMC_CmdGoIdleState  stm32f4xx_ll_sdmmc.o
    0x08004308   0x08004308   0x00000030   Code   RO         3875    i.SDMMC_CmdOperCond  stm32f4xx_ll_sdmmc.o
    0x08004338   0x08004338   0x00000032   Code   RO         3876    i.SDMMC_CmdReadMultiBlock  stm32f4xx_ll_sdmmc.o
    0x0800436a   0x0800436a   0x00000032   Code   RO         3877    i.SDMMC_CmdReadSingleBlock  stm32f4xx_ll_sdmmc.o
    0x0800439c   0x0800439c   0x00000032   Code   RO         3880    i.SDMMC_CmdSelDesel  stm32f4xx_ll_sdmmc.o
    0x080043ce   0x080043ce   0x0000002c   Code   RO         3881    i.SDMMC_CmdSendCID  stm32f4xx_ll_sdmmc.o
    0x080043fa   0x080043fa   0x0000002c   Code   RO         3882    i.SDMMC_CmdSendCSD  stm32f4xx_ll_sdmmc.o
    0x08004426   0x08004426   0x00000030   Code   RO         3884    i.SDMMC_CmdSendSCR  stm32f4xx_ll_sdmmc.o
    0x08004456   0x08004456   0x00000032   Code   RO         3885    i.SDMMC_CmdSendStatus  stm32f4xx_ll_sdmmc.o
    0x08004488   0x08004488   0x00000030   Code   RO         3886    i.SDMMC_CmdSetRelAdd  stm32f4xx_ll_sdmmc.o
    0x080044b8   0x080044b8   0x00000034   Code   RO         3889    i.SDMMC_CmdStopTransfer  stm32f4xx_ll_sdmmc.o
    0x080044ec   0x080044ec   0x00000032   Code   RO         3891    i.SDMMC_CmdWriteMultiBlock  stm32f4xx_ll_sdmmc.o
    0x0800451e   0x0800451e   0x00000032   Code   RO         3892    i.SDMMC_CmdWriteSingleBlock  stm32f4xx_ll_sdmmc.o
    0x08004550   0x08004550   0x00000120   Code   RO         3893    i.SDMMC_GetCmdResp1  stm32f4xx_ll_sdmmc.o
    0x08004670   0x08004670   0x00000050   Code   RO         3894    i.SDMMC_GetCmdResp2  stm32f4xx_ll_sdmmc.o
    0x080046c0   0x080046c0   0x00000044   Code   RO         3895    i.SDMMC_GetCmdResp3  stm32f4xx_ll_sdmmc.o
    0x08004704   0x08004704   0x00000088   Code   RO         3896    i.SDMMC_GetCmdResp6  stm32f4xx_ll_sdmmc.o
    0x0800478c   0x0800478c   0x00000058   Code   RO         3897    i.SDMMC_GetCmdResp7  stm32f4xx_ll_sdmmc.o
    0x080047e4   0x080047e4   0x0000009c   Code   RO         1124    i.SDTask            sdtask.o
    0x08004880   0x08004880   0x00000020   Code   RO         1888    i.SD_CheckStatus    sd_diskio.o
    0x080048a0   0x080048a0   0x00000024   Code   RO         1889    i.SD_CheckStatusWithTimeout  sd_diskio.o
    0x080048c4   0x080048c4   0x00000064   Code   RO         4166    i.SD_DMAError       stm32f4xx_hal_sd.o
    0x08004928   0x08004928   0x00000042   Code   RO         4167    i.SD_DMAReceiveCplt  stm32f4xx_hal_sd.o
    0x0800496a   0x0800496a   0x00000044   Code   RO         4168    i.SD_DMARxAbort     stm32f4xx_hal_sd.o
    0x080049ae   0x080049ae   0x0000000e   Code   RO         4169    i.SD_DMATransmitCplt  stm32f4xx_hal_sd.o
    0x080049bc   0x080049bc   0x00000044   Code   RO         4170    i.SD_DMATxAbort     stm32f4xx_hal_sd.o
    0x08004a00   0x08004a00   0x000000e0   Code   RO         4171    i.SD_FindSCR        stm32f4xx_hal_sd.o
    0x08004ae0   0x08004ae0   0x000000ee   Code   RO         4172    i.SD_InitCard       stm32f4xx_hal_sd.o
    0x08004bce   0x08004bce   0x00000002   PAD
    0x08004bd0   0x08004bd0   0x000000b4   Code   RO         4173    i.SD_PowerON        stm32f4xx_hal_sd.o
    0x08004c84   0x08004c84   0x00000048   Code   RO         1890    i.SD_initialize     sd_diskio.o
    0x08004ccc   0x08004ccc   0x00000050   Code   RO         1891    i.SD_ioctl          sd_diskio.o
    0x08004d1c   0x08004d1c   0x00000068   Code   RO         1892    i.SD_read           sd_diskio.o
    0x08004d84   0x08004d84   0x00000004   Code   RO         1893    i.SD_status         sd_diskio.o
    0x08004d88   0x08004d88   0x00000068   Code   RO         1894    i.SD_write          sd_diskio.o
    0x08004df0   0x08004df0   0x0000001c   Code   RO         1279    i.StartDefaultTask  freertos.o
    0x08004e0c   0x08004e0c   0x0000001a   Code   RO         7397    i.SysTick_Handler   cmsis_os2.o
    0x08004e26   0x08004e26   0x00000002   PAD
    0x08004e28   0x08004e28   0x00000094   Code   RO         1204    i.SystemClock_Config  main.o
    0x08004ebc   0x08004ebc   0x00000010   Code   RO         5701    i.SystemInit        system_stm32f4xx.o
    0x08004ecc   0x08004ecc   0x0000000c   Code   RO         1569    i.TIM7_IRQHandler   stm32f4xx_it.o
    0x08004ed8   0x08004ed8   0x000000d8   Code   RO         4459    i.TIM_Base_SetConfig  stm32f4xx_hal_tim.o
    0x08004fb0   0x08004fb0   0x00000010   Code   RO         5380    i.UART_DMAAbortOnError  stm32f4xx_hal_uart.o
    0x08004fc0   0x08004fc0   0x0000004e   Code   RO         5390    i.UART_EndRxTransfer  stm32f4xx_hal_uart.o
    0x0800500e   0x0800500e   0x000000c2   Code   RO         5392    i.UART_Receive_IT   stm32f4xx_hal_uart.o
    0x080050d0   0x080050d0   0x0000010c   Code   RO         5393    i.UART_SetConfig    stm32f4xx_hal_uart.o
    0x080051dc   0x080051dc   0x00000036   Code   RO         5395    i.UART_Start_Receive_IT  stm32f4xx_hal_uart.o
    0x08005212   0x08005212   0x00000072   Code   RO         5396    i.UART_WaitOnFlagUntilTimeout  stm32f4xx_hal_uart.o
    0x08005284   0x08005284   0x00000020   Code   RO         1400    i.UISet_Date        rtc.o
    0x080052a4   0x080052a4   0x00000024   Code   RO         1401    i.UISet_Time        rtc.o
    0x080052c8   0x080052c8   0x0000000c   Code   RO         1570    i.USART1_IRQHandler  stm32f4xx_it.o
    0x080052d4   0x080052d4   0x0000000c   Code   RO         1571    i.USART3_IRQHandler  stm32f4xx_it.o
    0x080052e0   0x080052e0   0x00000002   Code   RO         1572    i.UsageFault_Handler  stm32f4xx_it.o
    0x080052e2   0x080052e2   0x00000002   PAD
    0x080052e4   0x080052e4   0x00000020   Code   RO         8311    i.__0printf         mc_w.l(printfa.o)
    0x08005304   0x08005304   0x00000034   Code   RO         8312    i.__0snprintf       mc_w.l(printfa.o)
    0x08005338   0x08005338   0x00000028   Code   RO         8313    i.__0sprintf        mc_w.l(printfa.o)
    0x08005360   0x08005360   0x00000020   Code   RO         3063    i.__NVIC_SetPriority  stm32f4xx_hal_cortex.o
    0x08005380   0x08005380   0x0000005c   Code   RO         8343    i.__free$realloc    mc_w.l(mallocr.o)
    0x080053dc   0x080053dc   0x00000014   Code   RO         8039    i.__hardfp_fabs     m_wm.l(fabs.o)
    0x080053f0   0x080053f0   0x00000028   Code   RO         8045    i.__hardfp_strtod   m_wm.l(strtod.o)
    0x08005418   0x08005418   0x00000050   Code   RO         8344    i.__malloc$realloc  mc_w.l(mallocr.o)
    0x08005468   0x08005468   0x0000000e   Code   RO         8446    i.__scatterload_copy  mc_w.l(handlers.o)
    0x08005476   0x08005476   0x00000002   Code   RO         8447    i.__scatterload_null  mc_w.l(handlers.o)
    0x08005478   0x08005478   0x0000000e   Code   RO         8448    i.__scatterload_zeroinit  mc_w.l(handlers.o)
    0x08005486   0x08005486   0x00000002   PAD
    0x08005488   0x08005488   0x00000184   Code   RO         8318    i._fp_digits        mc_w.l(printfa.o)
    0x0800560c   0x0800560c   0x0000000e   Code   RO         8371    i._is_digit         mc_w.l(scanf_fp.o)
    0x0800561a   0x0800561a   0x00000002   PAD
    0x0800561c   0x0800561c   0x000006b4   Code   RO         8319    i._printf_core      mc_w.l(printfa.o)
    0x08005cd0   0x08005cd0   0x00000024   Code   RO         8320    i._printf_post_padding  mc_w.l(printfa.o)
    0x08005cf4   0x08005cf4   0x0000002e   Code   RO         8321    i._printf_pre_padding  mc_w.l(printfa.o)
    0x08005d22   0x08005d22   0x00000016   Code   RO         8322    i._snputc           mc_w.l(printfa.o)
    0x08005d38   0x08005d38   0x0000000a   Code   RO         8323    i._sputc            mc_w.l(printfa.o)
    0x08005d42   0x08005d42   0x0000002a   Code   RO          299    i.add_item_to_array  cjson.o
    0x08005d6c   0x08005d6c   0x0000005a   Code   RO          300    i.add_item_to_object  cjson.o
    0x08005dc6   0x08005dc6   0x00000030   Code   RO          301    i.buffer_skip_whitespace  cjson.o
    0x08005df6   0x08005df6   0x00000002   PAD
    0x08005df8   0x08005df8   0x00000030   Code   RO          311    i.cJSON_AddNumberToObject  cjson.o
    0x08005e28   0x08005e28   0x00000030   Code   RO          314    i.cJSON_AddStringToObject  cjson.o
    0x08005e58   0x08005e58   0x00000078   Code   RO          325    i.cJSON_CreateNumber  cjson.o
    0x08005ed0   0x08005ed0   0x00000018   Code   RO          326    i.cJSON_CreateObject  cjson.o
    0x08005ee8   0x08005ee8   0x00000030   Code   RO          329    i.cJSON_CreateString  cjson.o
    0x08005f18   0x08005f18   0x00000048   Code   RO          333    i.cJSON_Delete      cjson.o
    0x08005f60   0x08005f60   0x00000020   Code   RO          345    i.cJSON_GetNumberValue  cjson.o
    0x08005f80   0x08005f80   0x00000006   Code   RO          346    i.cJSON_GetObjectItem  cjson.o
    0x08005f86   0x08005f86   0x00000010   Code   RO          348    i.cJSON_GetStringValue  cjson.o
    0x08005f96   0x08005f96   0x00000012   Code   RO          357    i.cJSON_IsNumber    cjson.o
    0x08005fa8   0x08005fa8   0x00000012   Code   RO          360    i.cJSON_IsString    cjson.o
    0x08005fba   0x08005fba   0x00000016   Code   RO          363    i.cJSON_New_Item    cjson.o
    0x08005fd0   0x08005fd0   0x00000008   Code   RO          365    i.cJSON_ParseWithLength  cjson.o
    0x08005fd8   0x08005fd8   0x000000dc   Code   RO          366    i.cJSON_ParseWithLengthOpts  cjson.o
    0x080060b4   0x080060b4   0x0000000c   Code   RO          368    i.cJSON_Print       cjson.o
    0x080060c0   0x080060c0   0x00000028   Code   RO          381    i.cJSON_strdup      cjson.o
    0x080060e8   0x080060e8   0x00000070   Code   RO         5793    i.check_fs          ff.o
    0x08006158   0x08006158   0x00000010   Code   RO         5794    i.chk_chr           ff.o
    0x08006168   0x08006168   0x0000005c   Code   RO         5795    i.chk_lock          ff.o
    0x080061c4   0x080061c4   0x00000020   Code   RO         5796    i.clear_lock        ff.o
    0x080061e4   0x080061e4   0x00000024   Code   RO         5797    i.clmt_clust        ff.o
    0x08006208   0x08006208   0x00000018   Code   RO         5798    i.clust2sect        ff.o
    0x08006220   0x08006220   0x00000080   Code   RO         5799    i.cmp_lfn           ff.o
    0x080062a0   0x080062a0   0x000000b8   Code   RO          382    i.compare_double    cjson.o
    0x08006358   0x08006358   0x000000a4   Code   RO         5800    i.create_chain      ff.o
    0x080063fc   0x080063fc   0x00000244   Code   RO         5801    i.create_name       ff.o
    0x08006640   0x08006640   0x00000034   Code   RO         5802    i.dec_lock          ff.o
    0x08006674   0x08006674   0x000000e0   Code   RO         1125    i.delete_all_files  sdtask.o
    0x08006754   0x08006754   0x000000d0   Code   RO         5803    i.dir_find          ff.o
    0x08006824   0x08006824   0x000000f4   Code   RO         5804    i.dir_next          ff.o
    0x08006918   0x08006918   0x000000b6   Code   RO         5805    i.dir_read          ff.o
    0x080069ce   0x080069ce   0x00000002   PAD
    0x080069d0   0x080069d0   0x000001e4   Code   RO         5806    i.dir_register      ff.o
    0x08006bb4   0x08006bb4   0x0000004e   Code   RO         5807    i.dir_remove        ff.o
    0x08006c02   0x08006c02   0x00000082   Code   RO         5808    i.dir_sdi           ff.o
    0x08006c84   0x08006c84   0x0000002c   Code   RO         5738    i.disk_initialize   diskio.o
    0x08006cb0   0x08006cb0   0x0000001c   Code   RO         5739    i.disk_ioctl        diskio.o
    0x08006ccc   0x08006ccc   0x0000001c   Code   RO         5740    i.disk_read         diskio.o
    0x08006ce8   0x08006ce8   0x00000018   Code   RO         5741    i.disk_status       diskio.o
    0x08006d00   0x08006d00   0x0000001c   Code   RO         5742    i.disk_write        diskio.o
    0x08006d1c   0x08006d1c   0x00000074   Code   RO         6856    i.eTaskGetState     tasks.o
    0x08006d90   0x08006d90   0x0000008a   Code   RO          384    i.ensure            cjson.o
    0x08006e1a   0x08006e1a   0x00000030   Code   RO         5809    i.f_close           ff.o
    0x08006e4a   0x08006e4a   0x0000002a   Code   RO         5810    i.f_closedir        ff.o
    0x08006e74   0x08006e74   0x00000044   Code   RO         5812    i.f_gets            ff.o
    0x08006eb8   0x08006eb8   0x0000007c   Code   RO         5816    i.f_mount           ff.o
    0x08006f34   0x08006f34   0x0000021c   Code   RO         5817    i.f_open            ff.o
    0x08007150   0x08007150   0x00000094   Code   RO         5818    i.f_opendir         ff.o
    0x080071e4   0x080071e4   0x0000017c   Code   RO         5822    i.f_read            ff.o
    0x08007360   0x08007360   0x00000062   Code   RO         5823    i.f_readdir         ff.o
    0x080073c2   0x080073c2   0x000000a2   Code   RO         5826    i.f_sync            ff.o
    0x08007464   0x08007464   0x000000b4   Code   RO         5828    i.f_unlink          ff.o
    0x08007518   0x08007518   0x000001b6   Code   RO         5829    i.f_write           ff.o
    0x080076ce   0x080076ce   0x00000002   PAD
    0x080076d0   0x080076d0   0x0000004c   Code   RO         6258    i.ff_convert        cc936.o
    0x0800771c   0x0800771c   0x00000018   Code   RO         6210    i.ff_cre_syncobj    syscall.o
    0x08007734   0x08007734   0x0000000a   Code   RO         6211    i.ff_del_syncobj    syscall.o
    0x0800773e   0x0800773e   0x00000004   Code   RO         6212    i.ff_rel_grant      syscall.o
    0x08007742   0x08007742   0x00000014   Code   RO         6213    i.ff_req_grant      syscall.o
    0x08007756   0x08007756   0x00000002   PAD
    0x08007758   0x08007758   0x00000080   Code   RO         6259    i.ff_wtoupper       cc936.o
    0x080077d8   0x080077d8   0x00000260   Code   RO         5830    i.find_volume       ff.o
    0x08007a38   0x08007a38   0x00000074   Code   RO         5831    i.follow_path       ff.o
    0x08007aac   0x08007aac   0x00000018   Code   RO         1504    i.fputc             usart.o
    0x08007ac4   0x08007ac4   0x0000008c   Code   RO         5832    i.gen_numname       ff.o
    0x08007b50   0x08007b50   0x000000be   Code   RO         5833    i.get_fat           ff.o
    0x08007c0e   0x08007c0e   0x00000004   Code   RO         1988    i.get_fattime       fatfs.o
    0x08007c12   0x08007c12   0x000000f4   Code   RO         5834    i.get_fileinfo      ff.o
    0x08007d06   0x08007d06   0x0000003c   Code   RO         5835    i.get_ldnumber      ff.o
    0x08007d42   0x08007d42   0x0000007a   Code   RO          386    i.get_object_item   cjson.o
    0x08007dbc   0x08007dbc   0x00000080   Code   RO         5836    i.inc_lock          ff.o
    0x08007e3c   0x08007e3c   0x00000050   Code   RO         8345    i.internal_alloc    mc_w.l(mallocr.o)
    0x08007e8c   0x08007e8c   0x00000026   Code   RO         5837    i.ld_clust          ff.o
    0x08007eb2   0x08007eb2   0x00000016   Code   RO         5838    i.ld_dword          ff.o
    0x08007ec8   0x08007ec8   0x0000000a   Code   RO         5839    i.ld_word           ff.o
    0x08007ed2   0x08007ed2   0x00000002   PAD
    0x08007ed4   0x08007ed4   0x000000e0   Code   RO         1126    i.list_dir          sdtask.o
    0x08007fb4   0x08007fb4   0x00000014   Code   RO         5840    i.lock_fs           ff.o
    0x08007fc8   0x08007fc8   0x00000036   Code   RO         1205    i.main              main.o
    0x08007ffe   0x08007ffe   0x00000012   Code   RO         5841    i.mem_cpy           ff.o
    0x08008010   0x08008010   0x0000000e   Code   RO         5842    i.mem_set           ff.o
    0x0800801e   0x0800801e   0x00000032   Code   RO         5843    i.move_window       ff.o
    0x08008050   0x08008050   0x0000001a   Code   RO         7399    i.osDelay           cmsis_os2.o
    0x0800806a   0x0800806a   0x00000002   PAD
    0x0800806c   0x0800806c   0x00000020   Code   RO         7408    i.osKernelGetState  cmsis_os2.o
    0x0800808c   0x0800808c   0x0000000e   Code   RO         7411    i.osKernelGetTickCount  cmsis_os2.o
    0x0800809a   0x0800809a   0x00000002   PAD
    0x0800809c   0x0800809c   0x00000024   Code   RO         7413    i.osKernelInitialize  cmsis_os2.o
    0x080080c0   0x080080c0   0x00000038   Code   RO         7416    i.osKernelStart     cmsis_os2.o
    0x080080f8   0x080080f8   0x00000064   Code   RO         7428    i.osMessageQueueGet  cmsis_os2.o
    0x0800815c   0x0800815c   0x00000058   Code   RO         7433    i.osMessageQueueNew  cmsis_os2.o
    0x080081b4   0x080081b4   0x00000068   Code   RO         7434    i.osMessageQueuePut  cmsis_os2.o
    0x0800821c   0x0800821c   0x00000052   Code   RO         7436    i.osMutexAcquire    cmsis_os2.o
    0x0800826e   0x0800826e   0x00000068   Code   RO         7439    i.osMutexNew        cmsis_os2.o
    0x080082d6   0x080082d6   0x00000042   Code   RO         7440    i.osMutexRelease    cmsis_os2.o
    0x08008318   0x08008318   0x0000005c   Code   RO         7441    i.osSemaphoreAcquire  cmsis_os2.o
    0x08008374   0x08008374   0x0000002a   Code   RO         7442    i.osSemaphoreDelete  cmsis_os2.o
    0x0800839e   0x0800839e   0x00000098   Code   RO         7444    i.osSemaphoreNew    cmsis_os2.o
    0x08008436   0x08008436   0x00000002   PAD
    0x08008438   0x08008438   0x00000058   Code   RO         7445    i.osSemaphoreRelease  cmsis_os2.o
    0x08008490   0x08008490   0x0000008a   Code   RO         7458    i.osThreadNew       cmsis_os2.o
    0x0800851a   0x0800851a   0x00000034   Code   RO         7462    i.osThreadTerminate  cmsis_os2.o
    0x0800854e   0x0800854e   0x000000d0   Code   RO          388    i.parse_array       cjson.o
    0x0800861e   0x0800861e   0x00000040   Code   RO          389    i.parse_hex4        cjson.o
    0x0800865e   0x0800865e   0x00000002   PAD
    0x08008660   0x08008660   0x00000100   Code   RO          390    i.parse_number      cjson.o
    0x08008760   0x08008760   0x0000010a   Code   RO          391    i.parse_object      cjson.o
    0x0800886a   0x0800886a   0x0000010c   Code   RO          392    i.parse_string      cjson.o
    0x08008976   0x08008976   0x00000002   PAD
    0x08008978   0x08008978   0x000000fc   Code   RO          393    i.parse_value       cjson.o
    0x08008a74   0x08008a74   0x00000074   Code   RO         5844    i.pick_lfn          ff.o
    0x08008ae8   0x08008ae8   0x00000098   Code   RO          394    i.print             cjson.o
    0x08008b80   0x08008b80   0x00000096   Code   RO          395    i.print_array       cjson.o
    0x08008c16   0x08008c16   0x00000002   PAD
    0x08008c18   0x08008c18   0x00000130   Code   RO          396    i.print_number      cjson.o
    0x08008d48   0x08008d48   0x00000140   Code   RO          397    i.print_object      cjson.o
    0x08008e88   0x08008e88   0x00000110   Code   RO          398    i.print_string_ptr  cjson.o
    0x08008f98   0x08008f98   0x000000d0   Code   RO          399    i.print_value       cjson.o
    0x08009068   0x08009068   0x0000005c   Code   RO         6858    i.prvAddCurrentTaskToDelayedList  tasks.o
    0x080090c4   0x080090c4   0x000000d0   Code   RO         6859    i.prvAddNewTaskToReadyList  tasks.o
    0x08009194   0x08009194   0x00000058   Code   RO         7223    i.prvCheckForValidListAndQueue  timers.o
    0x080091ec   0x080091ec   0x00000026   Code   RO         6458    i.prvCopyDataFromQueue  queue.o
    0x08009212   0x08009212   0x0000006c   Code   RO         6459    i.prvCopyDataToQueue  queue.o
    0x0800927e   0x0800927e   0x00000034   Code   RO         6860    i.prvDeleteTCB      tasks.o
    0x080092b2   0x080092b2   0x00000002   PAD
    0x080092b4   0x080092b4   0x0000004c   Code   RO         7907    i.prvHeapInit       heap_4.o
    0x08009300   0x08009300   0x00000060   Code   RO         6861    i.prvIdleTask       tasks.o
    0x08009360   0x08009360   0x00000016   Code   RO         6460    i.prvInitialiseMutex  queue.o
    0x08009376   0x08009376   0x00000002   PAD
    0x08009378   0x08009378   0x00000022   Code   RO         6461    i.prvInitialiseNewQueue  queue.o
    0x0800939a   0x0800939a   0x00000002   PAD
    0x0800939c   0x0800939c   0x000000b0   Code   RO         6862    i.prvInitialiseNewTask  tasks.o
    0x0800944c   0x0800944c   0x0000004c   Code   RO         7908    i.prvInsertBlockIntoFreeList  heap_4.o
    0x08009498   0x08009498   0x00000038   Code   RO         7225    i.prvInsertTimerInActiveList  timers.o
    0x080094d0   0x080094d0   0x0000001c   Code   RO         6462    i.prvIsQueueEmpty   queue.o
    0x080094ec   0x080094ec   0x000000fc   Code   RO         7226    i.prvProcessReceivedCommands  timers.o
    0x080095e8   0x080095e8   0x000000c0   Code   RO         7227    i.prvProcessTimerOrBlockTask  timers.o
    0x080096a8   0x080096a8   0x00000020   Code   RO         6864    i.prvResetNextTaskUnblockTime  tasks.o
    0x080096c8   0x080096c8   0x00000028   Code   RO         7228    i.prvSampleTimeNow  timers.o
    0x080096f0   0x080096f0   0x0000006c   Code   RO         7229    i.prvSwitchTimerLists  timers.o
    0x0800975c   0x0800975c   0x00000028   Code   RO         7963    i.prvTaskExitError  port.o
    0x08009784   0x08009784   0x00000024   Code   RO         7230    i.prvTimerTask      timers.o
    0x080097a8   0x080097a8   0x0000006a   Code   RO         6463    i.prvUnlockQueue    queue.o
    0x08009812   0x08009812   0x000000ea   Code   RO         5845    i.put_fat           ff.o
    0x080098fc   0x080098fc   0x000000dc   Code   RO         7909    i.pvPortMalloc      heap_4.o
    0x080099d8   0x080099d8   0x00000018   Code   RO         6867    i.pvTaskIncrementMutexHeldCount  tasks.o
    0x080099f0   0x080099f0   0x0000002c   Code   RO         7964    i.pxPortInitialiseStack  port.o
    0x08009a1c   0x08009a1c   0x00000094   Code   RO           14    i.readADC           cmd.o
    0x08009ab0   0x08009ab0   0x0000002c   Code   RO         1327    i.read_adc          adc.o
    0x08009adc   0x08009adc   0x00000058   Code   RO         1127    i.read_data         sdtask.o
    0x08009b34   0x08009b34   0x0000006c   Code   RO         8346    i.realloc           mc_w.l(mallocr.o)
    0x08009ba0   0x08009ba0   0x00000040   Code   RO           15    i.reboot            cmd.o
    0x08009be0   0x08009be0   0x00000110   Code   RO           16    i.record            cmd.o
    0x08009cf0   0x08009cf0   0x00000074   Code   RO         5848    i.remove_chain      ff.o
    0x08009d64   0x08009d64   0x00000078   Code   RO         1128    i.save_data         sdtask.o
    0x08009ddc   0x08009ddc   0x00000148   Code   RO           17    i.sdCMD             cmd.o
    0x08009f24   0x08009f24   0x00000028   Code   RO         5849    i.st_clust          ff.o
    0x08009f4c   0x08009f4c   0x00000010   Code   RO         5850    i.st_dword          ff.o
    0x08009f5c   0x08009f5c   0x00000008   Code   RO         5851    i.st_word           ff.o
    0x08009f64   0x08009f64   0x000000e4   Code   RO           18    i.sum               cmd.o
    0x0800a048   0x0800a048   0x0000001a   Code   RO         5852    i.sum_sfn           ff.o
    0x0800a062   0x0800a062   0x00000002   PAD
    0x0800a064   0x0800a064   0x00000098   Code   RO           19    i.switch12V         cmd.o
    0x0800a0fc   0x0800a0fc   0x00000088   Code   RO         5853    i.sync_fs           ff.o
    0x0800a184   0x0800a184   0x00000052   Code   RO         5854    i.sync_window       ff.o
    0x0800a1d6   0x0800a1d6   0x00000002   PAD
    0x0800a1d8   0x0800a1d8   0x0000011c   Code   RO           20    i.timeRTC           cmd.o
    0x0800a2f4   0x0800a2f4   0x00000018   Code   RO         5855    i.unlock_fs         ff.o
    0x0800a30c   0x0800a30c   0x0000001c   Code   RO          401    i.update_offset     cjson.o
    0x0800a328   0x0800a328   0x000000d2   Code   RO          402    i.utf16_literal_to_utf8  cjson.o
    0x0800a3fa   0x0800a3fa   0x00000026   Code   RO         6418    i.uxListRemove      list.o
    0x0800a420   0x0800a420   0x00000014   Code   RO         7470    i.vApplicationGetIdleTaskMemory  cmsis_os2.o
    0x0800a434   0x0800a434   0x00000018   Code   RO         7471    i.vApplicationGetTimerTaskMemory  cmsis_os2.o
    0x0800a44c   0x0800a44c   0x00000016   Code   RO         6419    i.vListInitialise   list.o
    0x0800a462   0x0800a462   0x00000006   Code   RO         6420    i.vListInitialiseItem  list.o
    0x0800a468   0x0800a468   0x00000030   Code   RO         6421    i.vListInsert       list.o
    0x0800a498   0x0800a498   0x00000018   Code   RO         6422    i.vListInsertEnd    list.o
    0x0800a4b0   0x0800a4b0   0x00000040   Code   RO         7966    i.vPortEnterCritical  port.o
    0x0800a4f0   0x0800a4f0   0x00000028   Code   RO         7967    i.vPortExitCritical  port.o
    0x0800a518   0x0800a518   0x00000064   Code   RO         7910    i.vPortFree         heap_4.o
    0x0800a57c   0x0800a57c   0x00000024   Code   RO         7968    i.vPortSetupTimerInterrupt  port.o
    0x0800a5a0   0x0800a5a0   0x00000054   Code   RO         7969    i.vPortValidateInterruptPriority  port.o
    0x0800a5f4   0x0800a5f4   0x00000028   Code   RO         6469    i.vQueueAddToRegistry  queue.o
    0x0800a61c   0x0800a61c   0x0000002e   Code   RO         6470    i.vQueueDelete      queue.o
    0x0800a64a   0x0800a64a   0x00000002   PAD
    0x0800a64c   0x0800a64c   0x00000028   Code   RO         6472    i.vQueueUnregisterQueue  queue.o
    0x0800a674   0x0800a674   0x00000044   Code   RO         6473    i.vQueueWaitForMessageRestricted  queue.o
    0x0800a6b8   0x0800a6b8   0x0000004c   Code   RO         6877    i.vTaskDelay        tasks.o
    0x0800a704   0x0800a704   0x00000090   Code   RO         6879    i.vTaskDelete       tasks.o
    0x0800a794   0x0800a794   0x00000010   Code   RO         6882    i.vTaskInternalSetTimeOutState  tasks.o
    0x0800a7a4   0x0800a7a4   0x0000000c   Code   RO         6883    i.vTaskMissedYield  tasks.o
    0x0800a7b0   0x0800a7b0   0x00000030   Code   RO         6885    i.vTaskPlaceOnEventList  tasks.o
    0x0800a7e0   0x0800a7e0   0x00000038   Code   RO         6886    i.vTaskPlaceOnEventListRestricted  tasks.o
    0x0800a818   0x0800a818   0x00000090   Code   RO         6888    i.vTaskPriorityDisinheritAfterTimeout  tasks.o
    0x0800a8a8   0x0800a8a8   0x00000088   Code   RO         6894    i.vTaskStartScheduler  tasks.o
    0x0800a930   0x0800a930   0x00000010   Code   RO         6896    i.vTaskSuspendAll   tasks.o
    0x0800a940   0x0800a940   0x00000064   Code   RO         6897    i.vTaskSwitchContext  tasks.o
    0x0800a9a4   0x0800a9a4   0x00000048   Code   RO         5856    i.validate          ff.o
    0x0800a9ec   0x0800a9ec   0x000000f4   Code   RO         7970    i.xPortStartScheduler  port.o
    0x0800aae0   0x0800aae0   0x0000002c   Code   RO         7971    i.xPortSysTickHandler  port.o
    0x0800ab0c   0x0800ab0c   0x0000003a   Code   RO         6474    i.xQueueCreateCountingSemaphore  queue.o
    0x0800ab46   0x0800ab46   0x00000040   Code   RO         6475    i.xQueueCreateCountingSemaphoreStatic  queue.o
    0x0800ab86   0x0800ab86   0x00000016   Code   RO         6476    i.xQueueCreateMutex  queue.o
    0x0800ab9c   0x0800ab9c   0x0000001a   Code   RO         6477    i.xQueueCreateMutexStatic  queue.o
    0x0800abb6   0x0800abb6   0x00000042   Code   RO         6478    i.xQueueGenericCreate  queue.o
    0x0800abf8   0x0800abf8   0x00000066   Code   RO         6479    i.xQueueGenericCreateStatic  queue.o
    0x0800ac5e   0x0800ac5e   0x00000002   PAD
    0x0800ac60   0x0800ac60   0x00000088   Code   RO         6480    i.xQueueGenericReset  queue.o
    0x0800ace8   0x0800ace8   0x00000160   Code   RO         6481    i.xQueueGenericSend  queue.o
    0x0800ae48   0x0800ae48   0x000000be   Code   RO         6482    i.xQueueGenericSendFromISR  queue.o
    0x0800af06   0x0800af06   0x0000009c   Code   RO         6485    i.xQueueGiveFromISR  queue.o
    0x0800afa2   0x0800afa2   0x0000003e   Code   RO         6486    i.xQueueGiveMutexRecursive  queue.o
    0x0800afe0   0x0800afe0   0x00000138   Code   RO         6491    i.xQueueReceive     queue.o
    0x0800b118   0x0800b118   0x0000009a   Code   RO         6492    i.xQueueReceiveFromISR  queue.o
    0x0800b1b2   0x0800b1b2   0x00000002   PAD
    0x0800b1b4   0x0800b1b4   0x00000178   Code   RO         6493    i.xQueueSemaphoreTake  queue.o
    0x0800b32c   0x0800b32c   0x00000040   Code   RO         6494    i.xQueueTakeMutexRecursive  queue.o
    0x0800b36c   0x0800b36c   0x00000074   Code   RO         6899    i.xTaskCheckForTimeOut  tasks.o
    0x0800b3e0   0x0800b3e0   0x0000005a   Code   RO         6900    i.xTaskCreate       tasks.o
    0x0800b43a   0x0800b43a   0x00000056   Code   RO         6901    i.xTaskCreateStatic  tasks.o
    0x0800b490   0x0800b490   0x0000000c   Code   RO         6904    i.xTaskGetCurrentTaskHandle  tasks.o
    0x0800b49c   0x0800b49c   0x0000001c   Code   RO         6905    i.xTaskGetSchedulerState  tasks.o
    0x0800b4b8   0x0800b4b8   0x0000000c   Code   RO         6906    i.xTaskGetTickCount  tasks.o
    0x0800b4c4   0x0800b4c4   0x00000010   Code   RO         6907    i.xTaskGetTickCountFromISR  tasks.o
    0x0800b4d4   0x0800b4d4   0x000000c8   Code   RO         6908    i.xTaskIncrementTick  tasks.o
    0x0800b59c   0x0800b59c   0x00000080   Code   RO         6911    i.xTaskPriorityDisinherit  tasks.o
    0x0800b61c   0x0800b61c   0x00000078   Code   RO         6912    i.xTaskPriorityInherit  tasks.o
    0x0800b694   0x0800b694   0x00000070   Code   RO         6913    i.xTaskRemoveFromEventList  tasks.o
    0x0800b704   0x0800b704   0x000000c4   Code   RO         6914    i.xTaskResumeAll    tasks.o
    0x0800b7c8   0x0800b7c8   0x00000060   Code   RO         7239    i.xTimerCreateTimerTask  timers.o
    0x0800b828   0x0800b828   0x00000068   Code   RO         7240    i.xTimerGenericCommand  timers.o
    0x0800b890   0x0800b890   0x00000038   Data   RO           22    .constdata          cmd.o
    0x0800b8c8   0x0800b8c8   0x000000ac   Data   RO         1280    .constdata          freertos.o
    0x0800b974   0x0800b974   0x00000024   Data   RO         1281    .constdata          freertos.o
    0x0800b998   0x0800b998   0x00000014   Data   RO         1895    .constdata          sd_diskio.o
    0x0800b9ac   0x0800b9ac   0x00000008   Data   RO         2777    .constdata          stm32f4xx_hal_dma.o
    0x0800b9b4   0x0800b9b4   0x00000010   Data   RO         5702    .constdata          system_stm32f4xx.o
    0x0800b9c4   0x0800b9c4   0x00000008   Data   RO         5703    .constdata          system_stm32f4xx.o
    0x0800b9cc   0x0800b9cc   0x0000002a   Data   RO         5858    .constdata          ff.o
    0x0800b9f6   0x0800b9f6   0x0002abb6   Data   RO         6260    .constdata          cc936.o
    0x080365ac   0x080365ac   0x00000040   Data   RO         8442    .constdata          mc_w.l(ctype_c.o)
    0x080365ec   0x080365ec   0x00000033   Data   RO           23    .conststring        cmd.o
    0x0803661f   0x0803661f   0x00000001   PAD
    0x08036620   0x08036620   0x0000003b   Data   RO         1282    .conststring        freertos.o
    0x0803665b   0x0803665b   0x00000001   PAD
    0x0803665c   0x0803665c   0x0000000b   Data   RO         1283    .conststring        freertos.o
    0x08036667   0x08036667   0x00000001   PAD
    0x08036668   0x08036668   0x00000020   Data   RO         8444    Region$$Table       anon$$obj.o


    Execution Region RW_IRAM1 (Exec base: 0x20000000, Load base: 0x08036688, Size: 0x0000a1b8, Max: 0x0001c000, ABSOLUTE)

    Exec Addr    Load Addr    Size         Type   Attr      Idx    E Section Name        Object

    0x20000000   0x08036688   0x00000014   Data   RW          404    .data               cjson.o
    0x20000014   0x0803669c   0x00000018   Data   RW         1284    .data               freertos.o
    0x2000002c   0x080366b4   0x00000004   Data   RW         1285    .data               freertos.o
    0x20000030   0x080366b8   0x00000004   Data   RW         1403    .data               rtc.o
    0x20000034   0x080366bc   0x00000001   Data   RW         1506    .data               usart.o
    0x20000035   0x080366bd   0x00000003   PAD
    0x20000038   0x080366c0   0x0000000c   Data   RW         1719    .data               recordtask.o
    0x20000044   0x080366cc   0x00000008   Data   RW         1896    .data               sd_diskio.o
    0x2000004c   0x080366d4   0x00000005   Data   RW         1991    .data               fatfs.o
    0x20000051   0x080366d9   0x00000003   PAD
    0x20000054   0x080366dc   0x0000000c   Data   RW         3222    .data               stm32f4xx_hal.o
    0x20000060   0x080366e8   0x00000004   Data   RW         5704    .data               system_stm32f4xx.o
    0x20000064   0x080366ec   0x00000008   Data   RW         5859    .data               ff.o
    0x2000006c   0x080366f4   0x0000003c   Data   RW         6917    .data               tasks.o
    0x200000a8   0x08036730   0x00000014   Data   RW         7248    .data               timers.o
    0x200000bc   0x08036744   0x00000004   Data   RW         7473    .data               cmsis_os2.o
    0x200000c0   0x08036748   0x00000020   Data   RW         7916    .data               heap_4.o
    0x200000e0   0x08036768   0x0000000c   Data   RW         7972    .data               port.o
    0x200000ec   0x08036774   0x00000004   Data   RW         8405    .data               mc_w.l(stdout.o)
    0x200000f0   0x08036778   0x00000004   Data   RW         8414    .data               mc_w.l(mvars.o)
    0x200000f4   0x0803677c   0x00000004   Data   RW         8415    .data               mc_w.l(mvars.o)
    0x200000f8        -       0x00000102   Zero   RW           21    .bss                cmd.o
    0x200001fa   0x08036780   0x00000002   PAD
    0x200001fc        -       0x0000031c   Zero   RW         1129    .bss                sdtask.o
    0x20000518        -       0x00000048   Zero   RW         1328    .bss                adc.o
    0x20000560        -       0x00000034   Zero   RW         1402    .bss                rtc.o
    0x20000594        -       0x00000144   Zero   RW         1460    .bss                sdio.o
    0x200006d8        -       0x00000194   Zero   RW         1505    .bss                usart.o
    0x2000086c        -       0x00000048   Zero   RW         1682    .bss                stm32f4xx_hal_timebase_tim.o
    0x200008b4        -       0x00000020   Zero   RW         5857    .bss                ff.o
    0x200008d4        -       0x0000000c   Zero   RW         6164    .bss                ff_gen_drv.o
    0x200008e0        -       0x00000040   Zero   RW         6495    .bss                queue.o
    0x20000920        -       0x000004c4   Zero   RW         6916    .bss                tasks.o
    0x20000de4        -       0x00000118   Zero   RW         7247    .bss                timers.o
    0x20000efc        -       0x000006b8   Zero   RW         7472    .bss                cmsis_os2.o
    0x200015b4        -       0x00003c00   Zero   RW         7915    .bss                heap_4.o
    0x200051b4   0x08036780   0x00000004   PAD
    0x200051b8        -       0x00004000   Zero   RW            2    HEAP                startup_stm32f407xx.o
    0x200091b8        -       0x00001000   Zero   RW            1    STACK               startup_stm32f407xx.o


    Execution Region RW_IRAM2 (Exec base: 0x2001c000, Load base: 0x08036780, Size: 0x00000000, Max: 0x00004000, ABSOLUTE)

    **** No section assigned to this execution region ****


==============================================================================

Image component sizes


      Code (inc. data)   RO Data    RW Data    ZI Data      Debug   Object Name

       244         30          0          0         72       2208   adc.o
       192         22          0          0          0       6034   bsp_driver_sd.o
       204         26     175030          0          0       2479   cc936.o
      4334        218          0         20          0      38999   cjson.o
      1744        440        107          0        258     783468   cmd.o
      1342         44          0          4       1720      73435   cmsis_os2.o
       152         24          0          0          0       3713   diskio.o
        60          4          0          0          0        774   dma.o
         0          0          0          0          0      19424   event_groups.o
        32         10          0          5          0       1496   fatfs.o
        24          4          0          0          0        561   fatfs_platform.o
      7318        100         42          8         32      52539   ff.o
        70          6          0          0         12       1615   ff_gen_drv.o
       136         28        278         28          0       2455   freertos.o
       180         12          0          0          0       1003   gpio.o
       472         24          0         32      15360       4835   heap_4.o
       138          0          0          0          0       3510   list.o
       226         16          0          0          0       2768   main.o
       786         82          0         12          0      11441   port.o
      2670         28          0          0         64      30104   queue.o
       264         96          0         12          0       4636   recordtask.o
       426         34          0          4         52       3803   rtc.o
       488         34         20          8          0       6721   sd_diskio.o
       392         34          0          0        324       1927   sdio.o
       812        244          0          0        796       8088   sdtask.o
        36          8        392          0      20480        832   startup_stm32f407xx.o
       116         18          0         12          0       8682   stm32f4xx_hal.o
      1144         52          0          0          0       5809   stm32f4xx_hal_adc.o
       194         24          0          0          0      33605   stm32f4xx_hal_cortex.o
      1088         16          8          0          0       7881   stm32f4xx_hal_dma.o
       532         46          0          0          0       3476   stm32f4xx_hal_gpio.o
        56          4          0          0          0        858   stm32f4xx_hal_msp.o
      1408         82          0          0          0       5861   stm32f4xx_hal_rcc.o
       316         20          0          0          0       1376   stm32f4xx_hal_rcc_ex.o
       862         36          0          0          0       8129   stm32f4xx_hal_rtc.o
        20          0          0          0          0       1699   stm32f4xx_hal_rtc_ex.o
      3006         70          0          0          0      16523   stm32f4xx_hal_sd.o
       748         74          0          0          0       7460   stm32f4xx_hal_tim.o
         4          0          0          0          0       1617   stm32f4xx_hal_tim_ex.o
       152         20          0          0         72       1463   stm32f4xx_hal_timebase_tim.o
      1642         16          0          0          0      11368   stm32f4xx_hal_uart.o
        84         36          0          0          0       5545   stm32f4xx_it.o
      1668         48          0          0          0      23447   stm32f4xx_ll_sdmmc.o
        58          0          0          0          0       3304   syscall.o
        16          4         24          4          0       1115   system_stm32f4xx.o
      2660        226          0         60       1220      32510   tasks.o
       972         80          0         20        280      32043   timers.o
       464         60          0          1        404       4143   usart.o

    ----------------------------------------------------------------------
     40030       2500     175936        236      41152    1286782   Object Totals
         0          0         32          0          0          0   (incl. Generated)
        78          0          3          6          6          0   (incl. Padding)

    ----------------------------------------------------------------------

      Code (inc. data)   RO Data    RW Data    ZI Data      Debug   Library Member Name

        20          0          0          0          0        124   fabs.o
        40         10          0          0          0        128   strtod.o
        56          8          0          0          0         84   __0sscanf.o
       816          6          0          0          0        112   _scanf.o
        64          0          0          0          0         84   _sgetc.o
        40          6         64          0          0         68   ctype_c.o
         0          0          0          0          0          0   entry.o
         0          0          0          0          0          0   entry10a.o
         0          0          0          0          0          0   entry11a.o
         4          0          0          0          0          0   entry12b.o
         8          4          0          0          0          0   entry2.o
         4          0          0          0          0          0   entry5.o
         0          0          0          0          0          0   entry7b.o
         0          0          0          0          0          0   entry8b.o
         8          4          0          0          0          0   entry9a.o
        30          0          0          0          0          0   handlers.o
        36          8          0          0          0         68   init.o
        10          0          0          0          0         68   isspace_c.o
         0          0          0          0          0          0   iusefp.o
        30          0          0          0          0         68   llshl.o
        36          0          0          0          0         68   llsshr.o
        32          0          0          0          0         68   llushr.o
       360         30          0          0          0        356   mallocr.o
        36          0          0          0          0         68   memcpya.o
        36          0          0          0          0        108   memseta.o
         0          0          0          8          0          0   mvars.o
      2342        100          0          0          0        772   printfa.o
        40          8          0          0          0         84   scanf_char.o
       878         12          0          0          0        216   scanf_fp.o
         0          0          0          4          0          0   stdout.o
        28          0          0          0          0         76   strcmp.o
        18          0          0          0          0         68   strcpy.o
        14          0          0          0          0         68   strlen.o
        30          0          0          0          0         80   strncmp.o
       156         12          0          0          0        120   strtod.o
        12          0          0          0          0         68   tolower.o
        44          0          0          0          0         80   uidiv.o
        98          0          0          0          0         92   uldiv.o
        48          0          0          0          0         68   cdcmple.o
        48          0          0          0          0         68   cdrcmple.o
        56          0          0          0          0         88   d2f.o
       334          0          0          0          0        148   dadd.o
       222          0          0          0          0        100   ddiv.o
       186          0          0          0          0        176   depilogue.o
        62          0          0          0          0         80   dfixi.o
        50          0          0          0          0         76   dfixui.o
        48          0          0          0          0         68   dfixul.o
        34          0          0          0          0         76   dflti.o
        24          0          0          0          0         76   dfltul.o
       228          0          0          0          0         96   dmul.o
        38          0          0          0          0         68   f2d.o
       110          0          0          0          0        168   fepilogue.o

    ----------------------------------------------------------------------
      6826        208         64         12          0       4552   Library Totals
        12          0          0          0          0          0   (incl. Padding)

    ----------------------------------------------------------------------

      Code (inc. data)   RO Data    RW Data    ZI Data      Debug   Library Name

        60         10          0          0          0        252   m_wm.l
      5266        198         64         12          0       2944   mc_w.l
      1488          0          0          0          0       1356   mf_w.l

    ----------------------------------------------------------------------
      6826        208         64         12          0       4552   Library Totals

    ----------------------------------------------------------------------

==============================================================================


      Code (inc. data)   RO Data    RW Data    ZI Data      Debug   

     46856       2708     176000        248      41152    1250146   Grand Totals
     46856       2708     176000        248      41152    1250146   ELF Image Totals
     46856       2708     176000        248          0          0   ROM Totals

==============================================================================

    Total RO  Size (Code + RO Data)               222856 ( 217.63kB)
    Total RW  Size (RW Data + ZI Data)             41400 (  40.43kB)
    Total ROM Size (Code + RO Data + RW Data)     223104 ( 217.88kB)

==============================================================================

