Component: ARM Compiler 5.06 update 7 (build 960) Tool: armlink [4d3601]

==============================================================================

Section Cross References

    startup_stm32f407xx.o(RESET) refers to startup_stm32f407xx.o(STACK) for __initial_sp
    startup_stm32f407xx.o(RESET) refers to startup_stm32f407xx.o(.text) for Reset_Handler
    startup_stm32f407xx.o(RESET) refers to stm32f4xx_it.o(i.NMI_Handler) for NMI_Handler
    startup_stm32f407xx.o(RESET) refers to stm32f4xx_it.o(i.HardFault_Handler) for HardFault_Handler
    startup_stm32f407xx.o(RESET) refers to stm32f4xx_it.o(i.MemManage_Handler) for MemManage_Handler
    startup_stm32f407xx.o(RESET) refers to stm32f4xx_it.o(i.BusFault_Handler) for BusFault_Handler
    startup_stm32f407xx.o(RESET) refers to stm32f4xx_it.o(i.UsageFault_Handler) for UsageFault_Handler
    startup_stm32f407xx.o(RESET) refers to port.o(.emb_text) for SVC_Handler
    startup_stm32f407xx.o(RESET) refers to stm32f4xx_it.o(i.DebugMon_Handler) for DebugMon_Handler
    startup_stm32f407xx.o(RESET) refers to stm32f4xx_it.o(i.SysTick_Handler) for SysTick_Handler
    startup_stm32f407xx.o(RESET) refers to stm32f4xx_it.o(i.USART1_IRQHandler) for USART1_IRQHandler
    startup_stm32f407xx.o(RESET) refers to stm32f4xx_it.o(i.USART3_IRQHandler) for USART3_IRQHandler
    startup_stm32f407xx.o(RESET) refers to stm32f4xx_it.o(i.SDIO_IRQHandler) for SDIO_IRQHandler
    startup_stm32f407xx.o(RESET) refers to stm32f4xx_it.o(i.DMA2_Stream3_IRQHandler) for DMA2_Stream3_IRQHandler
    startup_stm32f407xx.o(RESET) refers to stm32f4xx_it.o(i.DMA2_Stream6_IRQHandler) for DMA2_Stream6_IRQHandler
    startup_stm32f407xx.o(.text) refers to system_stm32f4xx.o(i.SystemInit) for SystemInit
    startup_stm32f407xx.o(.text) refers to entry.o(.ARM.Collect$$$$00000000) for __main
    cmd.o(i.CMDTask) refers to memcpya.o(.text) for __aeabi_memcpy4
    cmd.o(i.CMDTask) refers to stm32f4xx_hal_uart.o(i.HAL_UART_Receive_IT) for HAL_UART_Receive_IT
    cmd.o(i.CMDTask) refers to cmsis_os2.o(i.osMessageQueueGet) for osMessageQueueGet
    cmd.o(i.CMDTask) refers to cjson.o(i.cJSON_ParseWithLength) for cJSON_ParseWithLength
    cmd.o(i.CMDTask) refers to cjson.o(i.cJSON_GetObjectItem) for cJSON_GetObjectItem
    cmd.o(i.CMDTask) refers to cjson.o(i.cJSON_GetStringValue) for cJSON_GetStringValue
    cmd.o(i.CMDTask) refers to strcmp.o(.text) for strcmp
    cmd.o(i.CMDTask) refers to cmsis_os2.o(i.osMutexAcquire) for osMutexAcquire
    cmd.o(i.CMDTask) refers to printfa.o(i.__0printf) for __2printf
    cmd.o(i.CMDTask) refers to cmsis_os2.o(i.osMutexRelease) for osMutexRelease
    cmd.o(i.CMDTask) refers to cjson.o(i.cJSON_Delete) for cJSON_Delete
    cmd.o(i.CMDTask) refers to cmd.o(.constdata) for .constdata
    cmd.o(i.CMDTask) refers to usart.o(.data) for aRxBuffer
    cmd.o(i.CMDTask) refers to usart.o(.bss) for huart1
    cmd.o(i.CMDTask) refers to freertos.o(.data) for rxQueueHandle
    cmd.o(i.CMDTask) refers to cmd.o(.bss) for .bss
    cmd.o(i.readADC) refers to adc.o(i.read_adc) for read_adc
    cmd.o(i.readADC) refers to cmsis_os2.o(i.osMutexAcquire) for osMutexAcquire
    cmd.o(i.readADC) refers to printfa.o(i.__0printf) for __2printf
    cmd.o(i.readADC) refers to f2d.o(.text) for __aeabi_f2d
    cmd.o(i.readADC) refers to cmsis_os2.o(i.osMutexRelease) for osMutexRelease
    cmd.o(i.readADC) refers to freertos.o(.data) for printMutexHandle
    cmd.o(i.reboot) refers to cmsis_os2.o(i.osMutexAcquire) for osMutexAcquire
    cmd.o(i.reboot) refers to printfa.o(i.__0printf) for __2printf
    cmd.o(i.reboot) refers to cmsis_os2.o(i.osMutexRelease) for osMutexRelease
    cmd.o(i.reboot) refers to cmsis_os2.o(i.osDelay) for osDelay
    cmd.o(i.reboot) refers to stm32f4xx_hal_cortex.o(i.HAL_NVIC_SystemReset) for HAL_NVIC_SystemReset
    cmd.o(i.reboot) refers to freertos.o(.data) for printMutexHandle
    cmd.o(i.sum) refers to cjson.o(i.cJSON_GetObjectItem) for cJSON_GetObjectItem
    cmd.o(i.sum) refers to cjson.o(i.cJSON_IsNumber) for cJSON_IsNumber
    cmd.o(i.sum) refers to cjson.o(i.cJSON_GetNumberValue) for cJSON_GetNumberValue
    cmd.o(i.sum) refers to dadd.o(.text) for __aeabi_dadd
    cmd.o(i.sum) refers to cjson.o(i.cJSON_CreateObject) for cJSON_CreateObject
    cmd.o(i.sum) refers to cjson.o(i.cJSON_AddStringToObject) for cJSON_AddStringToObject
    cmd.o(i.sum) refers to cjson.o(i.cJSON_AddNumberToObject) for cJSON_AddNumberToObject
    cmd.o(i.sum) refers to cjson.o(i.cJSON_Print) for cJSON_Print
    cmd.o(i.sum) refers to cmsis_os2.o(i.osMutexAcquire) for osMutexAcquire
    cmd.o(i.sum) refers to printfa.o(i.__0printf) for __2printf
    cmd.o(i.sum) refers to cmsis_os2.o(i.osMutexRelease) for osMutexRelease
    cmd.o(i.sum) refers to mallocr.o(i.__free$realloc) for free
    cmd.o(i.sum) refers to cjson.o(i.cJSON_Delete) for cJSON_Delete
    cmd.o(i.sum) refers to freertos.o(.data) for printMutexHandle
    cmd.o(i.switch12V) refers to cjson.o(i.cJSON_IsString) for cJSON_IsString
[...]
    SPI2_IRQHandler                          0x0800027b   Thumb Code     0  startup_stm32f407xx.o(.text)
    SPI3_IRQHandler                          0x0800027b   Thumb Code     0  startup_stm32f407xx.o(.text)
    TAMP_STAMP_IRQHandler                    0x0800027b   Thumb Code     0  startup_stm32f407xx.o(.text)
    TIM1_BRK_TIM9_IRQHandler                 0x0800027b   Thumb Code     0  startup_stm32f407xx.o(.text)
    TIM1_CC_IRQHandler                       0x0800027b   Thumb Code     0  startup_stm32f407xx.o(.text)
    TIM1_TRG_COM_TIM11_IRQHandler            0x0800027b   Thumb Code     0  startup_stm32f407xx.o(.text)
    TIM1_UP_TIM10_IRQHandler                 0x0800027b   Thumb Code     0  startup_stm32f407xx.o(.text)
    TIM2_IRQHandler                          0x0800027b   Thumb Code     0  startup_stm32f407xx.o(.text)
    TIM3_IRQHandler                          0x0800027b   Thumb Code     0  startup_stm32f407xx.o(.text)
    TIM4_IRQHandler                          0x0800027b   Thumb Code     0  startup_stm32f407xx.o(.text)
    TIM5_IRQHandler                          0x0800027b   Thumb Code     0  startup_stm32f407xx.o(.text)
    TIM6_DAC_IRQHandler                      0x0800027b   Thumb Code     0  startup_stm32f407xx.o(.text)
    TIM7_IRQHandler                          0x0800027b   Thumb Code     0  startup_stm32f407xx.o(.text)
    TIM8_BRK_TIM12_IRQHandler                0x0800027b   Thumb Code     0  startup_stm32f407xx.o(.text)
    TIM8_CC_IRQHandler                       0x0800027b   Thumb Code     0  startup_stm32f407xx.o(.text)
    TIM8_TRG_COM_TIM14_IRQHandler            0x0800027b   Thumb Code     0  startup_stm32f407xx.o(.text)
    TIM8_UP_TIM13_IRQHandler                 0x0800027b   Thumb Code     0  startup_stm32f407xx.o(.text)
    UART4_IRQHandler                         0x0800027b   Thumb Code     0  startup_stm32f407xx.o(.text)
    UART5_IRQHandler                         0x0800027b   Thumb Code     0  startup_stm32f407xx.o(.text)
    USART2_IRQHandler                        0x0800027b   Thumb Code     0  startup_stm32f407xx.o(.text)
    USART6_IRQHandler                        0x0800027b   Thumb Code     0  startup_stm32f407xx.o(.text)
    WWDG_IRQHandler                          0x0800027b   Thumb Code     0  startup_stm32f407xx.o(.text)
    __aeabi_uldivmod                         0x08000285   Thumb Code    98  uldiv.o(.text)
    tolower                                  0x080002e7   Thumb Code    12  tolower.o(.text)
    __aeabi_memcpy                           0x080002f3   Thumb Code    36  memcpya.o(.text)
    __aeabi_memcpy4                          0x080002f3   Thumb Code     0  memcpya.o(.text)
    __aeabi_memcpy8                          0x080002f3   Thumb Code     0  memcpya.o(.text)
    __aeabi_memset                           0x08000317   Thumb Code    14  memseta.o(.text)
    __aeabi_memset4                          0x08000317   Thumb Code     0  memseta.o(.text)
    __aeabi_memset8                          0x08000317   Thumb Code     0  memseta.o(.text)
    __aeabi_memclr                           0x08000325   Thumb Code     4  memseta.o(.text)
    __aeabi_memclr4                          0x08000325   Thumb Code     0  memseta.o(.text)
    __aeabi_memclr8                          0x08000325   Thumb Code     0  memseta.o(.text)
    memset                                   0x08000329   Thumb Code    18  memseta.o(.text)
    strlen                                   0x0800033b   Thumb Code    14  strlen.o(.text)
    strcmp                                   0x08000349   Thumb Code    28  strcmp.o(.text)
    strcpy                                   0x08000365   Thumb Code    18  strcpy.o(.text)
    strncmp                                  0x08000377   Thumb Code    30  strncmp.o(.text)
    __0sscanf                                0x08000395   Thumb Code    48  __0sscanf.o(.text)
    _scanf_real                              0x080004f5   Thumb Code     0  scanf_fp.o(.text)
    _scanf_really_real                       0x080004f5   Thumb Code   556  scanf_fp.o(.text)
    __aeabi_dadd                             0x0800072d   Thumb Code   322  dadd.o(.text)
    __aeabi_dsub                             0x0800086f   Thumb Code     6  dadd.o(.text)
    __aeabi_drsub                            0x08000875   Thumb Code     6  dadd.o(.text)
    __aeabi_dmul                             0x0800087b   Thumb Code   228  dmul.o(.text)
    __aeabi_i2d                              0x0800095f   Thumb Code    34  dflti.o(.text)
    __aeabi_d2iz                             0x08000981   Thumb Code    62  dfixi.o(.text)
    __aeabi_f2d                              0x080009bf   Thumb Code    38  f2d.o(.text)
    __aeabi_cdcmpeq                          0x080009e5   Thumb Code     0  cdcmple.o(.text)
    __aeabi_cdcmple                          0x080009e5   Thumb Code    48  cdcmple.o(.text)
    __aeabi_cdrcmple                         0x08000a15   Thumb Code    48  cdrcmple.o(.text)
    __aeabi_uidiv                            0x08000a45   Thumb Code     0  uidiv.o(.text)
    __aeabi_uidivmod                         0x08000a45   Thumb Code    44  uidiv.o(.text)
    __aeabi_llsl                             0x08000a71   Thumb Code    30  llshl.o(.text)
    _ll_shift_l                              0x08000a71   Thumb Code     0  llshl.o(.text)
    __aeabi_llsr                             0x08000a8f   Thumb Code    32  llushr.o(.text)
    _ll_ushift_r                             0x08000a8f   Thumb Code     0  llushr.o(.text)
    __aeabi_lasr                             0x08000aaf   Thumb Code    36  llsshr.o(.text)
    _ll_sshift_r                             0x08000aaf   Thumb Code     0  llsshr.o(.text)
    __vfscanf_char                           0x08000ae1   Thumb Code    20  scanf_char.o(.text)
    _sgetc                                   0x08000afd   Thumb Code    30  _sgetc.o(.text)
    _sbackspace                              0x08000b1b   Thumb Code    34  _sgetc.o(.text)
    __strtod_int                             0x08000b73   Thumb Code    90  strtod.o(.text)
    __I$use$fp                               0x08000bd9   Thumb Code     0  iusefp.o(.text)
    _double_round                            0x08000bd9   Thumb Code    30  depilogue.o(.text)
    _double_epilogue                         0x08000bf7   Thumb Code   156  depilogue.o(.text)
    __aeabi_ddiv                             0x08000c93   Thumb Code   222  ddiv.o(.text)
    __aeabi_ul2d                             0x08000d71   Thumb Code    24  dfltul.o(.text)
    __aeabi_d2ulz                            0x08000d89   Thumb Code    48  dfixul.o(.text)
    __aeabi_d2f                              0x08000db9   Thumb Code    56  d2f.o(.text)
    __scatterload                            0x08000df1   Thumb Code    28  init.o(.text)
    __scatterload_rt2                        0x08000df1   Thumb Code     0  init.o(.text)
    isspace                                  0x08000e15   Thumb Code    10  isspace_c.o(.text)
    __vfscanf                                0x08000e21   Thumb Code   810  _scanf.o(.text)
    _float_round                             0x08001151   Thumb Code    18  fepilogue.o(.text)
    _float_epilogue                          0x08001163   Thumb Code    92  fepilogue.o(.text)
    __ctype_lookup                           0x080011c1   Thumb Code    34  ctype_c.o(.text)
    BSP_PlatformIsDetected                   0x08001311   Thumb Code    20  fatfs_platform.o(i.BSP_PlatformIsDetected)
    BSP_SD_AbortCallback                     0x08001329   Thumb Code     2  bsp_driver_sd.o(i.BSP_SD_AbortCallback)
    BSP_SD_GetCardInfo                       0x0800132d   Thumb Code     8  bsp_driver_sd.o(i.BSP_SD_GetCardInfo)
    BSP_SD_GetCardState                      0x08001339   Thumb Code    20  bsp_driver_sd.o(i.BSP_SD_GetCardState)
    BSP_SD_Init                              0x08001351   Thumb Code    42  bsp_driver_sd.o(i.BSP_SD_Init)
    BSP_SD_IsDetected                        0x08001381   Thumb Code    26  bsp_driver_sd.o(i.BSP_SD_IsDetected)
    BSP_SD_ReadBlocks_DMA                    0x0800139d   Thumb Code    24  bsp_driver_sd.o(i.BSP_SD_ReadBlocks_DMA)
    BSP_SD_ReadCpltCallback                  0x080013b9   Thumb Code    24  sd_diskio.o(i.BSP_SD_ReadCpltCallback)
    BSP_SD_WriteBlocks_DMA                   0x080013d5   Thumb Code    24  bsp_driver_sd.o(i.BSP_SD_WriteBlocks_DMA)
    BSP_SD_WriteCpltCallback                 0x080013f1   Thumb Code    24  sd_diskio.o(i.BSP_SD_WriteCpltCallback)
    BusFault_Handler                         0x0800140d   Thumb Code     2  stm32f4xx_it.o(i.BusFault_Handler)
    CMDTask                                  0x08001411   Thumb Code   188  cmd.o(i.CMDTask)
    CharToDec                                0x08001511   Thumb Code    98  rtc.o(i.CharToDec)
    DMA2_Stream3_IRQHandler                  0x08001575   Thumb Code     6  stm32f4xx_it.o(i.DMA2_Stream3_IRQHandler)
    DMA2_Stream6_IRQHandler                  0x08001581   Thumb Code     6  stm32f4xx_it.o(i.DMA2_Stream6_IRQHandler)
    DebugMon_Handler                         0x08001631   Thumb Code     2  stm32f4xx_it.o(i.DebugMon_Handler)
    Error_Handler                            0x08001633   Thumb Code     4  main.o(i.Error_Handler)
    FATFS_LinkDriver                         0x08001637   Thumb Code     6  ff_gen_drv.o(i.FATFS_LinkDriver)
    FATFS_LinkDriverEx                       0x0800163d   Thumb Code    58  ff_gen_drv.o(i.FATFS_LinkDriverEx)
    HAL_ADC_ConfigChannel                    0x0800167d   Thumb Code   316  stm32f4xx_hal_adc.o(i.HAL_ADC_ConfigChannel)
    HAL_ADC_GetState                         0x080017c9   Thumb Code     4  stm32f4xx_hal_adc.o(i.HAL_ADC_GetState)
    HAL_ADC_GetValue                         0x080017cd   Thumb Code     6  stm32f4xx_hal_adc.o(i.HAL_ADC_GetValue)
    HAL_ADC_Init                             0x080017d3   Thumb Code    84  stm32f4xx_hal_adc.o(i.HAL_ADC_Init)
    HAL_ADC_MspInit                          0x08001829   Thumb Code    84  adc.o(i.HAL_ADC_MspInit)
    HAL_ADC_PollForConversion                0x08001889   Thumb Code   170  stm32f4xx_hal_adc.o(i.HAL_ADC_PollForConversion)
    HAL_ADC_Start                            0x08001935   Thumb Code   228  stm32f4xx_hal_adc.o(i.HAL_ADC_Start)
    HAL_DMA_Abort                            0x08001a31   Thumb Code   146  stm32f4xx_hal_dma.o(i.HAL_DMA_Abort)
    HAL_DMA_Abort_IT                         0x08001ac3   Thumb Code    36  stm32f4xx_hal_dma.o(i.HAL_DMA_Abort_IT)
    HAL_DMA_GetError                         0x08001ae7   Thumb Code     4  stm32f4xx_hal_dma.o(i.HAL_DMA_GetError)
    HAL_DMA_IRQHandler                       0x08001aed   Thumb Code   412  stm32f4xx_hal_dma.o(i.HAL_DMA_IRQHandler)
    HAL_DMA_Init                             0x08001c8d   Thumb Code   206  stm32f4xx_hal_dma.o(i.HAL_DMA_Init)
    HAL_DMA_Start_IT                         0x08001d61   Thumb Code   110  stm32f4xx_hal_dma.o(i.HAL_DMA_Start_IT)
    HAL_Delay                                0x08001dd1   Thumb Code    32  stm32f4xx_hal.o(i.HAL_Delay)
    HAL_GPIO_Init                            0x08001df5   Thumb Code   450  stm32f4xx_hal_gpio.o(i.HAL_GPIO_Init)
    HAL_GPIO_ReadPin                         0x08001fe5   Thumb Code    10  stm32f4xx_hal_gpio.o(i.HAL_GPIO_ReadPin)
    HAL_GPIO_TogglePin                       0x08001fef   Thumb Code    16  stm32f4xx_hal_gpio.o(i.HAL_GPIO_TogglePin)
    HAL_GPIO_WritePin                        0x08001fff   Thumb Code    10  stm32f4xx_hal_gpio.o(i.HAL_GPIO_WritePin)
    HAL_GetTick                              0x08002009   Thumb Code     6  stm32f4xx_hal.o(i.HAL_GetTick)
    HAL_IncTick                              0x08002015   Thumb Code    12  stm32f4xx_hal.o(i.HAL_IncTick)
    HAL_Init                                 0x08002025   Thumb Code    48  stm32f4xx_hal.o(i.HAL_Init)
    HAL_InitTick                             0x08002059   Thumb Code    54  stm32f4xx_hal.o(i.HAL_InitTick)
    HAL_MspInit                              0x08002099   Thumb Code    52  stm32f4xx_hal_msp.o(i.HAL_MspInit)
    HAL_NVIC_EnableIRQ                       0x080020d1   Thumb Code    26  stm32f4xx_hal_cortex.o(i.HAL_NVIC_EnableIRQ)
    HAL_NVIC_SetPriority                     0x080020ed   Thumb Code    60  stm32f4xx_hal_cortex.o(i.HAL_NVIC_SetPriority)
    HAL_NVIC_SetPriorityGrouping             0x0800212d   Thumb Code    26  stm32f4xx_hal_cortex.o(i.HAL_NVIC_SetPriorityGrouping)
    HAL_NVIC_SystemReset                     0x08002151   Thumb Code    26  stm32f4xx_hal_cortex.o(i.HAL_NVIC_SystemReset)
    HAL_RCCEx_PeriphCLKConfig                0x08002175   Thumb Code   296  stm32f4xx_hal_rcc_ex.o(i.HAL_RCCEx_PeriphCLKConfig)
    HAL_RCC_ClockConfig                      0x080022b1   Thumb Code   288  stm32f4xx_hal_rcc.o(i.HAL_RCC_ClockConfig)
    HAL_RCC_GetPCLK1Freq                     0x080023e5   Thumb Code    20  stm32f4xx_hal_rcc.o(i.HAL_RCC_GetPCLK1Freq)
    HAL_RCC_GetPCLK2Freq                     0x08002405   Thumb Code    20  stm32f4xx_hal_rcc.o(i.HAL_RCC_GetPCLK2Freq)
    HAL_RCC_GetSysClockFreq                  0x08002425   Thumb Code    88  stm32f4xx_hal_rcc.o(i.HAL_RCC_GetSysClockFreq)
    HAL_RCC_OscConfig                        0x08002485   Thumb Code   856  stm32f4xx_hal_rcc.o(i.HAL_RCC_OscConfig)
    HAL_RTCEx_BKUPRead                       0x080027f1   Thumb Code    10  stm32f4xx_hal_rtc_ex.o(i.HAL_RTCEx_BKUPRead)
    HAL_RTCEx_BKUPWrite                      0x080027fb   Thumb Code    10  stm32f4xx_hal_rtc_ex.o(i.HAL_RTCEx_BKUPWrite)
    HAL_RTC_GetDate                          0x08002805   Thumb Code    62  stm32f4xx_hal_rtc.o(i.HAL_RTC_GetDate)
    HAL_RTC_GetTime                          0x08002849   Thumb Code    78  stm32f4xx_hal_rtc.o(i.HAL_RTC_GetTime)
    HAL_RTC_Init                             0x0800289d   Thumb Code   150  stm32f4xx_hal_rtc.o(i.HAL_RTC_Init)
    HAL_RTC_MspInit                          0x08002939   Thumb Code    48  rtc.o(i.HAL_RTC_MspInit)
    HAL_RTC_SetDate                          0x08002971   Thumb Code   146  stm32f4xx_hal_rtc.o(i.HAL_RTC_SetDate)
    HAL_RTC_SetTime                          0x08002a09   Thumb Code   186  stm32f4xx_hal_rtc.o(i.HAL_RTC_SetTime)
    HAL_RTC_WaitForSynchro                   0x08002ac9   Thumb Code    50  stm32f4xx_hal_rtc.o(i.HAL_RTC_WaitForSynchro)
    HAL_SD_AbortCallback                     0x08002b01   Thumb Code     8  bsp_driver_sd.o(i.HAL_SD_AbortCallback)
    HAL_SD_ConfigWideBusOperation            0x08002b09   Thumb Code   276  stm32f4xx_hal_sd.o(i.HAL_SD_ConfigWideBusOperation)
    HAL_SD_ErrorCallback                     0x08002c21   Thumb Code     2  stm32f4xx_hal_sd.o(i.HAL_SD_ErrorCallback)
    HAL_SD_GetCardCSD                        0x08002c25   Thumb Code   402  stm32f4xx_hal_sd.o(i.HAL_SD_GetCardCSD)
    HAL_SD_GetCardInfo                       0x08002dbd   Thumb Code    36  stm32f4xx_hal_sd.o(i.HAL_SD_GetCardInfo)
    HAL_SD_GetCardState                      0x08002de1   Thumb Code    44  stm32f4xx_hal_sd.o(i.HAL_SD_GetCardState)
    HAL_SD_IRQHandler                        0x08002e0d   Thumb Code   512  stm32f4xx_hal_sd.o(i.HAL_SD_IRQHandler)
    HAL_SD_Init                              0x08003015   Thumb Code    54  stm32f4xx_hal_sd.o(i.HAL_SD_Init)
    HAL_SD_InitCard                          0x0800304d   Thumb Code   116  stm32f4xx_hal_sd.o(i.HAL_SD_InitCard)
    HAL_SD_MspInit                           0x080030c9   Thumb Code   300  sdio.o(i.HAL_SD_MspInit)
    HAL_SD_ReadBlocks_DMA                    0x0800320d   Thumb Code   276  stm32f4xx_hal_sd.o(i.HAL_SD_ReadBlocks_DMA)
    HAL_SD_RxCpltCallback                    0x08003331   Thumb Code     8  bsp_driver_sd.o(i.HAL_SD_RxCpltCallback)
    HAL_SD_TxCpltCallback                    0x08003339   Thumb Code     8  bsp_driver_sd.o(i.HAL_SD_TxCpltCallback)
    HAL_SD_WriteBlocks_DMA                   0x08003341   Thumb Code   270  stm32f4xx_hal_sd.o(i.HAL_SD_WriteBlocks_DMA)
    HAL_SYSTICK_Config                       0x08003461   Thumb Code    40  stm32f4xx_hal_cortex.o(i.HAL_SYSTICK_Config)
    HAL_UARTEx_RxEventCallback               0x08003489   Thumb Code     2  stm32f4xx_hal_uart.o(i.HAL_UARTEx_RxEventCallback)
    HAL_UART_ErrorCallback                   0x0800348b   Thumb Code     2  stm32f4xx_hal_uart.o(i.HAL_UART_ErrorCallback)
    HAL_UART_IRQHandler                      0x0800348d   Thumb Code   618  stm32f4xx_hal_uart.o(i.HAL_UART_IRQHandler)
    HAL_UART_Init                            0x080036fd   Thumb Code   100  stm32f4xx_hal_uart.o(i.HAL_UART_Init)
    HAL_UART_MspInit                         0x08003761   Thumb Code   186  usart.o(i.HAL_UART_MspInit)
    HAL_UART_Receive_IT                      0x08003831   Thumb Code    28  stm32f4xx_hal_uart.o(i.HAL_UART_Receive_IT)
    HAL_UART_RxCpltCallback                  0x0800384d   Thumb Code   102  usart.o(i.HAL_UART_RxCpltCallback)
    HAL_UART_Transmit                        0x080038c5   Thumb Code   160  stm32f4xx_hal_uart.o(i.HAL_UART_Transmit)
    HAL_UART_TxCpltCallback                  0x08003965   Thumb Code     2  stm32f4xx_hal_uart.o(i.HAL_UART_TxCpltCallback)
    HardFault_Handler                        0x08003967   Thumb Code     2  stm32f4xx_it.o(i.HardFault_Handler)
    MX_ADC1_Init                             0x08003969   Thumb Code    90  adc.o(i.MX_ADC1_Init)
    MX_DMA_Init                              0x080039d1   Thumb Code    56  dma.o(i.MX_DMA_Init)
    MX_FATFS_Init                            0x08003a0d   Thumb Code    18  fatfs.o(i.MX_FATFS_Init)
    MX_FREERTOS_Init                         0x08003a29   Thumb Code    58  freertos.o(i.MX_FREERTOS_Init)
    MX_GPIO_Init                             0x08003a75   Thumb Code   168  gpio.o(i.MX_GPIO_Init)
    MX_RTC_Init                              0x08003b29   Thumb Code   190  rtc.o(i.MX_RTC_Init)
    MX_SDIO_SD_Init                          0x08003bf5   Thumb Code    58  sdio.o(i.MX_SDIO_SD_Init)
    MX_USART1_UART_Init                      0x08003c39   Thumb Code    48  usart.o(i.MX_USART1_UART_Init)
    MX_USART3_UART_Init                      0x08003c71   Thumb Code    48  usart.o(i.MX_USART3_UART_Init)
    MemManage_Handler                        0x08003ca9   Thumb Code     2  stm32f4xx_it.o(i.MemManage_Handler)
    NMI_Handler                              0x08003cab   Thumb Code     2  stm32f4xx_it.o(i.NMI_Handler)
    PostSleepProcessing                      0x08003cad   Thumb Code   108  freertos.o(i.PostSleepProcessing)
    PreSleepProcessing                       0x08003d25   Thumb Code    60  freertos.o(i.PreSleepProcessing)
    RTC_Bcd2ToByte                           0x08003d6d   Thumb Code    18  stm32f4xx_hal_rtc.o(i.RTC_Bcd2ToByte)
    RTC_ByteToBcd2                           0x08003d7f   Thumb Code    22  stm32f4xx_hal_rtc.o(i.RTC_ByteToBcd2)
    RTC_EnterInitMode                        0x08003d95   Thumb Code    72  stm32f4xx_hal_rtc.o(i.RTC_EnterInitMode)
    RTC_ExitInitMode                         0x08003ddd   Thumb Code    42  stm32f4xx_hal_rtc.o(i.RTC_ExitInitMode)
    SDIO_ConfigData                          0x08003e07   Thumb Code    36  stm32f4xx_ll_sdmmc.o(i.SDIO_ConfigData)
    SDIO_GetPowerState                       0x08003e2b   Thumb Code     8  stm32f4xx_ll_sdmmc.o(i.SDIO_GetPowerState)
    SDIO_GetResponse                         0x08003e33   Thumb Code     6  stm32f4xx_ll_sdmmc.o(i.SDIO_GetResponse)
    SDIO_IRQHandler                          0x08003e39   Thumb Code     6  stm32f4xx_it.o(i.SDIO_IRQHandler)
    SDIO_Init                                0x08003e45   Thumb Code    36  stm32f4xx_ll_sdmmc.o(i.SDIO_Init)
    SDIO_PowerState_ON                       0x08003e69   Thumb Code     8  stm32f4xx_ll_sdmmc.o(i.SDIO_PowerState_ON)
    SDIO_ReadFIFO                            0x08003e71   Thumb Code     6  stm32f4xx_ll_sdmmc.o(i.SDIO_ReadFIFO)
    SDIO_SendCommand                         0x08003e77   Thumb Code    32  stm32f4xx_ll_sdmmc.o(i.SDIO_SendCommand)
    SDIO_WriteFIFO                           0x08003e97   Thumb Code    10  stm32f4xx_ll_sdmmc.o(i.SDIO_WriteFIFO)
    SDMMC_CmdAppCommand                      0x08003ea1   Thumb Code    50  stm32f4xx_ll_sdmmc.o(i.SDMMC_CmdAppCommand)
    SDMMC_CmdAppOperCommand                  0x08003ed5   Thumb Code    48  stm32f4xx_ll_sdmmc.o(i.SDMMC_CmdAppOperCommand)
    SDMMC_CmdBlockLength                     0x08003f09   Thumb Code    50  stm32f4xx_ll_sdmmc.o(i.SDMMC_CmdBlockLength)
    SDMMC_CmdBusWidth                        0x08003f3b   Thumb Code    50  stm32f4xx_ll_sdmmc.o(i.SDMMC_CmdBusWidth)
    SDMMC_CmdGoIdleState                     0x08003f6d   Thumb Code    74  stm32f4xx_ll_sdmmc.o(i.SDMMC_CmdGoIdleState)
    SDMMC_CmdOperCond                        0x08003fbd   Thumb Code    48  stm32f4xx_ll_sdmmc.o(i.SDMMC_CmdOperCond)
    SDMMC_CmdReadMultiBlock                  0x08003fed   Thumb Code    50  stm32f4xx_ll_sdmmc.o(i.SDMMC_CmdReadMultiBlock)
    SDMMC_CmdReadSingleBlock                 0x0800401f   Thumb Code    50  stm32f4xx_ll_sdmmc.o(i.SDMMC_CmdReadSingleBlock)
    SDMMC_CmdSelDesel                        0x08004051   Thumb Code    50  stm32f4xx_ll_sdmmc.o(i.SDMMC_CmdSelDesel)
    SDMMC_CmdSendCID                         0x08004083   Thumb Code    44  stm32f4xx_ll_sdmmc.o(i.SDMMC_CmdSendCID)
    SDMMC_CmdSendCSD                         0x080040af   Thumb Code    44  stm32f4xx_ll_sdmmc.o(i.SDMMC_CmdSendCSD)
    SDMMC_CmdSendSCR                         0x080040db   Thumb Code    48  stm32f4xx_ll_sdmmc.o(i.SDMMC_CmdSendSCR)
    SDMMC_CmdSendStatus                      0x0800410b   Thumb Code    50  stm32f4xx_ll_sdmmc.o(i.SDMMC_CmdSendStatus)
    SDMMC_CmdSetRelAdd                       0x0800413d   Thumb Code    48  stm32f4xx_ll_sdmmc.o(i.SDMMC_CmdSetRelAdd)
    SDMMC_CmdStopTransfer                    0x0800416d   Thumb Code    46  stm32f4xx_ll_sdmmc.o(i.SDMMC_CmdStopTransfer)
    SDMMC_CmdWriteMultiBlock                 0x080041a1   Thumb Code    50  stm32f4xx_ll_sdmmc.o(i.SDMMC_CmdWriteMultiBlock)
    SDMMC_CmdWriteSingleBlock                0x080041d3   Thumb Code    50  stm32f4xx_ll_sdmmc.o(i.SDMMC_CmdWriteSingleBlock)
    SDMMC_GetCmdResp1                        0x08004205   Thumb Code   278  stm32f4xx_ll_sdmmc.o(i.SDMMC_GetCmdResp1)
    SDMMC_GetCmdResp2                        0x08004325   Thumb Code    76  stm32f4xx_ll_sdmmc.o(i.SDMMC_GetCmdResp2)
    SDMMC_GetCmdResp3                        0x08004375   Thumb Code    62  stm32f4xx_ll_sdmmc.o(i.SDMMC_GetCmdResp3)
    SDMMC_GetCmdResp6                        0x080043b9   Thumb Code   130  stm32f4xx_ll_sdmmc.o(i.SDMMC_GetCmdResp6)
    SDMMC_GetCmdResp7                        0x08004441   Thumb Code    82  stm32f4xx_ll_sdmmc.o(i.SDMMC_GetCmdResp7)
    SD_initialize                            0x0800489d   Thumb Code    68  sd_diskio.o(i.SD_initialize)
    SD_ioctl                                 0x080048e5   Thumb Code    76  sd_diskio.o(i.SD_ioctl)
    SD_read                                  0x08004935   Thumb Code    98  sd_diskio.o(i.SD_read)
    SD_status                                0x0800499d   Thumb Code     4  sd_diskio.o(i.SD_status)
    SD_write                                 0x080049a1   Thumb Code    98  sd_diskio.o(i.SD_write)
    StartDefaultTask                         0x08004a09   Thumb Code    22  freertos.o(i.StartDefaultTask)
    SysTick_Handler                          0x08004a25   Thumb Code    24  stm32f4xx_it.o(i.SysTick_Handler)
    SystemClock_Config                       0x08004a3d   Thumb Code   138  main.o(i.SystemClock_Config)
    SystemInit                               0x08004ad1   Thumb Code    12  system_stm32f4xx.o(i.SystemInit)
    UART_Start_Receive_IT                    0x08004d0d   Thumb Code    54  stm32f4xx_hal_uart.o(i.UART_Start_Receive_IT)
    UISet_Date                               0x08004db5   Thumb Code    24  rtc.o(i.UISet_Date)
    UISet_Time                               0x08004dd5   Thumb Code    32  rtc.o(i.UISet_Time)
    USART1_IRQHandler                        0x08004df9   Thumb Code     6  stm32f4xx_it.o(i.USART1_IRQHandler)
    USART3_IRQHandler                        0x08004e05   Thumb Code     6  stm32f4xx_it.o(i.USART3_IRQHandler)
    UsageFault_Handler                       0x08004e11   Thumb Code     2  stm32f4xx_it.o(i.UsageFault_Handler)
    __0printf                                0x08004e15   Thumb Code    22  printfa.o(i.__0printf)
    __1printf                                0x08004e15   Thumb Code     0  printfa.o(i.__0printf)
    __2printf                                0x08004e15   Thumb Code     0  printfa.o(i.__0printf)
    __c89printf                              0x08004e15   Thumb Code     0  printfa.o(i.__0printf)
    printf                                   0x08004e15   Thumb Code     0  printfa.o(i.__0printf)
    __0sprintf                               0x08004e35   Thumb Code    34  printfa.o(i.__0sprintf)
    __1sprintf                               0x08004e35   Thumb Code     0  printfa.o(i.__0sprintf)
    __2sprintf                               0x08004e35   Thumb Code     0  printfa.o(i.__0sprintf)
    __c89sprintf                             0x08004e35   Thumb Code     0  printfa.o(i.__0sprintf)
    sprintf                                  0x08004e35   Thumb Code     0  printfa.o(i.__0sprintf)
    free                                     0x08004e7d   Thumb Code    88  mallocr.o(i.__free$realloc)
    __hardfp_fabs                            0x08004ed9   Thumb Code    20  fabs.o(i.__hardfp_fabs)
    __hardfp_strtod                          0x08004ef1   Thumb Code    30  strtod.o(i.__hardfp_strtod)
    malloc                                   0x08004f19   Thumb Code    64  mallocr.o(i.__malloc$realloc)
    __scatterload_copy                       0x08004f69   Thumb Code    14  handlers.o(i.__scatterload_copy)
    __scatterload_null                       0x08004f77   Thumb Code     2  handlers.o(i.__scatterload_null)
    __scatterload_zeroinit                   0x08004f79   Thumb Code    14  handlers.o(i.__scatterload_zeroinit)
    _is_digit                                0x0800510d   Thumb Code    14  scanf_fp.o(i._is_digit)
    cJSON_AddNumberToObject                  0x080058e1   Thumb Code    42  cjson.o(i.cJSON_AddNumberToObject)
    cJSON_AddStringToObject                  0x08005911   Thumb Code    44  cjson.o(i.cJSON_AddStringToObject)
    cJSON_CreateNumber                       0x08005941   Thumb Code    98  cjson.o(i.cJSON_CreateNumber)
    cJSON_CreateObject                       0x080059b9   Thumb Code    18  cjson.o(i.cJSON_CreateObject)
    cJSON_CreateString                       0x080059d1   Thumb Code    44  cjson.o(i.cJSON_CreateString)
    cJSON_Delete                             0x08005a01   Thumb Code    66  cjson.o(i.cJSON_Delete)
    cJSON_GetNumberValue                     0x08005a49   Thumb Code    22  cjson.o(i.cJSON_GetNumberValue)
    cJSON_GetObjectItem                      0x08005a69   Thumb Code     6  cjson.o(i.cJSON_GetObjectItem)
    cJSON_GetStringValue                     0x08005a6f   Thumb Code    16  cjson.o(i.cJSON_GetStringValue)
    cJSON_IsNumber                           0x08005a7f   Thumb Code    18  cjson.o(i.cJSON_IsNumber)
    cJSON_IsString                           0x08005a91   Thumb Code    18  cjson.o(i.cJSON_IsString)
    cJSON_ParseWithLength                    0x08005ab9   Thumb Code     8  cjson.o(i.cJSON_ParseWithLength)
    cJSON_ParseWithLengthOpts                0x08005ac1   Thumb Code   210  cjson.o(i.cJSON_ParseWithLengthOpts)
    cJSON_Print                              0x08005b9d   Thumb Code     8  cjson.o(i.cJSON_Print)
    eTaskConfirmSleepModeStatus              0x08005c89   Thumb Code    38  tasks.o(i.eTaskConfirmSleepModeStatus)
    fputc                                    0x08005d45   Thumb Code    20  usart.o(i.fputc)
    main                                     0x08005e29   Thumb Code    54  main.o(i.main)
    osDelay                                  0x08005e5f   Thumb Code    26  cmsis_os2.o(i.osDelay)
    osKernelGetState                         0x08005e79   Thumb Code    28  cmsis_os2.o(i.osKernelGetState)
    osKernelGetTickCount                     0x08005e99   Thumb Code    14  cmsis_os2.o(i.osKernelGetTickCount)
    osKernelInitialize                       0x08005ea9   Thumb Code    32  cmsis_os2.o(i.osKernelInitialize)
    osKernelStart                            0x08005ecd   Thumb Code    48  cmsis_os2.o(i.osKernelStart)
    osMessageQueueGet                        0x08005f05   Thumb Code    96  cmsis_os2.o(i.osMessageQueueGet)
    osMessageQueueNew                        0x08005f69   Thumb Code    88  cmsis_os2.o(i.osMessageQueueNew)
    osMessageQueuePut                        0x08005fc1   Thumb Code   100  cmsis_os2.o(i.osMessageQueuePut)
    osMutexAcquire                           0x08006029   Thumb Code    82  cmsis_os2.o(i.osMutexAcquire)
    osMutexNew                               0x0800607b   Thumb Code   104  cmsis_os2.o(i.osMutexNew)
    osMutexRelease                           0x080060e3   Thumb Code    66  cmsis_os2.o(i.osMutexRelease)
    osThreadNew                              0x08006125   Thumb Code   138  cmsis_os2.o(i.osThreadNew)
    pvPortMalloc                             0x08007461   Thumb Code   216  heap_4.o(i.pvPortMalloc)
    pvTaskIncrementMutexHeldCount            0x0800753d   Thumb Code    18  tasks.o(i.pvTaskIncrementMutexHeldCount)
    pxPortInitialiseStack                    0x08007555   Thumb Code    40  port.o(i.pxPortInitialiseStack)
    readADC                                  0x08007581   Thumb Code    84  cmd.o(i.readADC)
    read_adc                                 0x08007615   Thumb Code    40  adc.o(i.read_adc)
    realloc                                  0x08007641   Thumb Code   102  mallocr.o(i.realloc)
    reboot                                   0x080076ad   Thumb Code    46  cmd.o(i.reboot)
    sum                                      0x080076ed   Thumb Code   220  cmd.o(i.sum)
    switch12V                                0x080077fd   Thumb Code   118  cmd.o(i.switch12V)
    timeRTC                                  0x080078ad   Thumb Code   214  cmd.o(i.timeRTC)
    uxListRemove                             0x08007ab7   Thumb Code    38  list.o(i.uxListRemove)
    vApplicationGetIdleTaskMemory            0x08007add   Thumb Code    16  cmsis_os2.o(i.vApplicationGetIdleTaskMemory)
    vApplicationGetTimerTaskMemory           0x08007af1   Thumb Code    18  cmsis_os2.o(i.vApplicationGetTimerTaskMemory)
    vListInitialise                          0x08007b09   Thumb Code    22  list.o(i.vListInitialise)
    vListInitialiseItem                      0x08007b1f   Thumb Code     6  list.o(i.vListInitialiseItem)
    vListInsert                              0x08007b25   Thumb Code    48  list.o(i.vListInsert)
    vListInsertEnd                           0x08007b55   Thumb Code    24  list.o(i.vListInsertEnd)
    vPortEnterCritical                       0x08007b6d   Thumb Code    54  port.o(i.vPortEnterCritical)
    vPortExitCritical                        0x08007bad   Thumb Code    34  port.o(i.vPortExitCritical)
    vPortFree                                0x08007bd5   Thumb Code    94  heap_4.o(i.vPortFree)
    vPortSetupTimerInterrupt                 0x08007c39   Thumb Code    64  port.o(i.vPortSetupTimerInterrupt)
    vPortSuppressTicksAndSleep               0x08007c81   Thumb Code   212  port.o(i.vPortSuppressTicksAndSleep)
    vPortValidateInterruptPriority           0x08007d59   Thumb Code    74  port.o(i.vPortValidateInterruptPriority)
    vQueueAddToRegistry                      0x08007dad   Thumb Code    34  queue.o(i.vQueueAddToRegistry)
    vQueueWaitForMessageRestricted           0x08007dd5   Thumb Code    68  queue.o(i.vQueueWaitForMessageRestricted)
    vTaskDelay                               0x08007e19   Thumb Code    66  tasks.o(i.vTaskDelay)
    vTaskInternalSetTimeOutState             0x08007e65   Thumb Code    12  tasks.o(i.vTaskInternalSetTimeOutState)
    vTaskMissedYield                         0x08007e75   Thumb Code     8  tasks.o(i.vTaskMissedYield)
    vTaskPlaceOnEventList                    0x08007e81   Thumb Code    44  tasks.o(i.vTaskPlaceOnEventList)
    vTaskPlaceOnEventListRestricted          0x08007eb1   Thumb Code    52  tasks.o(i.vTaskPlaceOnEventListRestricted)
    vTaskPriorityDisinheritAfterTimeout      0x08007ee9   Thumb Code   134  tasks.o(i.vTaskPriorityDisinheritAfterTimeout)
    vTaskStartScheduler                      0x08007f79   Thumb Code   118  tasks.o(i.vTaskStartScheduler)
    vTaskStepTick                            0x08008001   Thumb Code    36  tasks.o(i.vTaskStepTick)
    vTaskSuspendAll                          0x08008029   Thumb Code    10  tasks.o(i.vTaskSuspendAll)
    vTaskSwitchContext                       0x08008039   Thumb Code    90  tasks.o(i.vTaskSwitchContext)
    xPortStartScheduler                      0x0800809d   Thumb Code   222  port.o(i.xPortStartScheduler)
    xPortSysTickHandler                      0x08008191   Thumb Code    38  port.o(i.xPortSysTickHandler)
    xQueueCreateMutex                        0x080081bd   Thumb Code    22  queue.o(i.xQueueCreateMutex)
    xQueueCreateMutexStatic                  0x080081d3   Thumb Code    26  queue.o(i.xQueueCreateMutexStatic)
    xQueueGenericCreate                      0x080081ed   Thumb Code    66  queue.o(i.xQueueGenericCreate)
    xQueueGenericCreateStatic                0x0800822f   Thumb Code   102  queue.o(i.xQueueGenericCreateStatic)
    xQueueGenericReset                       0x08008295   Thumb Code   132  queue.o(i.xQueueGenericReset)
    xQueueGenericSend                        0x0800831d   Thumb Code   346  queue.o(i.xQueueGenericSend)
    xQueueGenericSendFromISR                 0x0800847d   Thumb Code   190  queue.o(i.xQueueGenericSendFromISR)
    xQueueGiveMutexRecursive                 0x0800853b   Thumb Code    62  queue.o(i.xQueueGiveMutexRecursive)
    xQueueReceive                            0x08008579   Thumb Code   308  queue.o(i.xQueueReceive)
    xQueueReceiveFromISR                     0x080086b1   Thumb Code   154  queue.o(i.xQueueReceiveFromISR)
    xQueueSemaphoreTake                      0x0800874d   Thumb Code   372  queue.o(i.xQueueSemaphoreTake)
    xQueueTakeMutexRecursive                 0x080088c5   Thumb Code    64  queue.o(i.xQueueTakeMutexRecursive)
    xTaskCheckForTimeOut                     0x08008905   Thumb Code   112  tasks.o(i.xTaskCheckForTimeOut)
    xTaskCreate                              0x08008979   Thumb Code    90  tasks.o(i.xTaskCreate)
    xTaskCreateStatic                        0x080089d3   Thumb Code    86  tasks.o(i.xTaskCreateStatic)
    xTaskGetCurrentTaskHandle                0x08008a29   Thumb Code     6  tasks.o(i.xTaskGetCurrentTaskHandle)
    xTaskGetSchedulerState                   0x08008a35   Thumb Code    22  tasks.o(i.xTaskGetSchedulerState)
    xTaskGetTickCount                        0x08008a51   Thumb Code     6  tasks.o(i.xTaskGetTickCount)
    xTaskGetTickCountFromISR                 0x08008a5d   Thumb Code    12  tasks.o(i.xTaskGetTickCountFromISR)
    xTaskIncrementTick                       0x08008a6d   Thumb Code   192  tasks.o(i.xTaskIncrementTick)
    xTaskPriorityDisinherit                  0x08008b35   Thumb Code   118  tasks.o(i.xTaskPriorityDisinherit)
    xTaskPriorityInherit                     0x08008bb5   Thumb Code   112  tasks.o(i.xTaskPriorityInherit)
    xTaskRemoveFromEventList                 0x08008c2d   Thumb Code   106  tasks.o(i.xTaskRemoveFromEventList)
    xTaskResumeAll                           0x08008ca5   Thumb Code   182  tasks.o(i.xTaskResumeAll)
    xTimerCreateTimerTask                    0x08008d69   Thumb Code    78  timers.o(i.xTimerCreateTimerTask)
    xTimerGenericCommand                     0x08008dc9   Thumb Code    98  timers.o(i.xTimerGenericCommand)
    defaultTask_attributes                   0x08008e58   Data          36  freertos.o(.constdata)
    cmdTask_attributes                       0x08008e7c   Data          36  freertos.o(.constdata)
    rxQueue_attributes                       0x08008ea0   Data          24  freertos.o(.constdata)
    printMutex_attributes                    0x08008eb8   Data          16  freertos.o(.constdata)
    SD_Driver                                0x08008ec8   Data          20  sd_diskio.o(.constdata)
    AHBPrescTable                            0x08008ee4   Data          16  system_stm32f4xx.o(.constdata)
    APBPrescTable                            0x08008ef4   Data           8  system_stm32f4xx.o(.constdata)
    __ctype_categories                       0x08008efc   Data          64  ctype_c.o(.constdata)
    Region$$Table$$Base                      0x08008f8c   Number         0  anon$$obj.o(Region$$Table)
    Region$$Table$$Limit                     0x08008fac   Number         0  anon$$obj.o(Region$$Table)
    defaultTaskHandle                        0x20000014   Data           4  freertos.o(.data)
    cmdTaskHandle                            0x20000018   Data           4  freertos.o(.data)
    rxQueueHandle                            0x2000001c   Data           4  freertos.o(.data)
    printMutexHandle                         0x20000020   Data           4  freertos.o(.data)
    RTC_DateStruct                           0x20000024   Data           4  rtc.o(.data)
    aRxBuffer                                0x20000028   Data           1  usart.o(.data)
    retSD                                    0x20000034   Data           1  fatfs.o(.data)
    SDPath                                   0x20000035   Data           4  fatfs.o(.data)
    uwTickFreq                               0x2000003c   Data           1  stm32f4xx_hal.o(.data)
    uwTickPrio                               0x20000040   Data           4  stm32f4xx_hal.o(.data)
    uwTick                                   0x20000044   Data           4  stm32f4xx_hal.o(.data)
    SystemCoreClock                          0x20000048   Data           4  system_stm32f4xx.o(.data)
    pxCurrentTCB                             0x2000004c   Data           4  tasks.o(.data)
    __stdout                                 0x200000d8   Data           4  stdout.o(.data)
    __microlib_freelist                      0x200000dc   Data           4  mvars.o(.data)
    __microlib_freelist_initialised          0x200000e0   Data           4  mvars.o(.data)
    receiveRxFromQueneForCmd                 0x200000e4   Data         258  cmd.o(.bss)
    hadc1                                    0x200001e8   Data          72  adc.o(.bss)
    RTC_TimeStruct                           0x20000230   Data          20  rtc.o(.bss)
    hrtc                                     0x20000244   Data          32  rtc.o(.bss)
    hsd                                      0x20000264   Data         132  sdio.o(.bss)
    hdma_sdio_rx                             0x200002e8   Data          96  sdio.o(.bss)
    hdma_sdio_tx                             0x20000348   Data          96  sdio.o(.bss)
    rxS                                      0x200003a8   Data         258  usart.o(.bss)
    huart1                                   0x200004ac   Data          72  usart.o(.bss)
    huart3                                   0x200004f4   Data          72  usart.o(.bss)
    disk                                     0x2000053c   Data          12  ff_gen_drv.o(.bss)
    xQueueRegistry                           0x20000548   Data          64  queue.o(.bss)
    __heap_base                              0x20004e20   Data           0  startup_stm32f407xx.o(HEAP)
    __heap_limit                             0x20008e20   Data           0  startup_stm32f407xx.o(HEAP)
    __initial_sp                             0x20009e20   Data           0  startup_stm32f407xx.o(STACK)



==============================================================================

Memory Map of the image

  Image Entry point : 0x08000189

  Load Region LR_IROM1 (Base: 0x08000000, Size: 0x00009090, Max: 0x00080000, ABSOLUTE)

    Execution Region ER_IROM1 (Exec base: 0x08000000, Load base: 0x08000000, Size: 0x00008fac, Max: 0x00080000, ABSOLUTE)

    Exec Addr    Load Addr    Size         Type   Attr      Idx    E Section Name        Object

    0x08000000   0x08000000   0x00000188   Data   RO            3    RESET               startup_stm32f407xx.o
    0x08000188   0x08000188   0x00000000   Code   RO         6978  * .ARM.Collect$$$$00000000  mc_w.l(entry.o)
    0x08000188   0x08000188   0x00000004   Code   RO         7314    .ARM.Collect$$$$00000001  mc_w.l(entry2.o)
    0x0800018c   0x0800018c   0x00000004   Code   RO         7317    .ARM.Collect$$$$00000004  mc_w.l(entry5.o)
    0x08000190   0x08000190   0x00000000   Code   RO         7319    .ARM.Collect$$$$00000008  mc_w.l(entry7b.o)
    0x08000190   0x08000190   0x00000000   Code   RO         7321    .ARM.Collect$$$$0000000A  mc_w.l(entry8b.o)
    0x08000190   0x08000190   0x00000008   Code   RO         7322    .ARM.Collect$$$$0000000B  mc_w.l(entry9a.o)
    0x08000198   0x08000198   0x00000004   Code   RO         7329    .ARM.Collect$$$$0000000E  mc_w.l(entry12b.o)
    0x0800019c   0x0800019c   0x00000000   Code   RO         7324    .ARM.Collect$$$$0000000F  mc_w.l(entry10a.o)
    0x0800019c   0x0800019c   0x00000000   Code   RO         7326    .ARM.Collect$$$$00000011  mc_w.l(entry11a.o)
    0x0800019c   0x0800019c   0x00000004   Code   RO         7315    .ARM.Collect$$$$00002712  mc_w.l(entry2.o)
    0x080001a0   0x080001a0   0x000000be   Code   RO         6883    .emb_text           port.o
    0x0800025e   0x0800025e   0x00000002   PAD
    0x08000260   0x08000260   0x00000024   Code   RO            4    .text               startup_stm32f407xx.o
    0x08000284   0x08000284   0x00000062   Code   RO         6981    .text               mc_w.l(uldiv.o)
    0x080002e6   0x080002e6   0x0000000c   Code   RO         6983    .text               mc_w.l(tolower.o)
    0x080002f2   0x080002f2   0x00000024   Code   RO         6985    .text               mc_w.l(memcpya.o)
    0x08000316   0x08000316   0x00000024   Code   RO         6989    .text               mc_w.l(memseta.o)
    0x0800033a   0x0800033a   0x0000000e   Code   RO         6993    .text               mc_w.l(strlen.o)
    0x08000348   0x08000348   0x0000001c   Code   RO         6995    .text               mc_w.l(strcmp.o)
    0x08000364   0x08000364   0x00000012   Code   RO         6997    .text               mc_w.l(strcpy.o)
    0x08000376   0x08000376   0x0000001e   Code   RO         6999    .text               mc_w.l(strncmp.o)
    0x08000394   0x08000394   0x00000038   Code   RO         7294    .text               mc_w.l(__0sscanf.o)
    0x080003cc   0x080003cc   0x00000360   Code   RO         7296    .text               mc_w.l(scanf_fp.o)
    0x0800072c   0x0800072c   0x0000014e   Code   RO         7300    .text               mf_w.l(dadd.o)
    0x0800087a   0x0800087a   0x000000e4   Code   RO         7302    .text               mf_w.l(dmul.o)
    0x0800095e   0x0800095e   0x00000022   Code   RO         7304    .text               mf_w.l(dflti.o)
    0x08000980   0x08000980   0x0000003e   Code   RO         7306    .text               mf_w.l(dfixi.o)
    0x080009be   0x080009be   0x00000026   Code   RO         7308    .text               mf_w.l(f2d.o)
    0x080009e4   0x080009e4   0x00000030   Code   RO         7310    .text               mf_w.l(cdcmple.o)
    0x08000a14   0x08000a14   0x00000030   Code   RO         7312    .text               mf_w.l(cdrcmple.o)
    0x08000a44   0x08000a44   0x0000002c   Code   RO         7331    .text               mc_w.l(uidiv.o)
    0x08000a70   0x08000a70   0x0000001e   Code   RO         7333    .text               mc_w.l(llshl.o)
    0x08000a8e   0x08000a8e   0x00000020   Code   RO         7335    .text               mc_w.l(llushr.o)
    0x08000aae   0x08000aae   0x00000024   Code   RO         7337    .text               mc_w.l(llsshr.o)
    0x08000ad2   0x08000ad2   0x00000002   PAD
    0x08000ad4   0x08000ad4   0x00000028   Code   RO         7341    .text               mc_w.l(scanf_char.o)
    0x08000afc   0x08000afc   0x00000040   Code   RO         7343    .text               mc_w.l(_sgetc.o)
    0x08000b3c   0x08000b3c   0x0000009c   Code   RO         7345    .text               mc_w.l(strtod.o)
    0x08000bd8   0x08000bd8   0x00000000   Code   RO         7347    .text               mc_w.l(iusefp.o)
    0x08000bd8   0x08000bd8   0x000000ba   Code   RO         7348    .text               mf_w.l(depilogue.o)
    0x08000c92   0x08000c92   0x000000de   Code   RO         7350    .text               mf_w.l(ddiv.o)
    0x08000d70   0x08000d70   0x00000018   Code   RO         7352    .text               mf_w.l(dfltul.o)
    0x08000d88   0x08000d88   0x00000030   Code   RO         7354    .text               mf_w.l(dfixul.o)
    0x08000db8   0x08000db8   0x00000038   Code   RO         7356    .text               mf_w.l(d2f.o)
    0x08000df0   0x08000df0   0x00000024   Code   RO         7358    .text               mc_w.l(init.o)
    0x08000e14   0x08000e14   0x0000000a   Code   RO         7360    .text               mc_w.l(isspace_c.o)
    0x08000e1e   0x08000e1e   0x00000002   PAD
    0x08000e20   0x08000e20   0x00000330   Code   RO         7362    .text               mc_w.l(_scanf.o)
    0x08001150   0x08001150   0x0000006e   Code   RO         7364    .text               mf_w.l(fepilogue.o)
    0x080011be   0x080011be   0x00000002   PAD
    0x080011c0   0x080011c0   0x00000028   Code   RO         7366    .text               mc_w.l(ctype_c.o)
    0x080011e8   0x080011e8   0x00000128   Code   RO         1872    i.ADC_Init          stm32f4xx_hal_adc.o
    0x08001310   0x08001310   0x00000018   Code   RO         1807    i.BSP_PlatformIsDetected  fatfs_platform.o
    0x08001328   0x08001328   0x00000002   Code   RO         1609    i.BSP_SD_AbortCallback  bsp_driver_sd.o
    0x0800132a   0x0800132a   0x00000002   PAD
    0x0800132c   0x0800132c   0x0000000c   Code   RO         1612    i.BSP_SD_GetCardInfo  bsp_driver_sd.o
    0x08001338   0x08001338   0x00000018   Code   RO         1613    i.BSP_SD_GetCardState  bsp_driver_sd.o
    0x08001350   0x08001350   0x00000030   Code   RO         1615    i.BSP_SD_Init       bsp_driver_sd.o
    0x08001380   0x08001380   0x0000001a   Code   RO         1616    i.BSP_SD_IsDetected  bsp_driver_sd.o
    0x0800139a   0x0800139a   0x00000002   PAD
    0x0800139c   0x0800139c   0x0000001c   Code   RO         1618    i.BSP_SD_ReadBlocks_DMA  bsp_driver_sd.o
    0x080013b8   0x080013b8   0x0000001c   Code   RO         1730    i.BSP_SD_ReadCpltCallback  sd_diskio.o
    0x080013d4   0x080013d4   0x0000001c   Code   RO         1621    i.BSP_SD_WriteBlocks_DMA  bsp_driver_sd.o
    0x080013f0   0x080013f0   0x0000001c   Code   RO         1731    i.BSP_SD_WriteCpltCallback  sd_diskio.o
    0x0800140c   0x0800140c   0x00000002   Code   RO         1491    i.BusFault_Handler  stm32f4xx_it.o
    0x0800140e   0x0800140e   0x00000002   PAD
    0x08001410   0x08001410   0x00000100   Code   RO           13    i.CMDTask           cmd.o
    0x08001510   0x08001510   0x00000062   Code   RO         1326    i.CharToDec         rtc.o
    0x08001572   0x08001572   0x00000002   PAD
    0x08001574   0x08001574   0x0000000c   Code   RO         1492    i.DMA2_Stream3_IRQHandler  stm32f4xx_it.o
    0x08001580   0x08001580   0x0000000c   Code   RO         1493    i.DMA2_Stream6_IRQHandler  stm32f4xx_it.o
    0x0800158c   0x0800158c   0x00000028   Code   RO         2606    i.DMA_CalcBaseAndBitshift  stm32f4xx_hal_dma.o
    0x080015b4   0x080015b4   0x00000054   Code   RO         2607    i.DMA_CheckFifoParam  stm32f4xx_hal_dma.o
    0x08001608   0x08001608   0x00000028   Code   RO         2608    i.DMA_SetConfig     stm32f4xx_hal_dma.o
    0x08001630   0x08001630   0x00000002   Code   RO         1494    i.DebugMon_Handler  stm32f4xx_it.o
    0x08001632   0x08001632   0x00000004   Code   RO         1074    i.Error_Handler     main.o
    0x08001636   0x08001636   0x00000006   Code   RO         5067    i.FATFS_LinkDriver  ff_gen_drv.o
    0x0800163c   0x0800163c   0x00000040   Code   RO         5068    i.FATFS_LinkDriverEx  ff_gen_drv.o
    0x0800167c   0x0800167c   0x0000014c   Code   RO         1874    i.HAL_ADC_ConfigChannel  stm32f4xx_hal_adc.o
    0x080017c8   0x080017c8   0x00000004   Code   RO         1880    i.HAL_ADC_GetState  stm32f4xx_hal_adc.o
    0x080017cc   0x080017cc   0x00000006   Code   RO         1881    i.HAL_ADC_GetValue  stm32f4xx_hal_adc.o
    0x080017d2   0x080017d2   0x00000054   Code   RO         1883    i.HAL_ADC_Init      stm32f4xx_hal_adc.o
    0x08001826   0x08001826   0x00000002   PAD
    0x08001828   0x08001828   0x00000060   Code   RO         1255    i.HAL_ADC_MspInit   adc.o
    0x08001888   0x08001888   0x000000aa   Code   RO         1887    i.HAL_ADC_PollForConversion  stm32f4xx_hal_adc.o
    0x08001932   0x08001932   0x00000002   PAD
    0x08001934   0x08001934   0x000000fc   Code   RO         1889    i.HAL_ADC_Start     stm32f4xx_hal_adc.o
    0x08001a30   0x08001a30   0x00000092   Code   RO         2609    i.HAL_DMA_Abort     stm32f4xx_hal_dma.o
    0x08001ac2   0x08001ac2   0x00000024   Code   RO         2610    i.HAL_DMA_Abort_IT  stm32f4xx_hal_dma.o
    0x08001ae6   0x08001ae6   0x00000004   Code   RO         2612    i.HAL_DMA_GetError  stm32f4xx_hal_dma.o
    0x08001aea   0x08001aea   0x00000002   PAD
    0x08001aec   0x08001aec   0x000001a0   Code   RO         2614    i.HAL_DMA_IRQHandler  stm32f4xx_hal_dma.o
    0x08001c8c   0x08001c8c   0x000000d4   Code   RO         2615    i.HAL_DMA_Init      stm32f4xx_hal_dma.o
    0x08001d60   0x08001d60   0x0000006e   Code   RO         2619    i.HAL_DMA_Start_IT  stm32f4xx_hal_dma.o
    0x08001dce   0x08001dce   0x00000002   PAD
    0x08001dd0   0x08001dd0   0x00000024   Code   RO         3046    i.HAL_Delay         stm32f4xx_hal.o
    0x08001df4   0x08001df4   0x000001f0   Code   RO         2502    i.HAL_GPIO_Init     stm32f4xx_hal_gpio.o
    0x08001fe4   0x08001fe4   0x0000000a   Code   RO         2504    i.HAL_GPIO_ReadPin  stm32f4xx_hal_gpio.o
    0x08001fee   0x08001fee   0x00000010   Code   RO         2505    i.HAL_GPIO_TogglePin  stm32f4xx_hal_gpio.o
    0x08001ffe   0x08001ffe   0x0000000a   Code   RO         2506    i.HAL_GPIO_WritePin  stm32f4xx_hal_gpio.o
    0x08002008   0x08002008   0x0000000c   Code   RO         3052    i.HAL_GetTick       stm32f4xx_hal.o
    0x08002014   0x08002014   0x00000010   Code   RO         3058    i.HAL_IncTick       stm32f4xx_hal.o
    0x08002024   0x08002024   0x00000034   Code   RO         3059    i.HAL_Init          stm32f4xx_hal.o
    0x08002058   0x08002058   0x00000040   Code   RO         3060    i.HAL_InitTick      stm32f4xx_hal.o
    0x08002098   0x08002098   0x00000038   Code   RO         1585    i.HAL_MspInit       stm32f4xx_hal_msp.o
    0x080020d0   0x080020d0   0x0000001a   Code   RO         2894    i.HAL_NVIC_EnableIRQ  stm32f4xx_hal_cortex.o
    0x080020ea   0x080020ea   0x00000002   PAD
    0x080020ec   0x080020ec   0x00000040   Code   RO         2900    i.HAL_NVIC_SetPriority  stm32f4xx_hal_cortex.o
    0x0800212c   0x0800212c   0x00000024   Code   RO         2901    i.HAL_NVIC_SetPriorityGrouping  stm32f4xx_hal_cortex.o
    0x08002150   0x08002150   0x00000024   Code   RO         2902    i.HAL_NVIC_SystemReset  stm32f4xx_hal_cortex.o
    0x08002174   0x08002174   0x0000013c   Code   RO         2253    i.HAL_RCCEx_PeriphCLKConfig  stm32f4xx_hal_rcc_ex.o
    0x080022b0   0x080022b0   0x00000134   Code   RO         2148    i.HAL_RCC_ClockConfig  stm32f4xx_hal_rcc.o
    0x080023e4   0x080023e4   0x00000020   Code   RO         2155    i.HAL_RCC_GetPCLK1Freq  stm32f4xx_hal_rcc.o
    0x08002404   0x08002404   0x00000020   Code   RO         2156    i.HAL_RCC_GetPCLK2Freq  stm32f4xx_hal_rcc.o
    0x08002424   0x08002424   0x00000060   Code   RO         2157    i.HAL_RCC_GetSysClockFreq  stm32f4xx_hal_rcc.o
    0x08002484   0x08002484   0x0000036c   Code   RO         2160    i.HAL_RCC_OscConfig  stm32f4xx_hal_rcc.o
    0x080027f0   0x080027f0   0x0000000a   Code   RO         3470    i.HAL_RTCEx_BKUPRead  stm32f4xx_hal_rtc_ex.o
    0x080027fa   0x080027fa   0x0000000a   Code   RO         3471    i.HAL_RTCEx_BKUPWrite  stm32f4xx_hal_rtc_ex.o
    0x08002804   0x08002804   0x00000044   Code   RO         3307    i.HAL_RTC_GetDate   stm32f4xx_hal_rtc.o
    0x08002848   0x08002848   0x00000054   Code   RO         3309    i.HAL_RTC_GetTime   stm32f4xx_hal_rtc.o
    0x0800289c   0x0800289c   0x0000009c   Code   RO         3310    i.HAL_RTC_Init      stm32f4xx_hal_rtc.o
    0x08002938   0x08002938   0x00000038   Code   RO         1328    i.HAL_RTC_MspInit   rtc.o
    0x08002970   0x08002970   0x00000098   Code   RO         3316    i.HAL_RTC_SetDate   stm32f4xx_hal_rtc.o
    0x08002a08   0x08002a08   0x000000c0   Code   RO         3317    i.HAL_RTC_SetTime   stm32f4xx_hal_rtc.o
    0x08002ac8   0x08002ac8   0x00000038   Code   RO         3318    i.HAL_RTC_WaitForSynchro  stm32f4xx_hal_rtc.o
    0x08002b00   0x08002b00   0x00000008   Code   RO         1623    i.HAL_SD_AbortCallback  bsp_driver_sd.o
    0x08002b08   0x08002b08   0x00000118   Code   RO         3986    i.HAL_SD_ConfigWideBusOperation  stm32f4xx_hal_sd.o
    0x08002c20   0x08002c20   0x00000002   Code   RO         3989    i.HAL_SD_ErrorCallback  stm32f4xx_hal_sd.o
    0x08002c22   0x08002c22   0x00000002   PAD
    0x08002c24   0x08002c24   0x00000198   Code   RO         3991    i.HAL_SD_GetCardCSD  stm32f4xx_hal_sd.o
    0x08002dbc   0x08002dbc   0x00000024   Code   RO         3992    i.HAL_SD_GetCardInfo  stm32f4xx_hal_sd.o
    0x08002de0   0x08002de0   0x0000002c   Code   RO         3993    i.HAL_SD_GetCardState  stm32f4xx_hal_sd.o
    0x08002e0c   0x08002e0c   0x00000208   Code   RO         3997    i.HAL_SD_IRQHandler  stm32f4xx_hal_sd.o
    0x08003014   0x08003014   0x00000036   Code   RO         3998    i.HAL_SD_Init       stm32f4xx_hal_sd.o
    0x0800304a   0x0800304a   0x00000002   PAD
    0x0800304c   0x0800304c   0x0000007c   Code   RO         3999    i.HAL_SD_InitCard   stm32f4xx_hal_sd.o
    0x080030c8   0x080030c8   0x00000144   Code   RO         1388    i.HAL_SD_MspInit    sdio.o
    0x0800320c   0x0800320c   0x00000124   Code   RO         4003    i.HAL_SD_ReadBlocks_DMA  stm32f4xx_hal_sd.o
    0x08003330   0x08003330   0x00000008   Code   RO         1624    i.HAL_SD_RxCpltCallback  bsp_driver_sd.o
    0x08003338   0x08003338   0x00000008   Code   RO         1625    i.HAL_SD_TxCpltCallback  bsp_driver_sd.o
    0x08003340   0x08003340   0x00000120   Code   RO         4008    i.HAL_SD_WriteBlocks_DMA  stm32f4xx_hal_sd.o
    0x08003460   0x08003460   0x00000028   Code   RO         2905    i.HAL_SYSTICK_Config  stm32f4xx_hal_cortex.o
    0x08003488   0x08003488   0x00000002   Code   RO         4256    i.HAL_UARTEx_RxEventCallback  stm32f4xx_hal_uart.o
    0x0800348a   0x0800348a   0x00000002   Code   RO         4270    i.HAL_UART_ErrorCallback  stm32f4xx_hal_uart.o
    0x0800348c   0x0800348c   0x00000270   Code   RO         4273    i.HAL_UART_IRQHandler  stm32f4xx_hal_uart.o
    0x080036fc   0x080036fc   0x00000064   Code   RO         4274    i.HAL_UART_Init     stm32f4xx_hal_uart.o
    0x08003760   0x08003760   0x000000d0   Code   RO         1430    i.HAL_UART_MspInit  usart.o
    0x08003830   0x08003830   0x0000001c   Code   RO         4279    i.HAL_UART_Receive_IT  stm32f4xx_hal_uart.o
    0x0800384c   0x0800384c   0x00000078   Code   RO         1431    i.HAL_UART_RxCpltCallback  usart.o
    0x080038c4   0x080038c4   0x000000a0   Code   RO         4282    i.HAL_UART_Transmit  stm32f4xx_hal_uart.o
    0x08003964   0x08003964   0x00000002   Code   RO         4285    i.HAL_UART_TxCpltCallback  stm32f4xx_hal_uart.o
    0x08003966   0x08003966   0x00000002   Code   RO         1495    i.HardFault_Handler  stm32f4xx_it.o
    0x08003968   0x08003968   0x00000068   Code   RO         1256    i.MX_ADC1_Init      adc.o
    0x080039d0   0x080039d0   0x0000003c   Code   RO         1302    i.MX_DMA_Init       dma.o
    0x08003a0c   0x08003a0c   0x0000001c   Code   RO         1831    i.MX_FATFS_Init     fatfs.o
    0x08003a28   0x08003a28   0x0000004c   Code   RO         1192    i.MX_FREERTOS_Init  freertos.o
    0x08003a74   0x08003a74   0x000000b4   Code   RO         1168    i.MX_GPIO_Init      gpio.o
    0x08003b28   0x08003b28   0x000000cc   Code   RO         1329    i.MX_RTC_Init       rtc.o
    0x08003bf4   0x08003bf4   0x00000044   Code   RO         1389    i.MX_SDIO_SD_Init   sdio.o
    0x08003c38   0x08003c38   0x00000038   Code   RO         1432    i.MX_USART1_UART_Init  usart.o
    0x08003c70   0x08003c70   0x00000038   Code   RO         1433    i.MX_USART3_UART_Init  usart.o
    0x08003ca8   0x08003ca8   0x00000002   Code   RO         1496    i.MemManage_Handler  stm32f4xx_it.o
    0x08003caa   0x08003caa   0x00000002   Code   RO         1497    i.NMI_Handler       stm32f4xx_it.o
    0x08003cac   0x08003cac   0x00000078   Code   RO         1193    i.PostSleepProcessing  freertos.o
    0x08003d24   0x08003d24   0x00000048   Code   RO         1194    i.PreSleepProcessing  freertos.o
    0x08003d6c   0x08003d6c   0x00000012   Code   RO         3319    i.RTC_Bcd2ToByte    stm32f4xx_hal_rtc.o
    0x08003d7e   0x08003d7e   0x00000016   Code   RO         3320    i.RTC_ByteToBcd2    stm32f4xx_hal_rtc.o
    0x08003d94   0x08003d94   0x00000048   Code   RO         3321    i.RTC_EnterInitMode  stm32f4xx_hal_rtc.o
    0x08003ddc   0x08003ddc   0x0000002a   Code   RO         3322    i.RTC_ExitInitMode  stm32f4xx_hal_rtc.o
    0x08003e06   0x08003e06   0x00000024   Code   RO         3697    i.SDIO_ConfigData   stm32f4xx_ll_sdmmc.o
    0x08003e2a   0x08003e2a   0x00000008   Code   RO         3701    i.SDIO_GetPowerState  stm32f4xx_ll_sdmmc.o
    0x08003e32   0x08003e32   0x00000006   Code   RO         3702    i.SDIO_GetResponse  stm32f4xx_ll_sdmmc.o
    0x08003e38   0x08003e38   0x0000000c   Code   RO         1498    i.SDIO_IRQHandler   stm32f4xx_it.o
    0x08003e44   0x08003e44   0x00000024   Code   RO         3703    i.SDIO_Init         stm32f4xx_ll_sdmmc.o
    0x08003e68   0x08003e68   0x00000008   Code   RO         3705    i.SDIO_PowerState_ON  stm32f4xx_ll_sdmmc.o
    0x08003e70   0x08003e70   0x00000006   Code   RO         3706    i.SDIO_ReadFIFO     stm32f4xx_ll_sdmmc.o
    0x08003e76   0x08003e76   0x00000020   Code   RO         3707    i.SDIO_SendCommand  stm32f4xx_ll_sdmmc.o
    0x08003e96   0x08003e96   0x0000000a   Code   RO         3709    i.SDIO_WriteFIFO    stm32f4xx_ll_sdmmc.o
    0x08003ea0   0x08003ea0   0x00000032   Code   RO         3710    i.SDMMC_CmdAppCommand  stm32f4xx_ll_sdmmc.o
    0x08003ed2   0x08003ed2   0x00000002   PAD
    0x08003ed4   0x08003ed4   0x00000034   Code   RO         3711    i.SDMMC_CmdAppOperCommand  stm32f4xx_ll_sdmmc.o
    0x08003f08   0x08003f08   0x00000032   Code   RO         3712    i.SDMMC_CmdBlockLength  stm32f4xx_ll_sdmmc.o
    0x08003f3a   0x08003f3a   0x00000032   Code   RO         3713    i.SDMMC_CmdBusWidth  stm32f4xx_ll_sdmmc.o
    0x08003f6c   0x08003f6c   0x00000050   Code   RO         3717    i.SDMMC_CmdGoIdleState  stm32f4xx_ll_sdmmc.o
    0x08003fbc   0x08003fbc   0x00000030   Code   RO         3719    i.SDMMC_CmdOperCond  stm32f4xx_ll_sdmmc.o
    0x08003fec   0x08003fec   0x00000032   Code   RO         3720    i.SDMMC_CmdReadMultiBlock  stm32f4xx_ll_sdmmc.o
    0x0800401e   0x0800401e   0x00000032   Code   RO         3721    i.SDMMC_CmdReadSingleBlock  stm32f4xx_ll_sdmmc.o
    0x08004050   0x08004050   0x00000032   Code   RO         3724    i.SDMMC_CmdSelDesel  stm32f4xx_ll_sdmmc.o
    0x08004082   0x08004082   0x0000002c   Code   RO         3725    i.SDMMC_CmdSendCID  stm32f4xx_ll_sdmmc.o
    0x080040ae   0x080040ae   0x0000002c   Code   RO         3726    i.SDMMC_CmdSendCSD  stm32f4xx_ll_sdmmc.o
    0x080040da   0x080040da   0x00000030   Code   RO         3728    i.SDMMC_CmdSendSCR  stm32f4xx_ll_sdmmc.o
    0x0800410a   0x0800410a   0x00000032   Code   RO         3729    i.SDMMC_CmdSendStatus  stm32f4xx_ll_sdmmc.o
    0x0800413c   0x0800413c   0x00000030   Code   RO         3730    i.SDMMC_CmdSetRelAdd  stm32f4xx_ll_sdmmc.o
    0x0800416c   0x0800416c   0x00000034   Code   RO         3733    i.SDMMC_CmdStopTransfer  stm32f4xx_ll_sdmmc.o
    0x080041a0   0x080041a0   0x00000032   Code   RO         3735    i.SDMMC_CmdWriteMultiBlock  stm32f4xx_ll_sdmmc.o
    0x080041d2   0x080041d2   0x00000032   Code   RO         3736    i.SDMMC_CmdWriteSingleBlock  stm32f4xx_ll_sdmmc.o
    0x08004204   0x08004204   0x00000120   Code   RO         3737    i.SDMMC_GetCmdResp1  stm32f4xx_ll_sdmmc.o
    0x08004324   0x08004324   0x00000050   Code   RO         3738    i.SDMMC_GetCmdResp2  stm32f4xx_ll_sdmmc.o
    0x08004374   0x08004374   0x00000044   Code   RO         3739    i.SDMMC_GetCmdResp3  stm32f4xx_ll_sdmmc.o
    0x080043b8   0x080043b8   0x00000088   Code   RO         3740    i.SDMMC_GetCmdResp6  stm32f4xx_ll_sdmmc.o
    0x08004440   0x08004440   0x00000058   Code   RO         3741    i.SDMMC_GetCmdResp7  stm32f4xx_ll_sdmmc.o
    0x08004498   0x08004498   0x00000020   Code   RO         1732    i.SD_CheckStatus    sd_diskio.o
    0x080044b8   0x080044b8   0x00000024   Code   RO         1733    i.SD_CheckStatusWithTimeout  sd_diskio.o
    0x080044dc   0x080044dc   0x00000064   Code   RO         4010    i.SD_DMAError       stm32f4xx_hal_sd.o
    0x08004540   0x08004540   0x00000042   Code   RO         4011    i.SD_DMAReceiveCplt  stm32f4xx_hal_sd.o
    0x08004582   0x08004582   0x00000044   Code   RO         4012    i.SD_DMARxAbort     stm32f4xx_hal_sd.o
    0x080045c6   0x080045c6   0x0000000e   Code   RO         4013    i.SD_DMATransmitCplt  stm32f4xx_hal_sd.o
    0x080045d4   0x080045d4   0x00000044   Code   RO         4014    i.SD_DMATxAbort     stm32f4xx_hal_sd.o
    0x08004618   0x08004618   0x000000e0   Code   RO         4015    i.SD_FindSCR        stm32f4xx_hal_sd.o
    0x080046f8   0x080046f8   0x000000ee   Code   RO         4016    i.SD_InitCard       stm32f4xx_hal_sd.o
    0x080047e6   0x080047e6   0x00000002   PAD
    0x080047e8   0x080047e8   0x000000b4   Code   RO         4017    i.SD_PowerON        stm32f4xx_hal_sd.o
    0x0800489c   0x0800489c   0x00000048   Code   RO         1734    i.SD_initialize     sd_diskio.o
    0x080048e4   0x080048e4   0x00000050   Code   RO         1735    i.SD_ioctl          sd_diskio.o
    0x08004934   0x08004934   0x00000068   Code   RO         1736    i.SD_read           sd_diskio.o
    0x0800499c   0x0800499c   0x00000004   Code   RO         1737    i.SD_status         sd_diskio.o
    0x080049a0   0x080049a0   0x00000068   Code   RO         1738    i.SD_write          sd_diskio.o
    0x08004a08   0x08004a08   0x0000001c   Code   RO         1195    i.StartDefaultTask  freertos.o
    0x08004a24   0x08004a24   0x00000018   Code   RO         1499    i.SysTick_Handler   stm32f4xx_it.o
    0x08004a3c   0x08004a3c   0x00000094   Code   RO         1075    i.SystemClock_Config  main.o
    0x08004ad0   0x08004ad0   0x00000010   Code   RO         4608    i.SystemInit        system_stm32f4xx.o
    0x08004ae0   0x08004ae0   0x00000010   Code   RO         4287    i.UART_DMAAbortOnError  stm32f4xx_hal_uart.o
    0x08004af0   0x08004af0   0x0000004e   Code   RO         4297    i.UART_EndRxTransfer  stm32f4xx_hal_uart.o
    0x08004b3e   0x08004b3e   0x000000c2   Code   RO         4299    i.UART_Receive_IT   stm32f4xx_hal_uart.o
    0x08004c00   0x08004c00   0x0000010c   Code   RO         4300    i.UART_SetConfig    stm32f4xx_hal_uart.o
    0x08004d0c   0x08004d0c   0x00000036   Code   RO         4302    i.UART_Start_Receive_IT  stm32f4xx_hal_uart.o
    0x08004d42   0x08004d42   0x00000072   Code   RO         4303    i.UART_WaitOnFlagUntilTimeout  stm32f4xx_hal_uart.o
    0x08004db4   0x08004db4   0x00000020   Code   RO         1330    i.UISet_Date        rtc.o
    0x08004dd4   0x08004dd4   0x00000024   Code   RO         1331    i.UISet_Time        rtc.o
    0x08004df8   0x08004df8   0x0000000c   Code   RO         1500    i.USART1_IRQHandler  stm32f4xx_it.o
    0x08004e04   0x08004e04   0x0000000c   Code   RO         1501    i.USART3_IRQHandler  stm32f4xx_it.o
    0x08004e10   0x08004e10   0x00000002   Code   RO         1502    i.UsageFault_Handler  stm32f4xx_it.o
    0x08004e12   0x08004e12   0x00000002   PAD
    0x08004e14   0x08004e14   0x00000020   Code   RO         7238    i.__0printf         mc_w.l(printfa.o)
    0x08004e34   0x08004e34   0x00000028   Code   RO         7240    i.__0sprintf        mc_w.l(printfa.o)
    0x08004e5c   0x08004e5c   0x00000020   Code   RO         2907    i.__NVIC_SetPriority  stm32f4xx_hal_cortex.o
    0x08004e7c   0x08004e7c   0x0000005c   Code   RO         7270    i.__free$realloc    mc_w.l(mallocr.o)
    0x08004ed8   0x08004ed8   0x00000014   Code   RO         6966    i.__hardfp_fabs     m_wm.l(fabs.o)
    0x08004eec   0x08004eec   0x00000004   PAD
    0x08004ef0   0x08004ef0   0x00000028   Code   RO         6972    i.__hardfp_strtod   m_wm.l(strtod.o)
    0x08004f18   0x08004f18   0x00000050   Code   RO         7271    i.__malloc$realloc  mc_w.l(mallocr.o)
    0x08004f68   0x08004f68   0x0000000e   Code   RO         7371    i.__scatterload_copy  mc_w.l(handlers.o)
    0x08004f76   0x08004f76   0x00000002   Code   RO         7372    i.__scatterload_null  mc_w.l(handlers.o)
    0x08004f78   0x08004f78   0x0000000e   Code   RO         7373    i.__scatterload_zeroinit  mc_w.l(handlers.o)
    0x08004f86   0x08004f86   0x00000002   PAD
    0x08004f88   0x08004f88   0x00000184   Code   RO         7245    i._fp_digits        mc_w.l(printfa.o)
    0x0800510c   0x0800510c   0x0000000e   Code   RO         7298    i._is_digit         mc_w.l(scanf_fp.o)
    0x0800511a   0x0800511a   0x00000002   PAD
    0x0800511c   0x0800511c   0x000006b4   Code   RO         7246    i._printf_core      mc_w.l(printfa.o)
    0x080057d0   0x080057d0   0x00000024   Code   RO         7247    i._printf_post_padding  mc_w.l(printfa.o)
    0x080057f4   0x080057f4   0x0000002e   Code   RO         7248    i._printf_pre_padding  mc_w.l(printfa.o)
    0x08005822   0x08005822   0x0000000a   Code   RO         7250    i._sputc            mc_w.l(printfa.o)
    0x0800582c   0x0800582c   0x0000002a   Code   RO          249    i.add_item_to_array  cjson.o
    0x08005856   0x08005856   0x0000005a   Code   RO          250    i.add_item_to_object  cjson.o
    0x080058b0   0x080058b0   0x00000030   Code   RO          251    i.buffer_skip_whitespace  cjson.o
    0x080058e0   0x080058e0   0x00000030   Code   RO          261    i.cJSON_AddNumberToObject  cjson.o
    0x08005910   0x08005910   0x00000030   Code   RO          264    i.cJSON_AddStringToObject  cjson.o
    0x08005940   0x08005940   0x00000078   Code   RO          275    i.cJSON_CreateNumber  cjson.o
    0x080059b8   0x080059b8   0x00000018   Code   RO          276    i.cJSON_CreateObject  cjson.o
    0x080059d0   0x080059d0   0x00000030   Code   RO          279    i.cJSON_CreateString  cjson.o
    0x08005a00   0x08005a00   0x00000048   Code   RO          283    i.cJSON_Delete      cjson.o
    0x08005a48   0x08005a48   0x00000020   Code   RO          295    i.cJSON_GetNumberValue  cjson.o
    0x08005a68   0x08005a68   0x00000006   Code   RO          296    i.cJSON_GetObjectItem  cjson.o
    0x08005a6e   0x08005a6e   0x00000010   Code   RO          298    i.cJSON_GetStringValue  cjson.o
    0x08005a7e   0x08005a7e   0x00000012   Code   RO          307    i.cJSON_IsNumber    cjson.o
    0x08005a90   0x08005a90   0x00000012   Code   RO          310    i.cJSON_IsString    cjson.o
    0x08005aa2   0x08005aa2   0x00000016   Code   RO          313    i.cJSON_New_Item    cjson.o
    0x08005ab8   0x08005ab8   0x00000008   Code   RO          315    i.cJSON_ParseWithLength  cjson.o
    0x08005ac0   0x08005ac0   0x000000dc   Code   RO          316    i.cJSON_ParseWithLengthOpts  cjson.o
    0x08005b9c   0x08005b9c   0x0000000c   Code   RO          318    i.cJSON_Print       cjson.o
    0x08005ba8   0x08005ba8   0x00000028   Code   RO          331    i.cJSON_strdup      cjson.o
    0x08005bd0   0x08005bd0   0x000000b8   Code   RO          332    i.compare_double    cjson.o
    0x08005c88   0x08005c88   0x00000030   Code   RO         5763    i.eTaskConfirmSleepModeStatus  tasks.o
    0x08005cb8   0x08005cb8   0x0000008a   Code   RO          334    i.ensure            cjson.o
    0x08005d42   0x08005d42   0x00000002   PAD
    0x08005d44   0x08005d44   0x00000018   Code   RO         1434    i.fputc             usart.o
    0x08005d5c   0x08005d5c   0x0000007a   Code   RO          336    i.get_object_item   cjson.o
    0x08005dd6   0x08005dd6   0x00000002   PAD
    0x08005dd8   0x08005dd8   0x00000050   Code   RO         7272    i.internal_alloc    mc_w.l(mallocr.o)
    0x08005e28   0x08005e28   0x00000036   Code   RO         1076    i.main              main.o
    0x08005e5e   0x08005e5e   0x0000001a   Code   RO         6322    i.osDelay           cmsis_os2.o
    0x08005e78   0x08005e78   0x00000020   Code   RO         6331    i.osKernelGetState  cmsis_os2.o
    0x08005e98   0x08005e98   0x0000000e   Code   RO         6334    i.osKernelGetTickCount  cmsis_os2.o
    0x08005ea6   0x08005ea6   0x00000002   PAD
    0x08005ea8   0x08005ea8   0x00000024   Code   RO         6336    i.osKernelInitialize  cmsis_os2.o
    0x08005ecc   0x08005ecc   0x00000038   Code   RO         6339    i.osKernelStart     cmsis_os2.o
    0x08005f04   0x08005f04   0x00000064   Code   RO         6351    i.osMessageQueueGet  cmsis_os2.o
    0x08005f68   0x08005f68   0x00000058   Code   RO         6356    i.osMessageQueueNew  cmsis_os2.o
    0x08005fc0   0x08005fc0   0x00000068   Code   RO         6357    i.osMessageQueuePut  cmsis_os2.o
    0x08006028   0x08006028   0x00000052   Code   RO         6359    i.osMutexAcquire    cmsis_os2.o
    0x0800607a   0x0800607a   0x00000068   Code   RO         6362    i.osMutexNew        cmsis_os2.o
    0x080060e2   0x080060e2   0x00000042   Code   RO         6363    i.osMutexRelease    cmsis_os2.o
    0x08006124   0x08006124   0x0000008a   Code   RO         6381    i.osThreadNew       cmsis_os2.o
    0x080061ae   0x080061ae   0x000000d0   Code   RO          338    i.parse_array       cjson.o
    0x0800627e   0x0800627e   0x00000040   Code   RO          339    i.parse_hex4        cjson.o
    0x080062be   0x080062be   0x00000002   PAD
    0x080062c0   0x080062c0   0x00000100   Code   RO          340    i.parse_number      cjson.o
    0x080063c0   0x080063c0   0x0000010a   Code   RO          341    i.parse_object      cjson.o
    0x080064ca   0x080064ca   0x0000010c   Code   RO          342    i.parse_string      cjson.o
    0x080065d6   0x080065d6   0x00000002   PAD
    0x080065d8   0x080065d8   0x000000fc   Code   RO          343    i.parse_value       cjson.o
    0x080066d4   0x080066d4   0x00000098   Code   RO          344    i.print             cjson.o
    0x0800676c   0x0800676c   0x00000096   Code   RO          345    i.print_array       cjson.o
    0x08006802   0x08006802   0x00000002   PAD
    0x08006804   0x08006804   0x00000130   Code   RO          346    i.print_number      cjson.o
    0x08006934   0x08006934   0x00000140   Code   RO          347    i.print_object      cjson.o
    0x08006a74   0x08006a74   0x00000110   Code   RO          348    i.print_string_ptr  cjson.o
    0x08006b84   0x08006b84   0x000000d0   Code   RO          349    i.print_value       cjson.o
    0x08006c54   0x08006c54   0x0000005c   Code   RO         5766    i.prvAddCurrentTaskToDelayedList  tasks.o
    0x08006cb0   0x08006cb0   0x000000d0   Code   RO         5767    i.prvAddNewTaskToReadyList  tasks.o
    0x08006d80   0x08006d80   0x00000058   Code   RO         6147    i.prvCheckForValidListAndQueue  timers.o
    0x08006dd8   0x08006dd8   0x00000026   Code   RO         5365    i.prvCopyDataFromQueue  queue.o
    0x08006dfe   0x08006dfe   0x0000006c   Code   RO         5366    i.prvCopyDataToQueue  queue.o
    0x08006e6a   0x08006e6a   0x00000034   Code   RO         5768    i.prvDeleteTCB      tasks.o
    0x08006e9e   0x08006e9e   0x00000002   PAD
    0x08006ea0   0x08006ea0   0x00000030   Code   RO         5769    i.prvGetExpectedIdleTime  tasks.o
    0x08006ed0   0x08006ed0   0x0000004c   Code   RO         6828    i.prvHeapInit       heap_4.o
    0x08006f1c   0x08006f1c   0x00000090   Code   RO         5770    i.prvIdleTask       tasks.o
    0x08006fac   0x08006fac   0x00000016   Code   RO         5367    i.prvInitialiseMutex  queue.o
    0x08006fc2   0x08006fc2   0x00000002   PAD
    0x08006fc4   0x08006fc4   0x00000022   Code   RO         5368    i.prvInitialiseNewQueue  queue.o
    0x08006fe6   0x08006fe6   0x00000002   PAD
    0x08006fe8   0x08006fe8   0x000000b0   Code   RO         5771    i.prvInitialiseNewTask  tasks.o
    0x08007098   0x08007098   0x0000004c   Code   RO         6829    i.prvInsertBlockIntoFreeList  heap_4.o
    0x080070e4   0x080070e4   0x00000038   Code   RO         6149    i.prvInsertTimerInActiveList  timers.o
    0x0800711c   0x0800711c   0x0000001c   Code   RO         5369    i.prvIsQueueEmpty   queue.o
    0x08007138   0x08007138   0x000000fc   Code   RO         6150    i.prvProcessReceivedCommands  timers.o
    0x08007234   0x08007234   0x000000c0   Code   RO         6151    i.prvProcessTimerOrBlockTask  timers.o
    0x080072f4   0x080072f4   0x00000020   Code   RO         5773    i.prvResetNextTaskUnblockTime  tasks.o
    0x08007314   0x08007314   0x00000028   Code   RO         6152    i.prvSampleTimeNow  timers.o
    0x0800733c   0x0800733c   0x0000006c   Code   RO         6153    i.prvSwitchTimerLists  timers.o
    0x080073a8   0x080073a8   0x00000028   Code   RO         6884    i.prvTaskExitError  port.o
    0x080073d0   0x080073d0   0x00000024   Code   RO         6154    i.prvTimerTask      timers.o
    0x080073f4   0x080073f4   0x0000006a   Code   RO         5370    i.prvUnlockQueue    queue.o
    0x0800745e   0x0800745e   0x00000002   PAD
    0x08007460   0x08007460   0x000000dc   Code   RO         6830    i.pvPortMalloc      heap_4.o
    0x0800753c   0x0800753c   0x00000018   Code   RO         5776    i.pvTaskIncrementMutexHeldCount  tasks.o
    0x08007554   0x08007554   0x0000002c   Code   RO         6885    i.pxPortInitialiseStack  port.o
    0x08007580   0x08007580   0x00000094   Code   RO           14    i.readADC           cmd.o
    0x08007614   0x08007614   0x0000002c   Code   RO         1257    i.read_adc          adc.o
    0x08007640   0x08007640   0x0000006c   Code   RO         7273    i.realloc           mc_w.l(mallocr.o)
    0x080076ac   0x080076ac   0x00000040   Code   RO           15    i.reboot            cmd.o
    0x080076ec   0x080076ec   0x00000110   Code   RO           16    i.sum               cmd.o
    0x080077fc   0x080077fc   0x000000b0   Code   RO           17    i.switch12V         cmd.o
    0x080078ac   0x080078ac   0x0000011c   Code   RO           18    i.timeRTC           cmd.o
    0x080079c8   0x080079c8   0x0000001c   Code   RO          351    i.update_offset     cjson.o
    0x080079e4   0x080079e4   0x000000d2   Code   RO          352    i.utf16_literal_to_utf8  cjson.o
    0x08007ab6   0x08007ab6   0x00000026   Code   RO         5325    i.uxListRemove      list.o
    0x08007adc   0x08007adc   0x00000014   Code   RO         6393    i.vApplicationGetIdleTaskMemory  cmsis_os2.o
    0x08007af0   0x08007af0   0x00000018   Code   RO         6394    i.vApplicationGetTimerTaskMemory  cmsis_os2.o
    0x08007b08   0x08007b08   0x00000016   Code   RO         5326    i.vListInitialise   list.o
    0x08007b1e   0x08007b1e   0x00000006   Code   RO         5327    i.vListInitialiseItem  list.o
    0x08007b24   0x08007b24   0x00000030   Code   RO         5328    i.vListInsert       list.o
    0x08007b54   0x08007b54   0x00000018   Code   RO         5329    i.vListInsertEnd    list.o
    0x08007b6c   0x08007b6c   0x00000040   Code   RO         6887    i.vPortEnterCritical  port.o
    0x08007bac   0x08007bac   0x00000028   Code   RO         6888    i.vPortExitCritical  port.o
    0x08007bd4   0x08007bd4   0x00000064   Code   RO         6831    i.vPortFree         heap_4.o
    0x08007c38   0x08007c38   0x00000048   Code   RO         6889    i.vPortSetupTimerInterrupt  port.o
    0x08007c80   0x08007c80   0x000000d8   Code   RO         6890    i.vPortSuppressTicksAndSleep  port.o
    0x08007d58   0x08007d58   0x00000054   Code   RO         6891    i.vPortValidateInterruptPriority  port.o
    0x08007dac   0x08007dac   0x00000028   Code   RO         5376    i.vQueueAddToRegistry  queue.o
    0x08007dd4   0x08007dd4   0x00000044   Code   RO         5380    i.vQueueWaitForMessageRestricted  queue.o
    0x08007e18   0x08007e18   0x0000004c   Code   RO         5786    i.vTaskDelay        tasks.o
    0x08007e64   0x08007e64   0x00000010   Code   RO         5791    i.vTaskInternalSetTimeOutState  tasks.o
    0x08007e74   0x08007e74   0x0000000c   Code   RO         5792    i.vTaskMissedYield  tasks.o
    0x08007e80   0x08007e80   0x00000030   Code   RO         5794    i.vTaskPlaceOnEventList  tasks.o
    0x08007eb0   0x08007eb0   0x00000038   Code   RO         5795    i.vTaskPlaceOnEventListRestricted  tasks.o
    0x08007ee8   0x08007ee8   0x00000090   Code   RO         5797    i.vTaskPriorityDisinheritAfterTimeout  tasks.o
    0x08007f78   0x08007f78   0x00000088   Code   RO         5803    i.vTaskStartScheduler  tasks.o
    0x08008000   0x08008000   0x00000028   Code   RO         5804    i.vTaskStepTick     tasks.o
    0x08008028   0x08008028   0x00000010   Code   RO         5806    i.vTaskSuspendAll   tasks.o
    0x08008038   0x08008038   0x00000064   Code   RO         5807    i.vTaskSwitchContext  tasks.o
    0x0800809c   0x0800809c   0x000000f4   Code   RO         6892    i.xPortStartScheduler  port.o
    0x08008190   0x08008190   0x0000002c   Code   RO         6893    i.xPortSysTickHandler  port.o
    0x080081bc   0x080081bc   0x00000016   Code   RO         5383    i.xQueueCreateMutex  queue.o
    0x080081d2   0x080081d2   0x0000001a   Code   RO         5384    i.xQueueCreateMutexStatic  queue.o
    0x080081ec   0x080081ec   0x00000042   Code   RO         5385    i.xQueueGenericCreate  queue.o
    0x0800822e   0x0800822e   0x00000066   Code   RO         5386    i.xQueueGenericCreateStatic  queue.o
    0x08008294   0x08008294   0x00000088   Code   RO         5387    i.xQueueGenericReset  queue.o
    0x0800831c   0x0800831c   0x00000160   Code   RO         5388    i.xQueueGenericSend  queue.o
    0x0800847c   0x0800847c   0x000000be   Code   RO         5389    i.xQueueGenericSendFromISR  queue.o
    0x0800853a   0x0800853a   0x0000003e   Code   RO         5393    i.xQueueGiveMutexRecursive  queue.o
    0x08008578   0x08008578   0x00000138   Code   RO         5398    i.xQueueReceive     queue.o
    0x080086b0   0x080086b0   0x0000009a   Code   RO         5399    i.xQueueReceiveFromISR  queue.o
    0x0800874a   0x0800874a   0x00000002   PAD
    0x0800874c   0x0800874c   0x00000178   Code   RO         5400    i.xQueueSemaphoreTake  queue.o
    0x080088c4   0x080088c4   0x00000040   Code   RO         5401    i.xQueueTakeMutexRecursive  queue.o
    0x08008904   0x08008904   0x00000074   Code   RO         5809    i.xTaskCheckForTimeOut  tasks.o
    0x08008978   0x08008978   0x0000005a   Code   RO         5810    i.xTaskCreate       tasks.o
    0x080089d2   0x080089d2   0x00000056   Code   RO         5811    i.xTaskCreateStatic  tasks.o
    0x08008a28   0x08008a28   0x0000000c   Code   RO         5814    i.xTaskGetCurrentTaskHandle  tasks.o
    0x08008a34   0x08008a34   0x0000001c   Code   RO         5815    i.xTaskGetSchedulerState  tasks.o
    0x08008a50   0x08008a50   0x0000000c   Code   RO         5816    i.xTaskGetTickCount  tasks.o
    0x08008a5c   0x08008a5c   0x00000010   Code   RO         5817    i.xTaskGetTickCountFromISR  tasks.o
    0x08008a6c   0x08008a6c   0x000000c8   Code   RO         5818    i.xTaskIncrementTick  tasks.o
    0x08008b34   0x08008b34   0x00000080   Code   RO         5821    i.xTaskPriorityDisinherit  tasks.o
    0x08008bb4   0x08008bb4   0x00000078   Code   RO         5822    i.xTaskPriorityInherit  tasks.o
    0x08008c2c   0x08008c2c   0x00000078   Code   RO         5823    i.xTaskRemoveFromEventList  tasks.o
    0x08008ca4   0x08008ca4   0x000000c4   Code   RO         5824    i.xTaskResumeAll    tasks.o
    0x08008d68   0x08008d68   0x00000060   Code   RO         6163    i.xTimerCreateTimerTask  timers.o
    0x08008dc8   0x08008dc8   0x00000068   Code   RO         6164    i.xTimerGenericCommand  timers.o
    0x08008e30   0x08008e30   0x00000028   Data   RO           20    .constdata          cmd.o
    0x08008e58   0x08008e58   0x00000070   Data   RO         1200    .constdata          freertos.o
    0x08008ec8   0x08008ec8   0x00000014   Data   RO         1739    .constdata          sd_diskio.o
    0x08008edc   0x08008edc   0x00000008   Data   RO         2621    .constdata          stm32f4xx_hal_dma.o
    0x08008ee4   0x08008ee4   0x00000010   Data   RO         4609    .constdata          system_stm32f4xx.o
    0x08008ef4   0x08008ef4   0x00000008   Data   RO         4610    .constdata          system_stm32f4xx.o
    0x08008efc   0x08008efc   0x00000040   Data   RO         7367    .constdata          mc_w.l(ctype_c.o)
    0x08008f3c   0x08008f3c   0x00000027   Data   RO           21    .conststring        cmd.o
    0x08008f63   0x08008f63   0x00000001   PAD
    0x08008f64   0x08008f64   0x00000027   Data   RO         1201    .conststring        freertos.o
    0x08008f8b   0x08008f8b   0x00000001   PAD
    0x08008f8c   0x08008f8c   0x00000020   Data   RO         7369    Region$$Table       anon$$obj.o


    Execution Region RW_IRAM1 (Exec base: 0x20000000, Load base: 0x08008fac, Size: 0x00009e20, Max: 0x0001c000, ABSOLUTE)

    Exec Addr    Load Addr    Size         Type   Attr      Idx    E Section Name        Object

    0x20000000   0x08008fac   0x00000014   Data   RW          354    .data               cjson.o
    0x20000014   0x08008fc0   0x00000010   Data   RW         1205    .data               freertos.o
    0x20000024   0x08008fd0   0x00000004   Data   RW         1333    .data               rtc.o
    0x20000028   0x08008fd4   0x00000001   Data   RW         1436    .data               usart.o
    0x20000029   0x08008fd5   0x00000003   PAD
    0x2000002c   0x08008fd8   0x00000008   Data   RW         1740    .data               sd_diskio.o
    0x20000034   0x08008fe0   0x00000005   Data   RW         1835    .data               fatfs.o
    0x20000039   0x08008fe5   0x00000003   PAD
    0x2000003c   0x08008fe8   0x0000000c   Data   RW         3066    .data               stm32f4xx_hal.o
    0x20000048   0x08008ff4   0x00000004   Data   RW         4611    .data               system_stm32f4xx.o
    0x2000004c   0x08008ff8   0x0000003c   Data   RW         5827    .data               tasks.o
    0x20000088   0x08009034   0x00000014   Data   RW         6172    .data               timers.o
    0x2000009c   0x08009048   0x00000004   Data   RW         6396    .data               cmsis_os2.o
    0x200000a0   0x0800904c   0x00000020   Data   RW         6837    .data               heap_4.o
    0x200000c0   0x0800906c   0x00000018   Data   RW         6894    .data               port.o
    0x200000d8   0x08009084   0x00000004   Data   RW         7330    .data               mc_w.l(stdout.o)
    0x200000dc   0x08009088   0x00000004   Data   RW         7339    .data               mc_w.l(mvars.o)
    0x200000e0   0x0800908c   0x00000004   Data   RW         7340    .data               mc_w.l(mvars.o)
    0x200000e4        -       0x00000102   Zero   RW           19    .bss                cmd.o
    0x200001e6   0x08009090   0x00000002   PAD
    0x200001e8        -       0x00000048   Zero   RW         1258    .bss                adc.o
    0x20000230        -       0x00000034   Zero   RW         1332    .bss                rtc.o
    0x20000264        -       0x00000144   Zero   RW         1390    .bss                sdio.o
    0x200003a8        -       0x00000194   Zero   RW         1435    .bss                usart.o
    0x2000053c        -       0x0000000c   Zero   RW         5071    .bss                ff_gen_drv.o
    0x20000548        -       0x00000040   Zero   RW         5402    .bss                queue.o
    0x20000588        -       0x000004c4   Zero   RW         5826    .bss                tasks.o
    0x20000a4c        -       0x00000118   Zero   RW         6171    .bss                timers.o
    0x20000b64        -       0x000006b8   Zero   RW         6395    .bss                cmsis_os2.o
    0x2000121c        -       0x00003c00   Zero   RW         6836    .bss                heap_4.o
    0x20004e1c   0x08009090   0x00000004   PAD
    0x20004e20        -       0x00004000   Zero   RW            2    HEAP                startup_stm32f407xx.o
    0x20008e20        -       0x00001000   Zero   RW            1    STACK               startup_stm32f407xx.o


    Execution Region RW_IRAM2 (Exec base: 0x2001c000, Load base: 0x08009090, Size: 0x00000000, Max: 0x00004000, ABSOLUTE)

    **** No section assigned to this execution region ****


==============================================================================

Image component sizes


      Code (inc. data)   RO Data    RW Data    ZI Data      Debug   Object Name

       244         30          0          0         72       2208   adc.o
       192         22          0          0          0       6034   bsp_driver_sd.o
      4334        218          0         20          0      38999   cjson.o
      1200        330         79          0        258     745824   cmd.o
       890         34          0          4       1720      71746   cmsis_os2.o
        60          4          0          0          0        774   dma.o
         0          0          0          0          0      19328   event_groups.o
        28         10          0          5          0       1034   fatfs.o
        24          4          0          0          0        561   fatfs_platform.o
        70          6          0          0         12       1615   ff_gen_drv.o
       296         48        151         16          0       3671   freertos.o
       180         12          0          0          0       1003   gpio.o
       472         24          0         32      15360       4835   heap_4.o
       138          0          0          0          0       3510   list.o
       206         10          0          0          0       7884   main.o
      1038         90          0         24          0      12774   port.o
      2306         24          0          0         64      25359   queue.o
       426         34          0          4         52       3803   rtc.o
       488         34         20          8          0       6721   sd_diskio.o
       392         34          0          0        324       1927   sdio.o
        36          8        392          0      20480        832   startup_stm32f407xx.o
       180         28          0         12          0       9369   stm32f4xx_hal.o
      1144         52          0          0          0       5809   stm32f4xx_hal_adc.o
       234         24          0          0          0      34390   stm32f4xx_hal_cortex.o
      1088         16          8          0          0       7881   stm32f4xx_hal_dma.o
       532         46          0          0          0       3476   stm32f4xx_hal_gpio.o
        56          4          0          0          0        858   stm32f4xx_hal_msp.o
      1344         72          0          0          0       5208   stm32f4xx_hal_rcc.o
       316         20          0          0          0       1376   stm32f4xx_hal_rcc_ex.o
       862         36          0          0          0       8129   stm32f4xx_hal_rtc.o
        20          0          0          0          0       1699   stm32f4xx_hal_rtc_ex.o
      3006         70          0          0          0      16523   stm32f4xx_hal_sd.o
      1642         16          0          0          0      11368   stm32f4xx_hal_uart.o
        96         30          0          0          0       5617   stm32f4xx_it.o
      1668         48          0          0          0      23447   stm32f4xx_ll_sdmmc.o
        16          4         24          4          0       1115   system_stm32f4xx.o
      2592        226          0         60       1220      32830   tasks.o
       972         80          0         20        280      31947   timers.o
       464         60          0          1        404       4143   usart.o

    ----------------------------------------------------------------------
     29304       1808        708        216      40252    1165627   Object Totals
         0          0         32          0          0          0   (incl. Generated)
        52          0          2          6          6          0   (incl. Padding)

    ----------------------------------------------------------------------

      Code (inc. data)   RO Data    RW Data    ZI Data      Debug   Library Member Name

        20          0          0          0          0        124   fabs.o
        40         10          0          0          0        128   strtod.o
        56          8          0          0          0         84   __0sscanf.o
       816          6          0          0          0        112   _scanf.o
        64          0          0          0          0         84   _sgetc.o
        40          6         64          0          0         68   ctype_c.o
         0          0          0          0          0          0   entry.o
         0          0          0          0          0          0   entry10a.o
         0          0          0          0          0          0   entry11a.o
         4          0          0          0          0          0   entry12b.o
         8          4          0          0          0          0   entry2.o
         4          0          0          0          0          0   entry5.o
         0          0          0          0          0          0   entry7b.o
         0          0          0          0          0          0   entry8b.o
         8          4          0          0          0          0   entry9a.o
        30          0          0          0          0          0   handlers.o
        36          8          0          0          0         68   init.o
        10          0          0          0          0         68   isspace_c.o
         0          0          0          0          0          0   iusefp.o
        30          0          0          0          0         68   llshl.o
        36          0          0          0          0         68   llsshr.o
        32          0          0          0          0         68   llushr.o
       360         30          0          0          0        356   mallocr.o
        36          0          0          0          0         68   memcpya.o
        36          0          0          0          0        108   memseta.o
         0          0          0          8          0          0   mvars.o
      2268         96          0          0          0        616   printfa.o
        40          8          0          0          0         84   scanf_char.o
       878         12          0          0          0        216   scanf_fp.o
         0          0          0          4          0          0   stdout.o
        28          0          0          0          0         76   strcmp.o
        18          0          0          0          0         68   strcpy.o
        14          0          0          0          0         68   strlen.o
        30          0          0          0          0         80   strncmp.o
       156         12          0          0          0        120   strtod.o
        12          0          0          0          0         68   tolower.o
        44          0          0          0          0         80   uidiv.o
        98          0          0          0          0         92   uldiv.o
        48          0          0          0          0         68   cdcmple.o
        48          0          0          0          0         68   cdrcmple.o
        56          0          0          0          0         88   d2f.o
       334          0          0          0          0        148   dadd.o
       222          0          0          0          0        100   ddiv.o
       186          0          0          0          0        176   depilogue.o
        62          0          0          0          0         80   dfixi.o
        48          0          0          0          0         68   dfixul.o
        34          0          0          0          0         76   dflti.o
        24          0          0          0          0         76   dfltul.o
       228          0          0          0          0         96   dmul.o
        38          0          0          0          0         68   f2d.o
       110          0          0          0          0        168   fepilogue.o

    ----------------------------------------------------------------------
      6704        204         64         12          0       4320   Library Totals
        14          0          0          0          0          0   (incl. Padding)

    ----------------------------------------------------------------------

      Code (inc. data)   RO Data    RW Data    ZI Data      Debug   Library Name

        60         10          0          0          0        252   m_wm.l
      5192        194         64         12          0       2788   mc_w.l
      1438          0          0          0          0       1280   mf_w.l

    ----------------------------------------------------------------------
      6704        204         64         12          0       4320   Library Totals

    ----------------------------------------------------------------------

==============================================================================


      Code (inc. data)   RO Data    RW Data    ZI Data      Debug   

     36008       2012        772        228      40252    1138015   Grand Totals
     36008       2012        772        228      40252    1138015   ELF Image Totals
     36008       2012        772        228          0          0   ROM Totals

==============================================================================

    Total RO  Size (Code + RO Data)                36780 (  35.92kB)
    Total RW  Size (RW Data + ZI Data)             40480 (  39.53kB)
    Total ROM Size (Code + RO Data + RW Data)      37008 (  36.14kB)

==============================================================================

